-- The C compiler identification is GNU 11.4.0
-- The CXX compiler identification is GNU 11.4.0
-- Detecting C compiler ABI info
-- Detecting C compiler ABI info - done
-- Check for working C compiler: /usr/lib/ccache/cc - skipped
-- Detecting C compile features
-- Detecting C compile features - done
-- Detecting CXX compiler ABI info
-- Detecting CXX compiler ABI info - done
-- Check for working CXX compiler: /usr/lib/ccache/c++ - skipped
-- Detecting CXX compile features
-- Detecting CXX compile features - done
-- Found ament_cmake: 1.3.12 (/opt/ros/humble/share/ament_cmake/cmake)
-- Found Python3: /usr/bin/python3 (found version "3.10.12") found components: Interpreter 
-- Found rosidl_default_generators: 1.2.0 (/opt/ros/humble/share/rosidl_default_generators/cmake)
-- Using all available rosidl_typesupport_c: rosidl_typesupport_fastrtps_c;rosidl_typesupport_introspection_c
-- Found rosidl_adapter: 3.1.8 (/opt/ros/humble/share/rosidl_adapter/cmake)
-- Using all available rosidl_typesupport_cpp: rosidl_typesupport_fastrtps_cpp;rosidl_typesupport_introspection_cpp
-- Found std_msgs: 4.9.0 (/opt/ros/humble/share/std_msgs/cmake)
-- Found ament_cmake_ros: 0.10.0 (/opt/ros/humble/share/ament_cmake_ros/cmake)
-- Using all available rosidl_typesupport_c: rosidl_typesupport_fastrtps_c;rosidl_typesupport_introspection_c
-- Using all available rosidl_typesupport_cpp: rosidl_typesupport_fastrtps_cpp;rosidl_typesupport_introspection_cpp
-- Found PythonInterp: /usr/bin/python3 (found suitable version "3.10.12", minimum required is "3.6") 
-- Found python_cmake_module: 0.10.0 (/opt/ros/humble/share/python_cmake_module/cmake)
-- Found PythonLibs: /usr/lib/x86_64-linux-gnu/libpython3.10.so (found suitable version "3.10.12", minimum required is "3.5") 
-- Using PYTHON_EXECUTABLE: /usr/bin/python3
-- Using PYTHON_INCLUDE_DIRS: /usr/include/python3.10
-- Using PYTHON_LIBRARIES: /usr/lib/x86_64-linux-gnu/libpython3.10.so
-- Found PythonExtra: .so  
-- Configuring done
-- Generating done
-- Build files have been written to: /home/kushion/Documents/OpenMantaClaus/build/interfaces
[  1%] [34m[1mGenerating C code for ROS interfaces[0m
[  2%] [34m[1mGenerating C++ code for ROS interfaces[0m
[  2%] Built target ament_cmake_python_copy_interfaces
running egg_info
creating interfaces.egg-info
writing interfaces.egg-info/PKG-INFO
writing dependency_links to interfaces.egg-info/dependency_links.txt
writing top-level names to interfaces.egg-info/top_level.txt
writing manifest file 'interfaces.egg-info/SOURCES.txt'
reading manifest file 'interfaces.egg-info/SOURCES.txt'
writing manifest file 'interfaces.egg-info/SOURCES.txt'
[  2%] Built target ament_cmake_python_build_interfaces_egg
[  2%] Built target interfaces__cpp
[  7%] [34m[1mGenerating C++ introspection for ROS interfaces[0m
[  7%] [34m[1mGenerating C++ type support for eProsima Fast-RTPS[0m
[  7%] [34m[1mGenerating C++ type support dispatch for ROS interfaces[0m
[ 11%] [32mBuilding C object CMakeFiles/interfaces__rosidl_generator_c.dir/rosidl_generator_c/interfaces/srv/detail/task_command__functions.c.o[0m
[ 11%] [32mBuilding C object CMakeFiles/interfaces__rosidl_generator_c.dir/rosidl_generator_c/interfaces/msg/detail/feature_observations__functions.c.o[0m
[ 11%] [32mBuilding C object CMakeFiles/interfaces__rosidl_generator_c.dir/rosidl_generator_c/interfaces/msg/detail/task_status__functions.c.o[0m
[ 12%] [32mBuilding C object CMakeFiles/interfaces__rosidl_generator_c.dir/rosidl_generator_c/interfaces/msg/detail/feature_observation__functions.c.o[0m
[ 14%] [32mBuilding C object CMakeFiles/interfaces__rosidl_generator_c.dir/rosidl_generator_c/interfaces/srv/detail/setup__functions.c.o[0m
[ 15%] [32mBuilding C object CMakeFiles/interfaces__rosidl_generator_c.dir/rosidl_generator_c/interfaces/srv/detail/task_complete__functions.c.o[0m
[ 16%] [32m[1mLinking C shared library libinterfaces__rosidl_generator_c.so[0m
[ 16%] Built target interfaces__rosidl_generator_c
[ 18%] [34m[1mGenerating C type support dispatch for ROS interfaces[0m
[ 21%] [34m[1mGenerating C type support for eProsima Fast-RTPS[0m
[ 21%] [34m[1mGenerating C introspection for ROS interfaces[0m
[ 22%] [32mBuilding CXX object CMakeFiles/interfaces__rosidl_typesupport_cpp.dir/rosidl_typesupport_cpp/interfaces/srv/setup__type_support.cpp.o[0m
[ 28%] [32mBuilding CXX object CMakeFiles/interfaces__rosidl_typesupport_cpp.dir/rosidl_typesupport_cpp/interfaces/msg/feature_observations__type_support.cpp.o[0m
[ 28%] [32mBuilding CXX object CMakeFiles/interfaces__rosidl_typesupport_cpp.dir/rosidl_typesupport_cpp/interfaces/msg/feature_observation__type_support.cpp.o[0m
[ 28%] [32mBuilding CXX object CMakeFiles/interfaces__rosidl_typesupport_cpp.dir/rosidl_typesupport_cpp/interfaces/msg/task_status__type_support.cpp.o[0m
[ 28%] [32mBuilding CXX object CMakeFiles/interfaces__rosidl_typesupport_cpp.dir/rosidl_typesupport_cpp/interfaces/srv/task_command__type_support.cpp.o[0m
[ 29%] [32mBuilding CXX object CMakeFiles/interfaces__rosidl_typesupport_cpp.dir/rosidl_typesupport_cpp/interfaces/srv/task_complete__type_support.cpp.o[0m
[ 30%] [32mBuilding CXX object CMakeFiles/interfaces__rosidl_typesupport_introspection_cpp.dir/rosidl_typesupport_introspection_cpp/interfaces/srv/detail/setup__type_support.cpp.o[0m
[ 32%] [32mBuilding CXX object CMakeFiles/interfaces__rosidl_typesupport_introspection_cpp.dir/rosidl_typesupport_introspection_cpp/interfaces/srv/detail/task_complete__type_support.cpp.o[0m
[ 33%] [32mBuilding CXX object CMakeFiles/interfaces__rosidl_typesupport_introspection_cpp.dir/rosidl_typesupport_introspection_cpp/interfaces/msg/detail/task_status__type_support.cpp.o[0m
[ 35%] [32mBuilding CXX object CMakeFiles/interfaces__rosidl_typesupport_introspection_cpp.dir/rosidl_typesupport_introspection_cpp/interfaces/msg/detail/feature_observation__type_support.cpp.o[0m
[ 36%] [32mBuilding CXX object CMakeFiles/interfaces__rosidl_typesupport_introspection_cpp.dir/rosidl_typesupport_introspection_cpp/interfaces/srv/detail/task_command__type_support.cpp.o[0m
[ 38%] [32mBuilding CXX object CMakeFiles/interfaces__rosidl_typesupport_introspection_cpp.dir/rosidl_typesupport_introspection_cpp/interfaces/msg/detail/feature_observations__type_support.cpp.o[0m
[ 43%] [32mBuilding CXX object CMakeFiles/interfaces__rosidl_typesupport_fastrtps_cpp.dir/rosidl_typesupport_fastrtps_cpp/interfaces/msg/detail/dds_fastrtps/feature_observations__type_support.cpp.o[0m
[ 43%] [32mBuilding CXX object CMakeFiles/interfaces__rosidl_typesupport_fastrtps_cpp.dir/rosidl_typesupport_fastrtps_cpp/interfaces/msg/detail/dds_fastrtps/feature_observation__type_support.cpp.o[0m
[ 43%] [32mBuilding CXX object CMakeFiles/interfaces__rosidl_typesupport_fastrtps_cpp.dir/rosidl_typesupport_fastrtps_cpp/interfaces/msg/detail/dds_fastrtps/task_status__type_support.cpp.o[0m
[ 43%] [32mBuilding CXX object CMakeFiles/interfaces__rosidl_typesupport_fastrtps_cpp.dir/rosidl_typesupport_fastrtps_cpp/interfaces/srv/detail/dds_fastrtps/task_command__type_support.cpp.o[0m
[ 45%] [32mBuilding CXX object CMakeFiles/interfaces__rosidl_typesupport_fastrtps_cpp.dir/rosidl_typesupport_fastrtps_cpp/interfaces/srv/detail/dds_fastrtps/setup__type_support.cpp.o[0m
[ 46%] [32mBuilding CXX object CMakeFiles/interfaces__rosidl_typesupport_fastrtps_cpp.dir/rosidl_typesupport_fastrtps_cpp/interfaces/srv/detail/dds_fastrtps/task_complete__type_support.cpp.o[0m
[ 49%] [32m[1mLinking CXX shared library libinterfaces__rosidl_typesupport_cpp.so[0m
[ 49%] [32mBuilding C object CMakeFiles/interfaces__rosidl_typesupport_introspection_c.dir/rosidl_typesupport_introspection_c/interfaces/msg/detail/feature_observations__type_support.c.o[0m
[ 50%] [32mBuilding C object CMakeFiles/interfaces__rosidl_typesupport_introspection_c.dir/rosidl_typesupport_introspection_c/interfaces/msg/detail/task_status__type_support.c.o[0m
[ 53%] [32mBuilding C object CMakeFiles/interfaces__rosidl_typesupport_introspection_c.dir/rosidl_typesupport_introspection_c/interfaces/msg/detail/feature_observation__type_support.c.o[0m
[ 53%] [32mBuilding C object CMakeFiles/interfaces__rosidl_typesupport_introspection_c.dir/rosidl_typesupport_introspection_c/interfaces/srv/detail/task_command__type_support.c.o[0m
[ 54%] [32mBuilding C object CMakeFiles/interfaces__rosidl_typesupport_introspection_c.dir/rosidl_typesupport_introspection_c/interfaces/srv/detail/setup__type_support.c.o[0m
[ 56%] [32mBuilding C object CMakeFiles/interfaces__rosidl_typesupport_introspection_c.dir/rosidl_typesupport_introspection_c/interfaces/srv/detail/task_complete__type_support.c.o[0m
[ 57%] [32mBuilding CXX object CMakeFiles/interfaces__rosidl_typesupport_c.dir/rosidl_typesupport_c/interfaces/msg/feature_observations__type_support.cpp.o[0m
[ 59%] [32mBuilding CXX object CMakeFiles/interfaces__rosidl_typesupport_c.dir/rosidl_typesupport_c/interfaces/msg/feature_observation__type_support.cpp.o[0m
[ 60%] [32mBuilding CXX object CMakeFiles/interfaces__rosidl_typesupport_fastrtps_c.dir/rosidl_typesupport_fastrtps_c/interfaces/msg/detail/feature_observation__type_support_c.cpp.o[0m
[ 63%] [32mBuilding CXX object CMakeFiles/interfaces__rosidl_typesupport_fastrtps_c.dir/rosidl_typesupport_fastrtps_c/interfaces/msg/detail/task_status__type_support_c.cpp.o[0m
[ 63%] [32mBuilding CXX object CMakeFiles/interfaces__rosidl_typesupport_fastrtps_c.dir/rosidl_typesupport_fastrtps_c/interfaces/msg/detail/feature_observations__type_support_c.cpp.o[0m
[ 64%] [32mBuilding CXX object CMakeFiles/interfaces__rosidl_typesupport_fastrtps_c.dir/rosidl_typesupport_fastrtps_c/interfaces/srv/detail/setup__type_support_c.cpp.o[0m
[ 66%] [32mBuilding CXX object CMakeFiles/interfaces__rosidl_typesupport_c.dir/rosidl_typesupport_c/interfaces/msg/task_status__type_support.cpp.o[0m
[ 67%] [32mBuilding CXX object CMakeFiles/interfaces__rosidl_typesupport_fastrtps_c.dir/rosidl_typesupport_fastrtps_c/interfaces/srv/detail/task_complete__type_support_c.cpp.o[0m
[ 69%] [32mBuilding CXX object CMakeFiles/interfaces__rosidl_typesupport_c.dir/rosidl_typesupport_c/interfaces/srv/setup__type_support.cpp.o[0m
[ 70%] [32mBuilding CXX object CMakeFiles/interfaces__rosidl_typesupport_fastrtps_c.dir/rosidl_typesupport_fastrtps_c/interfaces/srv/detail/task_command__type_support_c.cpp.o[0m
[ 71%] [32mBuilding CXX object CMakeFiles/interfaces__rosidl_typesupport_c.dir/rosidl_typesupport_c/interfaces/srv/task_command__type_support.cpp.o[0m
[ 71%] Built target interfaces__rosidl_typesupport_cpp
[ 73%] [32mBuilding CXX object CMakeFiles/interfaces__rosidl_typesupport_c.dir/rosidl_typesupport_c/interfaces/srv/task_complete__type_support.cpp.o[0m
[ 74%] [32m[1mLinking C shared library libinterfaces__rosidl_typesupport_introspection_c.so[0m
[ 74%] Built target interfaces__rosidl_typesupport_introspection_c
[ 76%] [32m[1mLinking CXX shared library libinterfaces__rosidl_typesupport_c.so[0m
[ 76%] Built target interfaces__rosidl_typesupport_c
[ 77%] [32m[1mLinking CXX shared library libinterfaces__rosidl_typesupport_introspection_cpp.so[0m
[ 77%] Built target interfaces__rosidl_typesupport_introspection_cpp
[ 78%] [32m[1mLinking CXX shared library libinterfaces__rosidl_typesupport_fastrtps_cpp.so[0m
[ 78%] Built target interfaces__rosidl_typesupport_fastrtps_cpp
[ 80%] [32m[1mLinking CXX shared library libinterfaces__rosidl_typesupport_fastrtps_c.so[0m
[ 80%] Built target interfaces__rosidl_typesupport_fastrtps_c
[ 80%] Built target interfaces
[ 81%] [34m[1mGenerating Python code for ROS interfaces[0m
[ 81%] Built target interfaces__py
[ 83%] [32mBuilding C object CMakeFiles/interfaces__rosidl_generator_py.dir/rosidl_generator_py/interfaces/srv/_task_complete_s.c.o[0m
[ 87%] [32mBuilding C object CMakeFiles/interfaces__rosidl_generator_py.dir/rosidl_generator_py/interfaces/msg/_feature_observations_s.c.o[0m
[ 87%] [32mBuilding C object CMakeFiles/interfaces__rosidl_generator_py.dir/rosidl_generator_py/interfaces/srv/_setup_s.c.o[0m
[ 87%] [32mBuilding C object CMakeFiles/interfaces__rosidl_generator_py.dir/rosidl_generator_py/interfaces/srv/_task_command_s.c.o[0m
[ 90%] [32mBuilding C object CMakeFiles/interfaces__rosidl_generator_py.dir/rosidl_generator_py/interfaces/msg/_feature_observation_s.c.o[0m
[ 90%] [32mBuilding C object CMakeFiles/interfaces__rosidl_generator_py.dir/rosidl_generator_py/interfaces/msg/_task_status_s.c.o[0m
[ 91%] [32m[1mLinking C shared library rosidl_generator_py/interfaces/libinterfaces__rosidl_generator_py.so[0m
[ 91%] Built target interfaces__rosidl_generator_py
[ 92%] [32mBuilding C object CMakeFiles/interfaces__rosidl_typesupport_c__pyext.dir/rosidl_generator_py/interfaces/_interfaces_s.ep.rosidl_typesupport_c.c.o[0m
[ 94%] [32mBuilding C object CMakeFiles/interfaces__rosidl_typesupport_fastrtps_c__pyext.dir/rosidl_generator_py/interfaces/_interfaces_s.ep.rosidl_typesupport_fastrtps_c.c.o[0m
[ 95%] [32mBuilding C object CMakeFiles/interfaces__rosidl_typesupport_introspection_c__pyext.dir/rosidl_generator_py/interfaces/_interfaces_s.ep.rosidl_typesupport_introspection_c.c.o[0m
[ 97%] [32m[1mLinking C shared library rosidl_generator_py/interfaces/interfaces_s__rosidl_typesupport_c.cpython-310-x86_64-linux-gnu.so[0m
[ 98%] [32m[1mLinking C shared library rosidl_generator_py/interfaces/interfaces_s__rosidl_typesupport_introspection_c.cpython-310-x86_64-linux-gnu.so[0m
[100%] [32m[1mLinking C shared library rosidl_generator_py/interfaces/interfaces_s__rosidl_typesupport_fastrtps_c.cpython-310-x86_64-linux-gnu.so[0m
[100%] Built target interfaces__rosidl_typesupport_c__pyext
[100%] Built target interfaces__rosidl_typesupport_introspection_c__pyext
[100%] Built target interfaces__rosidl_typesupport_fastrtps_c__pyext
-- Install configuration: ""
-- Installing: /home/kushion/Documents/OpenMantaClaus/install/interfaces/share/ament_index/resource_index/rosidl_interfaces/interfaces
-- Installing: /home/kushion/Documents/OpenMantaClaus/install/interfaces/include/interfaces/interfaces
-- Installing: /home/kushion/Documents/OpenMantaClaus/install/interfaces/include/interfaces/interfaces/srv
-- Installing: /home/kushion/Documents/OpenMantaClaus/install/interfaces/include/interfaces/interfaces/srv/detail
-- Installing: /home/kushion/Documents/OpenMantaClaus/install/interfaces/include/interfaces/interfaces/srv/detail/setup__struct.h
-- Installing: /home/kushion/Documents/OpenMantaClaus/install/interfaces/include/interfaces/interfaces/srv/detail/setup__type_support.h
-- Installing: /home/kushion/Documents/OpenMantaClaus/install/interfaces/include/interfaces/interfaces/srv/detail/task_complete__struct.h
-- Installing: /home/kushion/Documents/OpenMantaClaus/install/interfaces/include/interfaces/interfaces/srv/detail/task_command__functions.c
-- Installing: /home/kushion/Documents/OpenMantaClaus/install/interfaces/include/interfaces/interfaces/srv/detail/setup__functions.h
-- Installing: /home/kushion/Documents/OpenMantaClaus/install/interfaces/include/interfaces/interfaces/srv/detail/task_command__struct.h
-- Installing: /home/kushion/Documents/OpenMantaClaus/install/interfaces/include/interfaces/interfaces/srv/detail/task_complete__type_support.h
-- Installing: /home/kushion/Documents/OpenMantaClaus/install/interfaces/include/interfaces/interfaces/srv/detail/task_command__functions.h
-- Installing: /home/kushion/Documents/OpenMantaClaus/install/interfaces/include/interfaces/interfaces/srv/detail/setup__functions.c
-- Installing: /home/kushion/Documents/OpenMantaClaus/install/interfaces/include/interfaces/interfaces/srv/detail/task_complete__functions.h
-- Installing: /home/kushion/Documents/OpenMantaClaus/install/interfaces/include/interfaces/interfaces/srv/detail/task_complete__functions.c
-- Installing: /home/kushion/Documents/OpenMantaClaus/install/interfaces/include/interfaces/interfaces/srv/detail/task_command__type_support.h
-- Installing: /home/kushion/Documents/OpenMantaClaus/install/interfaces/include/interfaces/interfaces/srv/task_complete.h
-- Installing: /home/kushion/Documents/OpenMantaClaus/install/interfaces/include/interfaces/interfaces/srv/setup.h
-- Installing: /home/kushion/Documents/OpenMantaClaus/install/interfaces/include/interfaces/interfaces/srv/task_command.h
-- Installing: /home/kushion/Documents/OpenMantaClaus/install/interfaces/include/interfaces/interfaces/msg
-- Installing: /home/kushion/Documents/OpenMantaClaus/install/interfaces/include/interfaces/interfaces/msg/rosidl_generator_c__visibility_control.h
-- Installing: /home/kushion/Documents/OpenMantaClaus/install/interfaces/include/interfaces/interfaces/msg/detail
-- Installing: /home/kushion/Documents/OpenMantaClaus/install/interfaces/include/interfaces/interfaces/msg/detail/task_status__type_support.h
-- Installing: /home/kushion/Documents/OpenMantaClaus/install/interfaces/include/interfaces/interfaces/msg/detail/task_status__struct.h
-- Installing: /home/kushion/Documents/OpenMantaClaus/install/interfaces/include/interfaces/interfaces/msg/detail/feature_observations__functions.h
-- Installing: /home/kushion/Documents/OpenMantaClaus/install/interfaces/include/interfaces/interfaces/msg/detail/feature_observation__functions.h
-- Installing: /home/kushion/Documents/OpenMantaClaus/install/interfaces/include/interfaces/interfaces/msg/detail/task_status__functions.c
-- Installing: /home/kushion/Documents/OpenMantaClaus/install/interfaces/include/interfaces/interfaces/msg/detail/feature_observations__functions.c
-- Installing: /home/kushion/Documents/OpenMantaClaus/install/interfaces/include/interfaces/interfaces/msg/detail/feature_observation__struct.h
-- Installing: /home/kushion/Documents/OpenMantaClaus/install/interfaces/include/interfaces/interfaces/msg/detail/feature_observations__struct.h
-- Installing: /home/kushion/Documents/OpenMantaClaus/install/interfaces/include/interfaces/interfaces/msg/detail/feature_observations__type_support.h
-- Installing: /home/kushion/Documents/OpenMantaClaus/install/interfaces/include/interfaces/interfaces/msg/detail/feature_observation__type_support.h
-- Installing: /home/kushion/Documents/OpenMantaClaus/install/interfaces/include/interfaces/interfaces/msg/detail/task_status__functions.h
-- Installing: /home/kushion/Documents/OpenMantaClaus/install/interfaces/include/interfaces/interfaces/msg/detail/feature_observation__functions.c
-- Installing: /home/kushion/Documents/OpenMantaClaus/install/interfaces/include/interfaces/interfaces/msg/feature_observation.h
-- Installing: /home/kushion/Documents/OpenMantaClaus/install/interfaces/include/interfaces/interfaces/msg/task_status.h
-- Installing: /home/kushion/Documents/OpenMantaClaus/install/interfaces/include/interfaces/interfaces/msg/feature_observations.h
-- Installing: /home/kushion/Documents/OpenMantaClaus/install/interfaces/share/interfaces/environment/library_path.sh
-- Installing: /home/kushion/Documents/OpenMantaClaus/install/interfaces/share/interfaces/environment/library_path.dsv
-- Installing: /home/kushion/Documents/OpenMantaClaus/install/interfaces/lib/libinterfaces__rosidl_generator_c.so
-- Set runtime path of "/home/kushion/Documents/OpenMantaClaus/install/interfaces/lib/libinterfaces__rosidl_generator_c.so" to ""
-- Up-to-date: /home/kushion/Documents/OpenMantaClaus/install/interfaces/include/interfaces/interfaces
-- Up-to-date: /home/kushion/Documents/OpenMantaClaus/install/interfaces/include/interfaces/interfaces/srv
-- Up-to-date: /home/kushion/Documents/OpenMantaClaus/install/interfaces/include/interfaces/interfaces/srv/detail
-- Installing: /home/kushion/Documents/OpenMantaClaus/install/interfaces/include/interfaces/interfaces/srv/detail/setup__rosidl_typesupport_fastrtps_c.h
-- Installing: /home/kushion/Documents/OpenMantaClaus/install/interfaces/include/interfaces/interfaces/srv/detail/task_command__rosidl_typesupport_fastrtps_c.h
-- Installing: /home/kushion/Documents/OpenMantaClaus/install/interfaces/include/interfaces/interfaces/srv/detail/task_complete__rosidl_typesupport_fastrtps_c.h
-- Up-to-date: /home/kushion/Documents/OpenMantaClaus/install/interfaces/include/interfaces/interfaces/msg
-- Up-to-date: /home/kushion/Documents/OpenMantaClaus/install/interfaces/include/interfaces/interfaces/msg/detail
-- Installing: /home/kushion/Documents/OpenMantaClaus/install/interfaces/include/interfaces/interfaces/msg/detail/task_status__rosidl_typesupport_fastrtps_c.h
-- Installing: /home/kushion/Documents/OpenMantaClaus/install/interfaces/include/interfaces/interfaces/msg/detail/feature_observations__rosidl_typesupport_fastrtps_c.h
-- Installing: /home/kushion/Documents/OpenMantaClaus/install/interfaces/include/interfaces/interfaces/msg/detail/feature_observation__rosidl_typesupport_fastrtps_c.h
-- Installing: /home/kushion/Documents/OpenMantaClaus/install/interfaces/include/interfaces/interfaces/msg/rosidl_typesupport_fastrtps_c__visibility_control.h
-- Installing: /home/kushion/Documents/OpenMantaClaus/install/interfaces/lib/libinterfaces__rosidl_typesupport_fastrtps_c.so
-- Set runtime path of "/home/kushion/Documents/OpenMantaClaus/install/interfaces/lib/libinterfaces__rosidl_typesupport_fastrtps_c.so" to ""
-- Up-to-date: /home/kushion/Documents/OpenMantaClaus/install/interfaces/include/interfaces/interfaces
-- Up-to-date: /home/kushion/Documents/OpenMantaClaus/install/interfaces/include/interfaces/interfaces/srv
-- Up-to-date: /home/kushion/Documents/OpenMantaClaus/install/interfaces/include/interfaces/interfaces/srv/detail
-- Installing: /home/kushion/Documents/OpenMantaClaus/install/interfaces/include/interfaces/interfaces/srv/detail/task_command__rosidl_typesupport_introspection_c.h
-- Installing: /home/kushion/Documents/OpenMantaClaus/install/interfaces/include/interfaces/interfaces/srv/detail/setup__rosidl_typesupport_introspection_c.h
-- Installing: /home/kushion/Documents/OpenMantaClaus/install/interfaces/include/interfaces/interfaces/srv/detail/task_complete__rosidl_typesupport_introspection_c.h
-- Installing: /home/kushion/Documents/OpenMantaClaus/install/interfaces/include/interfaces/interfaces/srv/detail/task_complete__type_support.c
-- Installing: /home/kushion/Documents/OpenMantaClaus/install/interfaces/include/interfaces/interfaces/srv/detail/setup__type_support.c
-- Installing: /home/kushion/Documents/OpenMantaClaus/install/interfaces/include/interfaces/interfaces/srv/detail/task_command__type_support.c
-- Up-to-date: /home/kushion/Documents/OpenMantaClaus/install/interfaces/include/interfaces/interfaces/msg
-- Installing: /home/kushion/Documents/OpenMantaClaus/install/interfaces/include/interfaces/interfaces/msg/rosidl_typesupport_introspection_c__visibility_control.h
-- Up-to-date: /home/kushion/Documents/OpenMantaClaus/install/interfaces/include/interfaces/interfaces/msg/detail
-- Installing: /home/kushion/Documents/OpenMantaClaus/install/interfaces/include/interfaces/interfaces/msg/detail/task_status__rosidl_typesupport_introspection_c.h
-- Installing: /home/kushion/Documents/OpenMantaClaus/install/interfaces/include/interfaces/interfaces/msg/detail/feature_observations__type_support.c
-- Installing: /home/kushion/Documents/OpenMantaClaus/install/interfaces/include/interfaces/interfaces/msg/detail/feature_observations__rosidl_typesupport_introspection_c.h
-- Installing: /home/kushion/Documents/OpenMantaClaus/install/interfaces/include/interfaces/interfaces/msg/detail/task_status__type_support.c
-- Installing: /home/kushion/Documents/OpenMantaClaus/install/interfaces/include/interfaces/interfaces/msg/detail/feature_observation__rosidl_typesupport_introspection_c.h
-- Installing: /home/kushion/Documents/OpenMantaClaus/install/interfaces/include/interfaces/interfaces/msg/detail/feature_observation__type_support.c
-- Installing: /home/kushion/Documents/OpenMantaClaus/install/interfaces/lib/libinterfaces__rosidl_typesupport_introspection_c.so
-- Set runtime path of "/home/kushion/Documents/OpenMantaClaus/install/interfaces/lib/libinterfaces__rosidl_typesupport_introspection_c.so" to ""
-- Installing: /home/kushion/Documents/OpenMantaClaus/install/interfaces/lib/libinterfaces__rosidl_typesupport_c.so
-- Set runtime path of "/home/kushion/Documents/OpenMantaClaus/install/interfaces/lib/libinterfaces__rosidl_typesupport_c.so" to ""
-- Up-to-date: /home/kushion/Documents/OpenMantaClaus/install/interfaces/include/interfaces/interfaces
-- Up-to-date: /home/kushion/Documents/OpenMantaClaus/install/interfaces/include/interfaces/interfaces/srv
-- Installing: /home/kushion/Documents/OpenMantaClaus/install/interfaces/include/interfaces/interfaces/srv/task_command.hpp
-- Up-to-date: /home/kushion/Documents/OpenMantaClaus/install/interfaces/include/interfaces/interfaces/srv/detail
-- Installing: /home/kushion/Documents/OpenMantaClaus/install/interfaces/include/interfaces/interfaces/srv/detail/task_command__struct.hpp
-- Installing: /home/kushion/Documents/OpenMantaClaus/install/interfaces/include/interfaces/interfaces/srv/detail/setup__builder.hpp
-- Installing: /home/kushion/Documents/OpenMantaClaus/install/interfaces/include/interfaces/interfaces/srv/detail/task_command__builder.hpp
-- Installing: /home/kushion/Documents/OpenMantaClaus/install/interfaces/include/interfaces/interfaces/srv/detail/task_command__type_support.hpp
-- Installing: /home/kushion/Documents/OpenMantaClaus/install/interfaces/include/interfaces/interfaces/srv/detail/setup__traits.hpp
-- Installing: /home/kushion/Documents/OpenMantaClaus/install/interfaces/include/interfaces/interfaces/srv/detail/setup__struct.hpp
-- Installing: /home/kushion/Documents/OpenMantaClaus/install/interfaces/include/interfaces/interfaces/srv/detail/setup__type_support.hpp
-- Installing: /home/kushion/Documents/OpenMantaClaus/install/interfaces/include/interfaces/interfaces/srv/detail/task_complete__struct.hpp
-- Installing: /home/kushion/Documents/OpenMantaClaus/install/interfaces/include/interfaces/interfaces/srv/detail/task_command__traits.hpp
-- Installing: /home/kushion/Documents/OpenMantaClaus/install/interfaces/include/interfaces/interfaces/srv/detail/task_complete__builder.hpp
-- Installing: /home/kushion/Documents/OpenMantaClaus/install/interfaces/include/interfaces/interfaces/srv/detail/task_complete__traits.hpp
-- Installing: /home/kushion/Documents/OpenMantaClaus/install/interfaces/include/interfaces/interfaces/srv/detail/task_complete__type_support.hpp
-- Installing: /home/kushion/Documents/OpenMantaClaus/install/interfaces/include/interfaces/interfaces/srv/task_complete.hpp
-- Installing: /home/kushion/Documents/OpenMantaClaus/install/interfaces/include/interfaces/interfaces/srv/setup.hpp
-- Up-to-date: /home/kushion/Documents/OpenMantaClaus/install/interfaces/include/interfaces/interfaces/msg
-- Installing: /home/kushion/Documents/OpenMantaClaus/install/interfaces/include/interfaces/interfaces/msg/task_status.hpp
-- Up-to-date: /home/kushion/Documents/OpenMantaClaus/install/interfaces/include/interfaces/interfaces/msg/detail
-- Installing: /home/kushion/Documents/OpenMantaClaus/install/interfaces/include/interfaces/interfaces/msg/detail/feature_observation__struct.hpp
-- Installing: /home/kushion/Documents/OpenMantaClaus/install/interfaces/include/interfaces/interfaces/msg/detail/task_status__traits.hpp
-- Installing: /home/kushion/Documents/OpenMantaClaus/install/interfaces/include/interfaces/interfaces/msg/detail/feature_observations__builder.hpp
-- Installing: /home/kushion/Documents/OpenMantaClaus/install/interfaces/include/interfaces/interfaces/msg/detail/feature_observations__traits.hpp
-- Installing: /home/kushion/Documents/OpenMantaClaus/install/interfaces/include/interfaces/interfaces/msg/detail/task_status__builder.hpp
-- Installing: /home/kushion/Documents/OpenMantaClaus/install/interfaces/include/interfaces/interfaces/msg/detail/feature_observation__type_support.hpp
-- Installing: /home/kushion/Documents/OpenMantaClaus/install/interfaces/include/interfaces/interfaces/msg/detail/feature_observation__builder.hpp
-- Installing: /home/kushion/Documents/OpenMantaClaus/install/interfaces/include/interfaces/interfaces/msg/detail/feature_observations__struct.hpp
-- Installing: /home/kushion/Documents/OpenMantaClaus/install/interfaces/include/interfaces/interfaces/msg/detail/feature_observations__type_support.hpp
-- Installing: /home/kushion/Documents/OpenMantaClaus/install/interfaces/include/interfaces/interfaces/msg/detail/task_status__type_support.hpp
-- Installing: /home/kushion/Documents/OpenMantaClaus/install/interfaces/include/interfaces/interfaces/msg/detail/task_status__struct.hpp
-- Installing: /home/kushion/Documents/OpenMantaClaus/install/interfaces/include/interfaces/interfaces/msg/detail/feature_observation__traits.hpp
-- Installing: /home/kushion/Documents/OpenMantaClaus/install/interfaces/include/interfaces/interfaces/msg/feature_observations.hpp
-- Installing: /home/kushion/Documents/OpenMantaClaus/install/interfaces/include/interfaces/interfaces/msg/feature_observation.hpp
-- Installing: /home/kushion/Documents/OpenMantaClaus/install/interfaces/include/interfaces/interfaces/msg/rosidl_generator_cpp__visibility_control.hpp
-- Up-to-date: /home/kushion/Documents/OpenMantaClaus/install/interfaces/include/interfaces/interfaces
-- Up-to-date: /home/kushion/Documents/OpenMantaClaus/install/interfaces/include/interfaces/interfaces/srv
-- Up-to-date: /home/kushion/Documents/OpenMantaClaus/install/interfaces/include/interfaces/interfaces/srv/detail
-- Installing: /home/kushion/Documents/OpenMantaClaus/install/interfaces/include/interfaces/interfaces/srv/detail/task_command__rosidl_typesupport_fastrtps_cpp.hpp
-- Installing: /home/kushion/Documents/OpenMantaClaus/install/interfaces/include/interfaces/interfaces/srv/detail/dds_fastrtps
-- Installing: /home/kushion/Documents/OpenMantaClaus/install/interfaces/include/interfaces/interfaces/srv/detail/setup__rosidl_typesupport_fastrtps_cpp.hpp
-- Installing: /home/kushion/Documents/OpenMantaClaus/install/interfaces/include/interfaces/interfaces/srv/detail/task_complete__rosidl_typesupport_fastrtps_cpp.hpp
-- Up-to-date: /home/kushion/Documents/OpenMantaClaus/install/interfaces/include/interfaces/interfaces/msg
-- Up-to-date: /home/kushion/Documents/OpenMantaClaus/install/interfaces/include/interfaces/interfaces/msg/detail
-- Installing: /home/kushion/Documents/OpenMantaClaus/install/interfaces/include/interfaces/interfaces/msg/detail/task_status__rosidl_typesupport_fastrtps_cpp.hpp
-- Installing: /home/kushion/Documents/OpenMantaClaus/install/interfaces/include/interfaces/interfaces/msg/detail/feature_observation__rosidl_typesupport_fastrtps_cpp.hpp
-- Installing: /home/kushion/Documents/OpenMantaClaus/install/interfaces/include/interfaces/interfaces/msg/detail/feature_observations__rosidl_typesupport_fastrtps_cpp.hpp
-- Installing: /home/kushion/Documents/OpenMantaClaus/install/interfaces/include/interfaces/interfaces/msg/detail/dds_fastrtps
-- Installing: /home/kushion/Documents/OpenMantaClaus/install/interfaces/include/interfaces/interfaces/msg/rosidl_typesupport_fastrtps_cpp__visibility_control.h
-- Installing: /home/kushion/Documents/OpenMantaClaus/install/interfaces/lib/libinterfaces__rosidl_typesupport_fastrtps_cpp.so
-- Set runtime path of "/home/kushion/Documents/OpenMantaClaus/install/interfaces/lib/libinterfaces__rosidl_typesupport_fastrtps_cpp.so" to ""
-- Up-to-date: /home/kushion/Documents/OpenMantaClaus/install/interfaces/include/interfaces/interfaces
-- Up-to-date: /home/kushion/Documents/OpenMantaClaus/install/interfaces/include/interfaces/interfaces/srv
-- Up-to-date: /home/kushion/Documents/OpenMantaClaus/install/interfaces/include/interfaces/interfaces/srv/detail
-- Installing: /home/kushion/Documents/OpenMantaClaus/install/interfaces/include/interfaces/interfaces/srv/detail/task_complete__type_support.cpp
-- Installing: /home/kushion/Documents/OpenMantaClaus/install/interfaces/include/interfaces/interfaces/srv/detail/task_command__type_support.cpp
-- Installing: /home/kushion/Documents/OpenMantaClaus/install/interfaces/include/interfaces/interfaces/srv/detail/task_command__rosidl_typesupport_introspection_cpp.hpp
-- Installing: /home/kushion/Documents/OpenMantaClaus/install/interfaces/include/interfaces/interfaces/srv/detail/task_complete__rosidl_typesupport_introspection_cpp.hpp
-- Installing: /home/kushion/Documents/OpenMantaClaus/install/interfaces/include/interfaces/interfaces/srv/detail/setup__type_support.cpp
-- Installing: /home/kushion/Documents/OpenMantaClaus/install/interfaces/include/interfaces/interfaces/srv/detail/setup__rosidl_typesupport_introspection_cpp.hpp
-- Up-to-date: /home/kushion/Documents/OpenMantaClaus/install/interfaces/include/interfaces/interfaces/msg
-- Up-to-date: /home/kushion/Documents/OpenMantaClaus/install/interfaces/include/interfaces/interfaces/msg/detail
-- Installing: /home/kushion/Documents/OpenMantaClaus/install/interfaces/include/interfaces/interfaces/msg/detail/task_status__rosidl_typesupport_introspection_cpp.hpp
-- Installing: /home/kushion/Documents/OpenMantaClaus/install/interfaces/include/interfaces/interfaces/msg/detail/feature_observation__type_support.cpp
-- Installing: /home/kushion/Documents/OpenMantaClaus/install/interfaces/include/interfaces/interfaces/msg/detail/feature_observation__rosidl_typesupport_introspection_cpp.hpp
-- Installing: /home/kushion/Documents/OpenMantaClaus/install/interfaces/include/interfaces/interfaces/msg/detail/feature_observations__type_support.cpp
-- Installing: /home/kushion/Documents/OpenMantaClaus/install/interfaces/include/interfaces/interfaces/msg/detail/task_status__type_support.cpp
-- Installing: /home/kushion/Documents/OpenMantaClaus/install/interfaces/include/interfaces/interfaces/msg/detail/feature_observations__rosidl_typesupport_introspection_cpp.hpp
-- Installing: /home/kushion/Documents/OpenMantaClaus/install/interfaces/lib/libinterfaces__rosidl_typesupport_introspection_cpp.so
-- Set runtime path of "/home/kushion/Documents/OpenMantaClaus/install/interfaces/lib/libinterfaces__rosidl_typesupport_introspection_cpp.so" to ""
-- Installing: /home/kushion/Documents/OpenMantaClaus/install/interfaces/lib/libinterfaces__rosidl_typesupport_cpp.so
-- Set runtime path of "/home/kushion/Documents/OpenMantaClaus/install/interfaces/lib/libinterfaces__rosidl_typesupport_cpp.so" to ""
-- Installing: /home/kushion/Documents/OpenMantaClaus/install/interfaces/share/interfaces/environment/pythonpath.sh
-- Installing: /home/kushion/Documents/OpenMantaClaus/install/interfaces/share/interfaces/environment/pythonpath.dsv
-- Installing: /home/kushion/Documents/OpenMantaClaus/install/interfaces/local/lib/python3.10/dist-packages/interfaces-0.0.0-py3.10.egg-info
-- Installing: /home/kushion/Documents/OpenMantaClaus/install/interfaces/local/lib/python3.10/dist-packages/interfaces-0.0.0-py3.10.egg-info/PKG-INFO
-- Installing: /home/kushion/Documents/OpenMantaClaus/install/interfaces/local/lib/python3.10/dist-packages/interfaces-0.0.0-py3.10.egg-info/top_level.txt
-- Installing: /home/kushion/Documents/OpenMantaClaus/install/interfaces/local/lib/python3.10/dist-packages/interfaces-0.0.0-py3.10.egg-info/SOURCES.txt
-- Installing: /home/kushion/Documents/OpenMantaClaus/install/interfaces/local/lib/python3.10/dist-packages/interfaces-0.0.0-py3.10.egg-info/dependency_links.txt
-- Installing: /home/kushion/Documents/OpenMantaClaus/install/interfaces/local/lib/python3.10/dist-packages/interfaces
-- Installing: /home/kushion/Documents/OpenMantaClaus/install/interfaces/local/lib/python3.10/dist-packages/interfaces/_interfaces_s.ep.rosidl_typesupport_introspection_c.c
-- Installing: /home/kushion/Documents/OpenMantaClaus/install/interfaces/local/lib/python3.10/dist-packages/interfaces/srv
-- Installing: /home/kushion/Documents/OpenMantaClaus/install/interfaces/local/lib/python3.10/dist-packages/interfaces/srv/_task_command_s.c
-- Installing: /home/kushion/Documents/OpenMantaClaus/install/interfaces/local/lib/python3.10/dist-packages/interfaces/srv/__init__.py
-- Installing: /home/kushion/Documents/OpenMantaClaus/install/interfaces/local/lib/python3.10/dist-packages/interfaces/srv/_task_command.py
-- Installing: /home/kushion/Documents/OpenMantaClaus/install/interfaces/local/lib/python3.10/dist-packages/interfaces/srv/_setup.py
-- Installing: /home/kushion/Documents/OpenMantaClaus/install/interfaces/local/lib/python3.10/dist-packages/interfaces/srv/_task_complete_s.c
-- Installing: /home/kushion/Documents/OpenMantaClaus/install/interfaces/local/lib/python3.10/dist-packages/interfaces/srv/_task_complete.py
-- Installing: /home/kushion/Documents/OpenMantaClaus/install/interfaces/local/lib/python3.10/dist-packages/interfaces/srv/_setup_s.c
-- Installing: /home/kushion/Documents/OpenMantaClaus/install/interfaces/local/lib/python3.10/dist-packages/interfaces/__init__.py
-- Installing: /home/kushion/Documents/OpenMantaClaus/install/interfaces/local/lib/python3.10/dist-packages/interfaces/interfaces_s__rosidl_typesupport_introspection_c.cpython-310-x86_64-linux-gnu.so
-- Installing: /home/kushion/Documents/OpenMantaClaus/install/interfaces/local/lib/python3.10/dist-packages/interfaces/interfaces_s__rosidl_typesupport_c.cpython-310-x86_64-linux-gnu.so
-- Installing: /home/kushion/Documents/OpenMantaClaus/install/interfaces/local/lib/python3.10/dist-packages/interfaces/interfaces_s__rosidl_typesupport_fastrtps_c.cpython-310-x86_64-linux-gnu.so
-- Installing: /home/kushion/Documents/OpenMantaClaus/install/interfaces/local/lib/python3.10/dist-packages/interfaces/libinterfaces__rosidl_generator_py.so
-- Installing: /home/kushion/Documents/OpenMantaClaus/install/interfaces/local/lib/python3.10/dist-packages/interfaces/_interfaces_s.ep.rosidl_typesupport_fastrtps_c.c
-- Installing: /home/kushion/Documents/OpenMantaClaus/install/interfaces/local/lib/python3.10/dist-packages/interfaces/msg
-- Installing: /home/kushion/Documents/OpenMantaClaus/install/interfaces/local/lib/python3.10/dist-packages/interfaces/msg/_task_status.py
-- Installing: /home/kushion/Documents/OpenMantaClaus/install/interfaces/local/lib/python3.10/dist-packages/interfaces/msg/__init__.py
-- Installing: /home/kushion/Documents/OpenMantaClaus/install/interfaces/local/lib/python3.10/dist-packages/interfaces/msg/_feature_observations_s.c
-- Installing: /home/kushion/Documents/OpenMantaClaus/install/interfaces/local/lib/python3.10/dist-packages/interfaces/msg/_feature_observation.py
-- Installing: /home/kushion/Documents/OpenMantaClaus/install/interfaces/local/lib/python3.10/dist-packages/interfaces/msg/_feature_observation_s.c
-- Installing: /home/kushion/Documents/OpenMantaClaus/install/interfaces/local/lib/python3.10/dist-packages/interfaces/msg/_feature_observations.py
-- Installing: /home/kushion/Documents/OpenMantaClaus/install/interfaces/local/lib/python3.10/dist-packages/interfaces/msg/_task_status_s.c
-- Installing: /home/kushion/Documents/OpenMantaClaus/install/interfaces/local/lib/python3.10/dist-packages/interfaces/_interfaces_s.ep.rosidl_typesupport_c.c
Listing '/home/kushion/Documents/OpenMantaClaus/install/interfaces/local/lib/python3.10/dist-packages/interfaces'...
Compiling '/home/kushion/Documents/OpenMantaClaus/install/interfaces/local/lib/python3.10/dist-packages/interfaces/__init__.py'...
Listing '/home/kushion/Documents/OpenMantaClaus/install/interfaces/local/lib/python3.10/dist-packages/interfaces/msg'...
Compiling '/home/kushion/Documents/OpenMantaClaus/install/interfaces/local/lib/python3.10/dist-packages/interfaces/msg/__init__.py'...
Compiling '/home/kushion/Documents/OpenMantaClaus/install/interfaces/local/lib/python3.10/dist-packages/interfaces/msg/_feature_observation.py'...
Compiling '/home/kushion/Documents/OpenMantaClaus/install/interfaces/local/lib/python3.10/dist-packages/interfaces/msg/_feature_observations.py'...
Compiling '/home/kushion/Documents/OpenMantaClaus/install/interfaces/local/lib/python3.10/dist-packages/interfaces/msg/_task_status.py'...
Listing '/home/kushion/Documents/OpenMantaClaus/install/interfaces/local/lib/python3.10/dist-packages/interfaces/srv'...
Compiling '/home/kushion/Documents/OpenMantaClaus/install/interfaces/local/lib/python3.10/dist-packages/interfaces/srv/__init__.py'...
Compiling '/home/kushion/Documents/OpenMantaClaus/install/interfaces/local/lib/python3.10/dist-packages/interfaces/srv/_setup.py'...
Compiling '/home/kushion/Documents/OpenMantaClaus/install/interfaces/local/lib/python3.10/dist-packages/interfaces/srv/_task_command.py'...
Compiling '/home/kushion/Documents/OpenMantaClaus/install/interfaces/local/lib/python3.10/dist-packages/interfaces/srv/_task_complete.py'...
-- Installing: /home/kushion/Documents/OpenMantaClaus/install/interfaces/local/lib/python3.10/dist-packages/interfaces/interfaces_s__rosidl_typesupport_fastrtps_c.cpython-310-x86_64-linux-gnu.so
-- Set runtime path of "/home/kushion/Documents/OpenMantaClaus/install/interfaces/local/lib/python3.10/dist-packages/interfaces/interfaces_s__rosidl_typesupport_fastrtps_c.cpython-310-x86_64-linux-gnu.so" to ""
-- Installing: /home/kushion/Documents/OpenMantaClaus/install/interfaces/local/lib/python3.10/dist-packages/interfaces/interfaces_s__rosidl_typesupport_introspection_c.cpython-310-x86_64-linux-gnu.so
-- Set runtime path of "/home/kushion/Documents/OpenMantaClaus/install/interfaces/local/lib/python3.10/dist-packages/interfaces/interfaces_s__rosidl_typesupport_introspection_c.cpython-310-x86_64-linux-gnu.so" to ""
-- Installing: /home/kushion/Documents/OpenMantaClaus/install/interfaces/local/lib/python3.10/dist-packages/interfaces/interfaces_s__rosidl_typesupport_c.cpython-310-x86_64-linux-gnu.so
-- Set runtime path of "/home/kushion/Documents/OpenMantaClaus/install/interfaces/local/lib/python3.10/dist-packages/interfaces/interfaces_s__rosidl_typesupport_c.cpython-310-x86_64-linux-gnu.so" to ""
-- Installing: /home/kushion/Documents/OpenMantaClaus/install/interfaces/lib/libinterfaces__rosidl_generator_py.so
-- Set runtime path of "/home/kushion/Documents/OpenMantaClaus/install/interfaces/lib/libinterfaces__rosidl_generator_py.so" to ""
-- Installing: /home/kushion/Documents/OpenMantaClaus/install/interfaces/share/interfaces/msg/FeatureObservation.idl
-- Installing: /home/kushion/Documents/OpenMantaClaus/install/interfaces/share/interfaces/msg/FeatureObservations.idl
-- Installing: /home/kushion/Documents/OpenMantaClaus/install/interfaces/share/interfaces/msg/TaskStatus.idl
-- Installing: /home/kushion/Documents/OpenMantaClaus/install/interfaces/share/interfaces/srv/Setup.idl
-- Installing: /home/kushion/Documents/OpenMantaClaus/install/interfaces/share/interfaces/srv/TaskCommand.idl
-- Installing: /home/kushion/Documents/OpenMantaClaus/install/interfaces/share/interfaces/srv/TaskComplete.idl
-- Installing: /home/kushion/Documents/OpenMantaClaus/install/interfaces/share/interfaces/msg/FeatureObservation.msg
-- Installing: /home/kushion/Documents/OpenMantaClaus/install/interfaces/share/interfaces/msg/FeatureObservations.msg
-- Installing: /home/kushion/Documents/OpenMantaClaus/install/interfaces/share/interfaces/msg/TaskStatus.msg
-- Installing: /home/kushion/Documents/OpenMantaClaus/install/interfaces/share/interfaces/srv/Setup.srv
-- Installing: /home/kushion/Documents/OpenMantaClaus/install/interfaces/share/interfaces/srv/Setup_Request.msg
-- Installing: /home/kushion/Documents/OpenMantaClaus/install/interfaces/share/interfaces/srv/Setup_Response.msg
-- Installing: /home/kushion/Documents/OpenMantaClaus/install/interfaces/share/interfaces/srv/TaskCommand.srv
-- Installing: /home/kushion/Documents/OpenMantaClaus/install/interfaces/share/interfaces/srv/TaskCommand_Request.msg
-- Installing: /home/kushion/Documents/OpenMantaClaus/install/interfaces/share/interfaces/srv/TaskCommand_Response.msg
-- Installing: /home/kushion/Documents/OpenMantaClaus/install/interfaces/share/interfaces/srv/TaskComplete.srv
-- Installing: /home/kushion/Documents/OpenMantaClaus/install/interfaces/share/interfaces/srv/TaskComplete_Request.msg
-- Installing: /home/kushion/Documents/OpenMantaClaus/install/interfaces/share/interfaces/srv/TaskComplete_Response.msg
-- Installing: /home/kushion/Documents/OpenMantaClaus/install/interfaces/share/ament_index/resource_index/package_run_dependencies/interfaces
-- Installing: /home/kushion/Documents/OpenMantaClaus/install/interfaces/share/ament_index/resource_index/parent_prefix_path/interfaces
-- Installing: /home/kushion/Documents/OpenMantaClaus/install/interfaces/share/interfaces/environment/ament_prefix_path.sh
-- Installing: /home/kushion/Documents/OpenMantaClaus/install/interfaces/share/interfaces/environment/ament_prefix_path.dsv
-- Installing: /home/kushion/Documents/OpenMantaClaus/install/interfaces/share/interfaces/environment/path.sh
-- Installing: /home/kushion/Documents/OpenMantaClaus/install/interfaces/share/interfaces/environment/path.dsv
-- Installing: /home/kushion/Documents/OpenMantaClaus/install/interfaces/share/interfaces/local_setup.bash
-- Installing: /home/kushion/Documents/OpenMantaClaus/install/interfaces/share/interfaces/local_setup.sh
-- Installing: /home/kushion/Documents/OpenMantaClaus/install/interfaces/share/interfaces/local_setup.zsh
-- Installing: /home/kushion/Documents/OpenMantaClaus/install/interfaces/share/interfaces/local_setup.dsv
-- Installing: /home/kushion/Documents/OpenMantaClaus/install/interfaces/share/interfaces/package.dsv
-- Installing: /home/kushion/Documents/OpenMantaClaus/install/interfaces/share/ament_index/resource_index/packages/interfaces
-- Installing: /home/kushion/Documents/OpenMantaClaus/install/interfaces/share/interfaces/cmake/export_interfaces__rosidl_generator_cExport.cmake
-- Installing: /home/kushion/Documents/OpenMantaClaus/install/interfaces/share/interfaces/cmake/export_interfaces__rosidl_generator_cExport-noconfig.cmake
-- Installing: /home/kushion/Documents/OpenMantaClaus/install/interfaces/share/interfaces/cmake/export_interfaces__rosidl_typesupport_fastrtps_cExport.cmake
-- Installing: /home/kushion/Documents/OpenMantaClaus/install/interfaces/share/interfaces/cmake/export_interfaces__rosidl_typesupport_fastrtps_cExport-noconfig.cmake
-- Installing: /home/kushion/Documents/OpenMantaClaus/install/interfaces/share/interfaces/cmake/interfaces__rosidl_typesupport_introspection_cExport.cmake
-- Installing: /home/kushion/Documents/OpenMantaClaus/install/interfaces/share/interfaces/cmake/interfaces__rosidl_typesupport_introspection_cExport-noconfig.cmake
-- Installing: /home/kushion/Documents/OpenMantaClaus/install/interfaces/share/interfaces/cmake/interfaces__rosidl_typesupport_cExport.cmake
-- Installing: /home/kushion/Documents/OpenMantaClaus/install/interfaces/share/interfaces/cmake/interfaces__rosidl_typesupport_cExport-noconfig.cmake
-- Installing: /home/kushion/Documents/OpenMantaClaus/install/interfaces/share/interfaces/cmake/export_interfaces__rosidl_generator_cppExport.cmake
-- Installing: /home/kushion/Documents/OpenMantaClaus/install/interfaces/share/interfaces/cmake/export_interfaces__rosidl_typesupport_fastrtps_cppExport.cmake
-- Installing: /home/kushion/Documents/OpenMantaClaus/install/interfaces/share/interfaces/cmake/export_interfaces__rosidl_typesupport_fastrtps_cppExport-noconfig.cmake
-- Installing: /home/kushion/Documents/OpenMantaClaus/install/interfaces/share/interfaces/cmake/interfaces__rosidl_typesupport_introspection_cppExport.cmake
-- Installing: /home/kushion/Documents/OpenMantaClaus/install/interfaces/share/interfaces/cmake/interfaces__rosidl_typesupport_introspection_cppExport-noconfig.cmake
-- Installing: /home/kushion/Documents/OpenMantaClaus/install/interfaces/share/interfaces/cmake/interfaces__rosidl_typesupport_cppExport.cmake
-- Installing: /home/kushion/Documents/OpenMantaClaus/install/interfaces/share/interfaces/cmake/interfaces__rosidl_typesupport_cppExport-noconfig.cmake
-- Installing: /home/kushion/Documents/OpenMantaClaus/install/interfaces/share/interfaces/cmake/export_interfaces__rosidl_generator_pyExport.cmake
-- Installing: /home/kushion/Documents/OpenMantaClaus/install/interfaces/share/interfaces/cmake/export_interfaces__rosidl_generator_pyExport-noconfig.cmake
-- Installing: /home/kushion/Documents/OpenMantaClaus/install/interfaces/share/interfaces/cmake/rosidl_cmake-extras.cmake
-- Installing: /home/kushion/Documents/OpenMantaClaus/install/interfaces/share/interfaces/cmake/ament_cmake_export_dependencies-extras.cmake
-- Installing: /home/kushion/Documents/OpenMantaClaus/install/interfaces/share/interfaces/cmake/ament_cmake_export_include_directories-extras.cmake
-- Installing: /home/kushion/Documents/OpenMantaClaus/install/interfaces/share/interfaces/cmake/ament_cmake_export_libraries-extras.cmake
-- Installing: /home/kushion/Documents/OpenMantaClaus/install/interfaces/share/interfaces/cmake/ament_cmake_export_targets-extras.cmake
-- Installing: /home/kushion/Documents/OpenMantaClaus/install/interfaces/share/interfaces/cmake/rosidl_cmake_export_typesupport_targets-extras.cmake
-- Installing: /home/kushion/Documents/OpenMantaClaus/install/interfaces/share/interfaces/cmake/rosidl_cmake_export_typesupport_libraries-extras.cmake
-- Installing: /home/kushion/Documents/OpenMantaClaus/install/interfaces/share/interfaces/cmake/interfacesConfig.cmake
-- Installing: /home/kushion/Documents/OpenMantaClaus/install/interfaces/share/interfaces/cmake/interfacesConfig-version.cmake
-- Installing: /home/kushion/Documents/OpenMantaClaus/install/interfaces/share/interfaces/package.xml
