[0.026s] Invoking command in '/home/kushion/Documents/OpenMantaClaus/build/interfaces': CMAKE_PREFIX_PATH=${CMAKE_PREFIX_PATH}:/home/kushion/Desktop/piles/pile_detection/IsaacSim-ros_workspaces/humble_ws/install/isaac_ros_navigation_goal:/opt/ros/humble /usr/bin/cmake /home/kushion/Documents/OpenMantaClaus/src/interfaces -DCMAKE_INSTALL_PREFIX=/home/kushion/Documents/OpenMantaClaus/install/interfaces
[0.232s] -- The C compiler identification is GNU 11.4.0
[0.329s] -- The CXX compiler identification is GNU 11.4.0
[0.353s] -- Detecting C compiler ABI info
[0.453s] -- Detecting C compiler ABI info - done
[0.466s] -- Check for working C compiler: /usr/lib/ccache/cc - skipped
[0.467s] -- Detecting C compile features
[0.468s] -- Detecting C compile features - done
[0.474s] -- Detecting CXX compiler ABI info
[0.583s] -- Detecting CXX compiler ABI info - done
[0.594s] -- Check for working CXX compiler: /usr/lib/ccache/c++ - skipped
[0.594s] -- Detecting CXX compile features
[0.595s] -- Detecting CXX compile features - done
[0.616s] -- Found ament_cmake: 1.3.12 (/opt/ros/humble/share/ament_cmake/cmake)
[1.120s] -- Found Python3: /usr/bin/python3 (found version "3.10.12") found components: Interpreter 
[1.296s] -- Found rosidl_default_generators: 1.2.0 (/opt/ros/humble/share/rosidl_default_generators/cmake)
[1.306s] -- Using all available rosidl_typesupport_c: rosidl_typesupport_fastrtps_c;rosidl_typesupport_introspection_c
[1.322s] -- Found rosidl_adapter: 3.1.8 (/opt/ros/humble/share/rosidl_adapter/cmake)
[1.420s] -- Using all available rosidl_typesupport_cpp: rosidl_typesupport_fastrtps_cpp;rosidl_typesupport_introspection_cpp
[1.492s] -- Found std_msgs: 4.9.0 (/opt/ros/humble/share/std_msgs/cmake)
[1.976s] -- Found ament_cmake_ros: 0.10.0 (/opt/ros/humble/share/ament_cmake_ros/cmake)
[2.268s] -- Using all available rosidl_typesupport_c: rosidl_typesupport_fastrtps_c;rosidl_typesupport_introspection_c
[2.726s] -- Using all available rosidl_typesupport_cpp: rosidl_typesupport_fastrtps_cpp;rosidl_typesupport_introspection_cpp
[2.774s] -- Found PythonInterp: /usr/bin/python3 (found suitable version "3.10.12", minimum required is "3.6") 
[2.779s] -- Found python_cmake_module: 0.10.0 (/opt/ros/humble/share/python_cmake_module/cmake)
[2.829s] -- Found PythonLibs: /usr/lib/x86_64-linux-gnu/libpython3.10.so (found suitable version "3.10.12", minimum required is "3.5") 
[2.829s] -- Using PYTHON_EXECUTABLE: /usr/bin/python3
[2.830s] -- Using PYTHON_INCLUDE_DIRS: /usr/include/python3.10
[2.830s] -- Using PYTHON_LIBRARIES: /usr/lib/x86_64-linux-gnu/libpython3.10.so
[2.864s] -- Found PythonExtra: .so  
[2.949s] -- Configuring done
[2.998s] -- Generating done
[3.012s] -- Build files have been written to: /home/kushion/Documents/OpenMantaClaus/build/interfaces
[3.025s] Invoked command in '/home/kushion/Documents/OpenMantaClaus/build/interfaces' returned '0': CMAKE_PREFIX_PATH=${CMAKE_PREFIX_PATH}:/home/kushion/Desktop/piles/pile_detection/IsaacSim-ros_workspaces/humble_ws/install/isaac_ros_navigation_goal:/opt/ros/humble /usr/bin/cmake /home/kushion/Documents/OpenMantaClaus/src/interfaces -DCMAKE_INSTALL_PREFIX=/home/kushion/Documents/OpenMantaClaus/install/interfaces
[3.028s] Invoking command in '/home/kushion/Documents/OpenMantaClaus/build/interfaces': CMAKE_PREFIX_PATH=${CMAKE_PREFIX_PATH}:/home/kushion/Desktop/piles/pile_detection/IsaacSim-ros_workspaces/humble_ws/install/isaac_ros_navigation_goal:/opt/ros/humble /usr/bin/cmake --build /home/kushion/Documents/OpenMantaClaus/build/interfaces -- -j22 -l22
[3.100s] [  1%] [34m[1mGenerating C code for ROS interfaces[0m
[3.117s] [  2%] [34m[1mGenerating C++ code for ROS interfaces[0m
[3.128s] [  2%] Built target ament_cmake_python_copy_interfaces
[3.456s] running egg_info
[3.475s] creating interfaces.egg-info
[3.476s] writing interfaces.egg-info/PKG-INFO
[3.476s] writing dependency_links to interfaces.egg-info/dependency_links.txt
[3.476s] writing top-level names to interfaces.egg-info/top_level.txt
[3.476s] writing manifest file 'interfaces.egg-info/SOURCES.txt'
[3.548s] reading manifest file 'interfaces.egg-info/SOURCES.txt'
[3.549s] writing manifest file 'interfaces.egg-info/SOURCES.txt'
[3.588s] [  2%] Built target ament_cmake_python_build_interfaces_egg
[3.797s] [  2%] Built target interfaces__cpp
[3.809s] [  7%] [34m[1mGenerating C++ introspection for ROS interfaces[0m
[3.809s] [  7%] [34m[1mGenerating C++ type support for eProsima Fast-RTPS[0m
[3.809s] [  7%] [34m[1mGenerating C++ type support dispatch for ROS interfaces[0m
[3.929s] [ 11%] [32mBuilding C object CMakeFiles/interfaces__rosidl_generator_c.dir/rosidl_generator_c/interfaces/srv/detail/task_command__functions.c.o[0m
[3.929s] [ 11%] [32mBuilding C object CMakeFiles/interfaces__rosidl_generator_c.dir/rosidl_generator_c/interfaces/msg/detail/feature_observations__functions.c.o[0m
[3.929s] [ 11%] [32mBuilding C object CMakeFiles/interfaces__rosidl_generator_c.dir/rosidl_generator_c/interfaces/msg/detail/task_status__functions.c.o[0m
[3.931s] [ 12%] [32mBuilding C object CMakeFiles/interfaces__rosidl_generator_c.dir/rosidl_generator_c/interfaces/msg/detail/feature_observation__functions.c.o[0m
[3.931s] [ 14%] [32mBuilding C object CMakeFiles/interfaces__rosidl_generator_c.dir/rosidl_generator_c/interfaces/srv/detail/setup__functions.c.o[0m
[3.932s] [ 15%] [32mBuilding C object CMakeFiles/interfaces__rosidl_generator_c.dir/rosidl_generator_c/interfaces/srv/detail/task_complete__functions.c.o[0m
[4.045s] [ 16%] [32m[1mLinking C shared library libinterfaces__rosidl_generator_c.so[0m
[4.123s] [ 16%] Built target interfaces__rosidl_generator_c
[4.141s] [ 18%] [34m[1mGenerating C type support dispatch for ROS interfaces[0m
[4.141s] [ 21%] [34m[1mGenerating C type support for eProsima Fast-RTPS[0m
[4.141s] [ 21%] [34m[1mGenerating C introspection for ROS interfaces[0m
[4.269s] [ 22%] [32mBuilding CXX object CMakeFiles/interfaces__rosidl_typesupport_cpp.dir/rosidl_typesupport_cpp/interfaces/srv/setup__type_support.cpp.o[0m
[4.269s] [ 28%] [32mBuilding CXX object CMakeFiles/interfaces__rosidl_typesupport_cpp.dir/rosidl_typesupport_cpp/interfaces/msg/feature_observations__type_support.cpp.o[0m
[4.269s] [ 28%] [32mBuilding CXX object CMakeFiles/interfaces__rosidl_typesupport_cpp.dir/rosidl_typesupport_cpp/interfaces/msg/feature_observation__type_support.cpp.o[0m
[4.269s] [ 28%] [32mBuilding CXX object CMakeFiles/interfaces__rosidl_typesupport_cpp.dir/rosidl_typesupport_cpp/interfaces/msg/task_status__type_support.cpp.o[0m
[4.269s] [ 28%] [32mBuilding CXX object CMakeFiles/interfaces__rosidl_typesupport_cpp.dir/rosidl_typesupport_cpp/interfaces/srv/task_command__type_support.cpp.o[0m
[4.269s] [ 29%] [32mBuilding CXX object CMakeFiles/interfaces__rosidl_typesupport_cpp.dir/rosidl_typesupport_cpp/interfaces/srv/task_complete__type_support.cpp.o[0m
[4.327s] [ 30%] [32mBuilding CXX object CMakeFiles/interfaces__rosidl_typesupport_introspection_cpp.dir/rosidl_typesupport_introspection_cpp/interfaces/srv/detail/setup__type_support.cpp.o[0m
[4.327s] [ 32%] [32mBuilding CXX object CMakeFiles/interfaces__rosidl_typesupport_introspection_cpp.dir/rosidl_typesupport_introspection_cpp/interfaces/srv/detail/task_complete__type_support.cpp.o[0m
[4.327s] [ 33%] [32mBuilding CXX object CMakeFiles/interfaces__rosidl_typesupport_introspection_cpp.dir/rosidl_typesupport_introspection_cpp/interfaces/msg/detail/task_status__type_support.cpp.o[0m
[4.327s] [ 35%] [32mBuilding CXX object CMakeFiles/interfaces__rosidl_typesupport_introspection_cpp.dir/rosidl_typesupport_introspection_cpp/interfaces/msg/detail/feature_observation__type_support.cpp.o[0m
[4.328s] [ 36%] [32mBuilding CXX object CMakeFiles/interfaces__rosidl_typesupport_introspection_cpp.dir/rosidl_typesupport_introspection_cpp/interfaces/srv/detail/task_command__type_support.cpp.o[0m
[4.341s] [ 38%] [32mBuilding CXX object CMakeFiles/interfaces__rosidl_typesupport_introspection_cpp.dir/rosidl_typesupport_introspection_cpp/interfaces/msg/detail/feature_observations__type_support.cpp.o[0m
[4.494s] [ 43%] [32mBuilding CXX object CMakeFiles/interfaces__rosidl_typesupport_fastrtps_cpp.dir/rosidl_typesupport_fastrtps_cpp/interfaces/msg/detail/dds_fastrtps/feature_observations__type_support.cpp.o[0m
[4.494s] [ 43%] [32mBuilding CXX object CMakeFiles/interfaces__rosidl_typesupport_fastrtps_cpp.dir/rosidl_typesupport_fastrtps_cpp/interfaces/msg/detail/dds_fastrtps/feature_observation__type_support.cpp.o[0m
[4.494s] [ 43%] [32mBuilding CXX object CMakeFiles/interfaces__rosidl_typesupport_fastrtps_cpp.dir/rosidl_typesupport_fastrtps_cpp/interfaces/msg/detail/dds_fastrtps/task_status__type_support.cpp.o[0m
[4.494s] [ 43%] [32mBuilding CXX object CMakeFiles/interfaces__rosidl_typesupport_fastrtps_cpp.dir/rosidl_typesupport_fastrtps_cpp/interfaces/srv/detail/dds_fastrtps/task_command__type_support.cpp.o[0m
[4.504s] [ 45%] [32mBuilding CXX object CMakeFiles/interfaces__rosidl_typesupport_fastrtps_cpp.dir/rosidl_typesupport_fastrtps_cpp/interfaces/srv/detail/dds_fastrtps/setup__type_support.cpp.o[0m
[4.504s] [ 46%] [32mBuilding CXX object CMakeFiles/interfaces__rosidl_typesupport_fastrtps_cpp.dir/rosidl_typesupport_fastrtps_cpp/interfaces/srv/detail/dds_fastrtps/task_complete__type_support.cpp.o[0m
[4.909s] [ 49%] [32m[1mLinking CXX shared library libinterfaces__rosidl_typesupport_cpp.so[0m
[4.913s] [ 49%] [32mBuilding C object CMakeFiles/interfaces__rosidl_typesupport_introspection_c.dir/rosidl_typesupport_introspection_c/interfaces/msg/detail/feature_observations__type_support.c.o[0m
[4.913s] [ 50%] [32mBuilding C object CMakeFiles/interfaces__rosidl_typesupport_introspection_c.dir/rosidl_typesupport_introspection_c/interfaces/msg/detail/task_status__type_support.c.o[0m
[4.915s] [ 53%] [32mBuilding C object CMakeFiles/interfaces__rosidl_typesupport_introspection_c.dir/rosidl_typesupport_introspection_c/interfaces/msg/detail/feature_observation__type_support.c.o[0m
[4.915s] [ 53%] [32mBuilding C object CMakeFiles/interfaces__rosidl_typesupport_introspection_c.dir/rosidl_typesupport_introspection_c/interfaces/srv/detail/task_command__type_support.c.o[0m
[4.925s] [ 54%] [32mBuilding C object CMakeFiles/interfaces__rosidl_typesupport_introspection_c.dir/rosidl_typesupport_introspection_c/interfaces/srv/detail/setup__type_support.c.o[0m
[4.925s] [ 56%] [32mBuilding C object CMakeFiles/interfaces__rosidl_typesupport_introspection_c.dir/rosidl_typesupport_introspection_c/interfaces/srv/detail/task_complete__type_support.c.o[0m
[4.930s] [ 57%] [32mBuilding CXX object CMakeFiles/interfaces__rosidl_typesupport_c.dir/rosidl_typesupport_c/interfaces/msg/feature_observations__type_support.cpp.o[0m
[4.942s] [ 59%] [32mBuilding CXX object CMakeFiles/interfaces__rosidl_typesupport_c.dir/rosidl_typesupport_c/interfaces/msg/feature_observation__type_support.cpp.o[0m
[4.947s] [ 60%] [32mBuilding CXX object CMakeFiles/interfaces__rosidl_typesupport_fastrtps_c.dir/rosidl_typesupport_fastrtps_c/interfaces/msg/detail/feature_observation__type_support_c.cpp.o[0m
[5.033s] [ 63%] [32mBuilding CXX object CMakeFiles/interfaces__rosidl_typesupport_fastrtps_c.dir/rosidl_typesupport_fastrtps_c/interfaces/msg/detail/task_status__type_support_c.cpp.o[0m
[5.033s] [ 63%] [32mBuilding CXX object CMakeFiles/interfaces__rosidl_typesupport_fastrtps_c.dir/rosidl_typesupport_fastrtps_c/interfaces/msg/detail/feature_observations__type_support_c.cpp.o[0m
[5.039s] [ 64%] [32mBuilding CXX object CMakeFiles/interfaces__rosidl_typesupport_fastrtps_c.dir/rosidl_typesupport_fastrtps_c/interfaces/srv/detail/setup__type_support_c.cpp.o[0m
[5.040s] [ 66%] [32mBuilding CXX object CMakeFiles/interfaces__rosidl_typesupport_c.dir/rosidl_typesupport_c/interfaces/msg/task_status__type_support.cpp.o[0m
[5.048s] [ 67%] [32mBuilding CXX object CMakeFiles/interfaces__rosidl_typesupport_fastrtps_c.dir/rosidl_typesupport_fastrtps_c/interfaces/srv/detail/task_complete__type_support_c.cpp.o[0m
[5.066s] [ 69%] [32mBuilding CXX object CMakeFiles/interfaces__rosidl_typesupport_c.dir/rosidl_typesupport_c/interfaces/srv/setup__type_support.cpp.o[0m
[5.072s] [ 70%] [32mBuilding CXX object CMakeFiles/interfaces__rosidl_typesupport_fastrtps_c.dir/rosidl_typesupport_fastrtps_c/interfaces/srv/detail/task_command__type_support_c.cpp.o[0m
[5.088s] [ 71%] [32mBuilding CXX object CMakeFiles/interfaces__rosidl_typesupport_c.dir/rosidl_typesupport_c/interfaces/srv/task_command__type_support.cpp.o[0m
[5.099s] [ 71%] Built target interfaces__rosidl_typesupport_cpp
[5.111s] [ 73%] [32mBuilding CXX object CMakeFiles/interfaces__rosidl_typesupport_c.dir/rosidl_typesupport_c/interfaces/srv/task_complete__type_support.cpp.o[0m
[5.116s] [ 74%] [32m[1mLinking C shared library libinterfaces__rosidl_typesupport_introspection_c.so[0m
[5.182s] [ 74%] Built target interfaces__rosidl_typesupport_introspection_c
[5.194s] [ 76%] [32m[1mLinking CXX shared library libinterfaces__rosidl_typesupport_c.so[0m
[5.259s] [ 76%] Built target interfaces__rosidl_typesupport_c
[5.283s] [ 77%] [32m[1mLinking CXX shared library libinterfaces__rosidl_typesupport_introspection_cpp.so[0m
[5.382s] [ 77%] Built target interfaces__rosidl_typesupport_introspection_cpp
[5.512s] [ 78%] [32m[1mLinking CXX shared library libinterfaces__rosidl_typesupport_fastrtps_cpp.so[0m
[5.643s] [ 78%] Built target interfaces__rosidl_typesupport_fastrtps_cpp
[5.780s] [ 80%] [32m[1mLinking CXX shared library libinterfaces__rosidl_typesupport_fastrtps_c.so[0m
[5.891s] [ 80%] Built target interfaces__rosidl_typesupport_fastrtps_c
[5.923s] [ 80%] Built target interfaces
[5.961s] [ 81%] [34m[1mGenerating Python code for ROS interfaces[0m
[7.004s] [ 81%] Built target interfaces__py
[7.031s] [ 83%] [32mBuilding C object CMakeFiles/interfaces__rosidl_generator_py.dir/rosidl_generator_py/interfaces/srv/_task_complete_s.c.o[0m
[7.031s] [ 87%] [32mBuilding C object CMakeFiles/interfaces__rosidl_generator_py.dir/rosidl_generator_py/interfaces/msg/_feature_observations_s.c.o[0m
[7.031s] [ 87%] [32mBuilding C object CMakeFiles/interfaces__rosidl_generator_py.dir/rosidl_generator_py/interfaces/srv/_setup_s.c.o[0m
[7.032s] [ 87%] [32mBuilding C object CMakeFiles/interfaces__rosidl_generator_py.dir/rosidl_generator_py/interfaces/srv/_task_command_s.c.o[0m
[7.032s] [ 90%] [32mBuilding C object CMakeFiles/interfaces__rosidl_generator_py.dir/rosidl_generator_py/interfaces/msg/_feature_observation_s.c.o[0m
[7.032s] [ 90%] [32mBuilding C object CMakeFiles/interfaces__rosidl_generator_py.dir/rosidl_generator_py/interfaces/msg/_task_status_s.c.o[0m
[7.263s] [ 91%] [32m[1mLinking C shared library rosidl_generator_py/interfaces/libinterfaces__rosidl_generator_py.so[0m
[7.327s] [ 91%] Built target interfaces__rosidl_generator_py
[7.357s] [ 92%] [32mBuilding C object CMakeFiles/interfaces__rosidl_typesupport_c__pyext.dir/rosidl_generator_py/interfaces/_interfaces_s.ep.rosidl_typesupport_c.c.o[0m
[7.359s] [ 94%] [32mBuilding C object CMakeFiles/interfaces__rosidl_typesupport_fastrtps_c__pyext.dir/rosidl_generator_py/interfaces/_interfaces_s.ep.rosidl_typesupport_fastrtps_c.c.o[0m
[7.359s] [ 95%] [32mBuilding C object CMakeFiles/interfaces__rosidl_typesupport_introspection_c__pyext.dir/rosidl_generator_py/interfaces/_interfaces_s.ep.rosidl_typesupport_introspection_c.c.o[0m
[7.577s] [ 97%] [32m[1mLinking C shared library rosidl_generator_py/interfaces/interfaces_s__rosidl_typesupport_c.cpython-310-x86_64-linux-gnu.so[0m
[7.603s] [ 98%] [32m[1mLinking C shared library rosidl_generator_py/interfaces/interfaces_s__rosidl_typesupport_introspection_c.cpython-310-x86_64-linux-gnu.so[0m
[7.628s] [100%] [32m[1mLinking C shared library rosidl_generator_py/interfaces/interfaces_s__rosidl_typesupport_fastrtps_c.cpython-310-x86_64-linux-gnu.so[0m
[7.646s] [100%] Built target interfaces__rosidl_typesupport_c__pyext
[7.661s] [100%] Built target interfaces__rosidl_typesupport_introspection_c__pyext
[7.683s] [100%] Built target interfaces__rosidl_typesupport_fastrtps_c__pyext
[7.702s] Invoked command in '/home/kushion/Documents/OpenMantaClaus/build/interfaces' returned '0': CMAKE_PREFIX_PATH=${CMAKE_PREFIX_PATH}:/home/kushion/Desktop/piles/pile_detection/IsaacSim-ros_workspaces/humble_ws/install/isaac_ros_navigation_goal:/opt/ros/humble /usr/bin/cmake --build /home/kushion/Documents/OpenMantaClaus/build/interfaces -- -j22 -l22
[7.717s] Invoking command in '/home/kushion/Documents/OpenMantaClaus/build/interfaces': CMAKE_PREFIX_PATH=${CMAKE_PREFIX_PATH}:/home/kushion/Desktop/piles/pile_detection/IsaacSim-ros_workspaces/humble_ws/install/isaac_ros_navigation_goal:/opt/ros/humble /usr/bin/cmake --install /home/kushion/Documents/OpenMantaClaus/build/interfaces
[7.730s] -- Install configuration: ""
[7.730s] -- Installing: /home/kushion/Documents/OpenMantaClaus/install/interfaces/share/ament_index/resource_index/rosidl_interfaces/interfaces
[7.731s] -- Installing: /home/kushion/Documents/OpenMantaClaus/install/interfaces/include/interfaces/interfaces
[7.731s] -- Installing: /home/kushion/Documents/OpenMantaClaus/install/interfaces/include/interfaces/interfaces/srv
[7.731s] -- Installing: /home/kushion/Documents/OpenMantaClaus/install/interfaces/include/interfaces/interfaces/srv/detail
[7.731s] -- Installing: /home/kushion/Documents/OpenMantaClaus/install/interfaces/include/interfaces/interfaces/srv/detail/setup__struct.h
[7.731s] -- Installing: /home/kushion/Documents/OpenMantaClaus/install/interfaces/include/interfaces/interfaces/srv/detail/setup__type_support.h
[7.731s] -- Installing: /home/kushion/Documents/OpenMantaClaus/install/interfaces/include/interfaces/interfaces/srv/detail/task_complete__struct.h
[7.731s] -- Installing: /home/kushion/Documents/OpenMantaClaus/install/interfaces/include/interfaces/interfaces/srv/detail/task_command__functions.c
[7.732s] -- Installing: /home/kushion/Documents/OpenMantaClaus/install/interfaces/include/interfaces/interfaces/srv/detail/setup__functions.h
[7.732s] -- Installing: /home/kushion/Documents/OpenMantaClaus/install/interfaces/include/interfaces/interfaces/srv/detail/task_command__struct.h
[7.732s] -- Installing: /home/kushion/Documents/OpenMantaClaus/install/interfaces/include/interfaces/interfaces/srv/detail/task_complete__type_support.h
[7.732s] -- Installing: /home/kushion/Documents/OpenMantaClaus/install/interfaces/include/interfaces/interfaces/srv/detail/task_command__functions.h
[7.732s] -- Installing: /home/kushion/Documents/OpenMantaClaus/install/interfaces/include/interfaces/interfaces/srv/detail/setup__functions.c
[7.732s] -- Installing: /home/kushion/Documents/OpenMantaClaus/install/interfaces/include/interfaces/interfaces/srv/detail/task_complete__functions.h
[7.732s] -- Installing: /home/kushion/Documents/OpenMantaClaus/install/interfaces/include/interfaces/interfaces/srv/detail/task_complete__functions.c
[7.733s] -- Installing: /home/kushion/Documents/OpenMantaClaus/install/interfaces/include/interfaces/interfaces/srv/detail/task_command__type_support.h
[7.733s] -- Installing: /home/kushion/Documents/OpenMantaClaus/install/interfaces/include/interfaces/interfaces/srv/task_complete.h
[7.733s] -- Installing: /home/kushion/Documents/OpenMantaClaus/install/interfaces/include/interfaces/interfaces/srv/setup.h
[7.733s] -- Installing: /home/kushion/Documents/OpenMantaClaus/install/interfaces/include/interfaces/interfaces/srv/task_command.h
[7.733s] -- Installing: /home/kushion/Documents/OpenMantaClaus/install/interfaces/include/interfaces/interfaces/msg
[7.734s] -- Installing: /home/kushion/Documents/OpenMantaClaus/install/interfaces/include/interfaces/interfaces/msg/rosidl_generator_c__visibility_control.h
[7.734s] -- Installing: /home/kushion/Documents/OpenMantaClaus/install/interfaces/include/interfaces/interfaces/msg/detail
[7.734s] -- Installing: /home/kushion/Documents/OpenMantaClaus/install/interfaces/include/interfaces/interfaces/msg/detail/task_status__type_support.h
[7.734s] -- Installing: /home/kushion/Documents/OpenMantaClaus/install/interfaces/include/interfaces/interfaces/msg/detail/task_status__struct.h
[7.734s] -- Installing: /home/kushion/Documents/OpenMantaClaus/install/interfaces/include/interfaces/interfaces/msg/detail/feature_observations__functions.h
[7.734s] -- Installing: /home/kushion/Documents/OpenMantaClaus/install/interfaces/include/interfaces/interfaces/msg/detail/feature_observation__functions.h
[7.734s] -- Installing: /home/kushion/Documents/OpenMantaClaus/install/interfaces/include/interfaces/interfaces/msg/detail/task_status__functions.c
[7.735s] -- Installing: /home/kushion/Documents/OpenMantaClaus/install/interfaces/include/interfaces/interfaces/msg/detail/feature_observations__functions.c
[7.735s] -- Installing: /home/kushion/Documents/OpenMantaClaus/install/interfaces/include/interfaces/interfaces/msg/detail/feature_observation__struct.h
[7.735s] -- Installing: /home/kushion/Documents/OpenMantaClaus/install/interfaces/include/interfaces/interfaces/msg/detail/feature_observations__struct.h
[7.735s] -- Installing: /home/kushion/Documents/OpenMantaClaus/install/interfaces/include/interfaces/interfaces/msg/detail/feature_observations__type_support.h
[7.735s] -- Installing: /home/kushion/Documents/OpenMantaClaus/install/interfaces/include/interfaces/interfaces/msg/detail/feature_observation__type_support.h
[7.735s] -- Installing: /home/kushion/Documents/OpenMantaClaus/install/interfaces/include/interfaces/interfaces/msg/detail/task_status__functions.h
[7.736s] -- Installing: /home/kushion/Documents/OpenMantaClaus/install/interfaces/include/interfaces/interfaces/msg/detail/feature_observation__functions.c
[7.736s] -- Installing: /home/kushion/Documents/OpenMantaClaus/install/interfaces/include/interfaces/interfaces/msg/feature_observation.h
[7.736s] -- Installing: /home/kushion/Documents/OpenMantaClaus/install/interfaces/include/interfaces/interfaces/msg/task_status.h
[7.736s] -- Installing: /home/kushion/Documents/OpenMantaClaus/install/interfaces/include/interfaces/interfaces/msg/feature_observations.h
[7.736s] -- Installing: /home/kushion/Documents/OpenMantaClaus/install/interfaces/share/interfaces/environment/library_path.sh
[7.737s] -- Installing: /home/kushion/Documents/OpenMantaClaus/install/interfaces/share/interfaces/environment/library_path.dsv
[7.737s] -- Installing: /home/kushion/Documents/OpenMantaClaus/install/interfaces/lib/libinterfaces__rosidl_generator_c.so
[7.737s] -- Set runtime path of "/home/kushion/Documents/OpenMantaClaus/install/interfaces/lib/libinterfaces__rosidl_generator_c.so" to ""
[7.738s] -- Up-to-date: /home/kushion/Documents/OpenMantaClaus/install/interfaces/include/interfaces/interfaces
[7.738s] -- Up-to-date: /home/kushion/Documents/OpenMantaClaus/install/interfaces/include/interfaces/interfaces/srv
[7.738s] -- Up-to-date: /home/kushion/Documents/OpenMantaClaus/install/interfaces/include/interfaces/interfaces/srv/detail
[7.738s] -- Installing: /home/kushion/Documents/OpenMantaClaus/install/interfaces/include/interfaces/interfaces/srv/detail/setup__rosidl_typesupport_fastrtps_c.h
[7.738s] -- Installing: /home/kushion/Documents/OpenMantaClaus/install/interfaces/include/interfaces/interfaces/srv/detail/task_command__rosidl_typesupport_fastrtps_c.h
[7.738s] -- Installing: /home/kushion/Documents/OpenMantaClaus/install/interfaces/include/interfaces/interfaces/srv/detail/task_complete__rosidl_typesupport_fastrtps_c.h
[7.738s] -- Up-to-date: /home/kushion/Documents/OpenMantaClaus/install/interfaces/include/interfaces/interfaces/msg
[7.738s] -- Up-to-date: /home/kushion/Documents/OpenMantaClaus/install/interfaces/include/interfaces/interfaces/msg/detail
[7.738s] -- Installing: /home/kushion/Documents/OpenMantaClaus/install/interfaces/include/interfaces/interfaces/msg/detail/task_status__rosidl_typesupport_fastrtps_c.h
[7.739s] -- Installing: /home/kushion/Documents/OpenMantaClaus/install/interfaces/include/interfaces/interfaces/msg/detail/feature_observations__rosidl_typesupport_fastrtps_c.h
[7.739s] -- Installing: /home/kushion/Documents/OpenMantaClaus/install/interfaces/include/interfaces/interfaces/msg/detail/feature_observation__rosidl_typesupport_fastrtps_c.h
[7.739s] -- Installing: /home/kushion/Documents/OpenMantaClaus/install/interfaces/include/interfaces/interfaces/msg/rosidl_typesupport_fastrtps_c__visibility_control.h
[7.739s] -- Installing: /home/kushion/Documents/OpenMantaClaus/install/interfaces/lib/libinterfaces__rosidl_typesupport_fastrtps_c.so
[7.740s] -- Set runtime path of "/home/kushion/Documents/OpenMantaClaus/install/interfaces/lib/libinterfaces__rosidl_typesupport_fastrtps_c.so" to ""
[7.740s] -- Up-to-date: /home/kushion/Documents/OpenMantaClaus/install/interfaces/include/interfaces/interfaces
[7.740s] -- Up-to-date: /home/kushion/Documents/OpenMantaClaus/install/interfaces/include/interfaces/interfaces/srv
[7.740s] -- Up-to-date: /home/kushion/Documents/OpenMantaClaus/install/interfaces/include/interfaces/interfaces/srv/detail
[7.740s] -- Installing: /home/kushion/Documents/OpenMantaClaus/install/interfaces/include/interfaces/interfaces/srv/detail/task_command__rosidl_typesupport_introspection_c.h
[7.740s] -- Installing: /home/kushion/Documents/OpenMantaClaus/install/interfaces/include/interfaces/interfaces/srv/detail/setup__rosidl_typesupport_introspection_c.h
[7.740s] -- Installing: /home/kushion/Documents/OpenMantaClaus/install/interfaces/include/interfaces/interfaces/srv/detail/task_complete__rosidl_typesupport_introspection_c.h
[7.741s] -- Installing: /home/kushion/Documents/OpenMantaClaus/install/interfaces/include/interfaces/interfaces/srv/detail/task_complete__type_support.c
[7.741s] -- Installing: /home/kushion/Documents/OpenMantaClaus/install/interfaces/include/interfaces/interfaces/srv/detail/setup__type_support.c
[7.741s] -- Installing: /home/kushion/Documents/OpenMantaClaus/install/interfaces/include/interfaces/interfaces/srv/detail/task_command__type_support.c
[7.741s] -- Up-to-date: /home/kushion/Documents/OpenMantaClaus/install/interfaces/include/interfaces/interfaces/msg
[7.741s] -- Installing: /home/kushion/Documents/OpenMantaClaus/install/interfaces/include/interfaces/interfaces/msg/rosidl_typesupport_introspection_c__visibility_control.h
[7.741s] -- Up-to-date: /home/kushion/Documents/OpenMantaClaus/install/interfaces/include/interfaces/interfaces/msg/detail
[7.741s] -- Installing: /home/kushion/Documents/OpenMantaClaus/install/interfaces/include/interfaces/interfaces/msg/detail/task_status__rosidl_typesupport_introspection_c.h
[7.742s] -- Installing: /home/kushion/Documents/OpenMantaClaus/install/interfaces/include/interfaces/interfaces/msg/detail/feature_observations__type_support.c
[7.742s] -- Installing: /home/kushion/Documents/OpenMantaClaus/install/interfaces/include/interfaces/interfaces/msg/detail/feature_observations__rosidl_typesupport_introspection_c.h
[7.742s] -- Installing: /home/kushion/Documents/OpenMantaClaus/install/interfaces/include/interfaces/interfaces/msg/detail/task_status__type_support.c
[7.742s] -- Installing: /home/kushion/Documents/OpenMantaClaus/install/interfaces/include/interfaces/interfaces/msg/detail/feature_observation__rosidl_typesupport_introspection_c.h
[7.742s] -- Installing: /home/kushion/Documents/OpenMantaClaus/install/interfaces/include/interfaces/interfaces/msg/detail/feature_observation__type_support.c
[7.743s] -- Installing: /home/kushion/Documents/OpenMantaClaus/install/interfaces/lib/libinterfaces__rosidl_typesupport_introspection_c.so
[7.743s] -- Set runtime path of "/home/kushion/Documents/OpenMantaClaus/install/interfaces/lib/libinterfaces__rosidl_typesupport_introspection_c.so" to ""
[7.743s] -- Installing: /home/kushion/Documents/OpenMantaClaus/install/interfaces/lib/libinterfaces__rosidl_typesupport_c.so
[7.744s] -- Set runtime path of "/home/kushion/Documents/OpenMantaClaus/install/interfaces/lib/libinterfaces__rosidl_typesupport_c.so" to ""
[7.744s] -- Up-to-date: /home/kushion/Documents/OpenMantaClaus/install/interfaces/include/interfaces/interfaces
[7.744s] -- Up-to-date: /home/kushion/Documents/OpenMantaClaus/install/interfaces/include/interfaces/interfaces/srv
[7.744s] -- Installing: /home/kushion/Documents/OpenMantaClaus/install/interfaces/include/interfaces/interfaces/srv/task_command.hpp
[7.744s] -- Up-to-date: /home/kushion/Documents/OpenMantaClaus/install/interfaces/include/interfaces/interfaces/srv/detail
[7.744s] -- Installing: /home/kushion/Documents/OpenMantaClaus/install/interfaces/include/interfaces/interfaces/srv/detail/task_command__struct.hpp
[7.745s] -- Installing: /home/kushion/Documents/OpenMantaClaus/install/interfaces/include/interfaces/interfaces/srv/detail/setup__builder.hpp
[7.745s] -- Installing: /home/kushion/Documents/OpenMantaClaus/install/interfaces/include/interfaces/interfaces/srv/detail/task_command__builder.hpp
[7.745s] -- Installing: /home/kushion/Documents/OpenMantaClaus/install/interfaces/include/interfaces/interfaces/srv/detail/task_command__type_support.hpp
[7.745s] -- Installing: /home/kushion/Documents/OpenMantaClaus/install/interfaces/include/interfaces/interfaces/srv/detail/setup__traits.hpp
[7.745s] -- Installing: /home/kushion/Documents/OpenMantaClaus/install/interfaces/include/interfaces/interfaces/srv/detail/setup__struct.hpp
[7.745s] -- Installing: /home/kushion/Documents/OpenMantaClaus/install/interfaces/include/interfaces/interfaces/srv/detail/setup__type_support.hpp
[7.746s] -- Installing: /home/kushion/Documents/OpenMantaClaus/install/interfaces/include/interfaces/interfaces/srv/detail/task_complete__struct.hpp
[7.746s] -- Installing: /home/kushion/Documents/OpenMantaClaus/install/interfaces/include/interfaces/interfaces/srv/detail/task_command__traits.hpp
[7.746s] -- Installing: /home/kushion/Documents/OpenMantaClaus/install/interfaces/include/interfaces/interfaces/srv/detail/task_complete__builder.hpp
[7.746s] -- Installing: /home/kushion/Documents/OpenMantaClaus/install/interfaces/include/interfaces/interfaces/srv/detail/task_complete__traits.hpp
[7.746s] -- Installing: /home/kushion/Documents/OpenMantaClaus/install/interfaces/include/interfaces/interfaces/srv/detail/task_complete__type_support.hpp
[7.746s] -- Installing: /home/kushion/Documents/OpenMantaClaus/install/interfaces/include/interfaces/interfaces/srv/task_complete.hpp
[7.747s] -- Installing: /home/kushion/Documents/OpenMantaClaus/install/interfaces/include/interfaces/interfaces/srv/setup.hpp
[7.747s] -- Up-to-date: /home/kushion/Documents/OpenMantaClaus/install/interfaces/include/interfaces/interfaces/msg
[7.747s] -- Installing: /home/kushion/Documents/OpenMantaClaus/install/interfaces/include/interfaces/interfaces/msg/task_status.hpp
[7.747s] -- Up-to-date: /home/kushion/Documents/OpenMantaClaus/install/interfaces/include/interfaces/interfaces/msg/detail
[7.747s] -- Installing: /home/kushion/Documents/OpenMantaClaus/install/interfaces/include/interfaces/interfaces/msg/detail/feature_observation__struct.hpp
[7.747s] -- Installing: /home/kushion/Documents/OpenMantaClaus/install/interfaces/include/interfaces/interfaces/msg/detail/task_status__traits.hpp
[7.747s] -- Installing: /home/kushion/Documents/OpenMantaClaus/install/interfaces/include/interfaces/interfaces/msg/detail/feature_observations__builder.hpp
[7.747s] -- Installing: /home/kushion/Documents/OpenMantaClaus/install/interfaces/include/interfaces/interfaces/msg/detail/feature_observations__traits.hpp
[7.748s] -- Installing: /home/kushion/Documents/OpenMantaClaus/install/interfaces/include/interfaces/interfaces/msg/detail/task_status__builder.hpp
[7.748s] -- Installing: /home/kushion/Documents/OpenMantaClaus/install/interfaces/include/interfaces/interfaces/msg/detail/feature_observation__type_support.hpp
[7.748s] -- Installing: /home/kushion/Documents/OpenMantaClaus/install/interfaces/include/interfaces/interfaces/msg/detail/feature_observation__builder.hpp
[7.748s] -- Installing: /home/kushion/Documents/OpenMantaClaus/install/interfaces/include/interfaces/interfaces/msg/detail/feature_observations__struct.hpp
[7.748s] -- Installing: /home/kushion/Documents/OpenMantaClaus/install/interfaces/include/interfaces/interfaces/msg/detail/feature_observations__type_support.hpp
[7.748s] -- Installing: /home/kushion/Documents/OpenMantaClaus/install/interfaces/include/interfaces/interfaces/msg/detail/task_status__type_support.hpp
[7.749s] -- Installing: /home/kushion/Documents/OpenMantaClaus/install/interfaces/include/interfaces/interfaces/msg/detail/task_status__struct.hpp
[7.749s] -- Installing: /home/kushion/Documents/OpenMantaClaus/install/interfaces/include/interfaces/interfaces/msg/detail/feature_observation__traits.hpp
[7.749s] -- Installing: /home/kushion/Documents/OpenMantaClaus/install/interfaces/include/interfaces/interfaces/msg/feature_observations.hpp
[7.749s] -- Installing: /home/kushion/Documents/OpenMantaClaus/install/interfaces/include/interfaces/interfaces/msg/feature_observation.hpp
[7.749s] -- Installing: /home/kushion/Documents/OpenMantaClaus/install/interfaces/include/interfaces/interfaces/msg/rosidl_generator_cpp__visibility_control.hpp
[7.749s] -- Up-to-date: /home/kushion/Documents/OpenMantaClaus/install/interfaces/include/interfaces/interfaces
[7.750s] -- Up-to-date: /home/kushion/Documents/OpenMantaClaus/install/interfaces/include/interfaces/interfaces/srv
[7.750s] -- Up-to-date: /home/kushion/Documents/OpenMantaClaus/install/interfaces/include/interfaces/interfaces/srv/detail
[7.750s] -- Installing: /home/kushion/Documents/OpenMantaClaus/install/interfaces/include/interfaces/interfaces/srv/detail/task_command__rosidl_typesupport_fastrtps_cpp.hpp
[7.750s] -- Installing: /home/kushion/Documents/OpenMantaClaus/install/interfaces/include/interfaces/interfaces/srv/detail/dds_fastrtps
[7.750s] -- Installing: /home/kushion/Documents/OpenMantaClaus/install/interfaces/include/interfaces/interfaces/srv/detail/setup__rosidl_typesupport_fastrtps_cpp.hpp
[7.750s] -- Installing: /home/kushion/Documents/OpenMantaClaus/install/interfaces/include/interfaces/interfaces/srv/detail/task_complete__rosidl_typesupport_fastrtps_cpp.hpp
[7.750s] -- Up-to-date: /home/kushion/Documents/OpenMantaClaus/install/interfaces/include/interfaces/interfaces/msg
[7.750s] -- Up-to-date: /home/kushion/Documents/OpenMantaClaus/install/interfaces/include/interfaces/interfaces/msg/detail
[7.751s] -- Installing: /home/kushion/Documents/OpenMantaClaus/install/interfaces/include/interfaces/interfaces/msg/detail/task_status__rosidl_typesupport_fastrtps_cpp.hpp
[7.751s] -- Installing: /home/kushion/Documents/OpenMantaClaus/install/interfaces/include/interfaces/interfaces/msg/detail/feature_observation__rosidl_typesupport_fastrtps_cpp.hpp
[7.751s] -- Installing: /home/kushion/Documents/OpenMantaClaus/install/interfaces/include/interfaces/interfaces/msg/detail/feature_observations__rosidl_typesupport_fastrtps_cpp.hpp
[7.751s] -- Installing: /home/kushion/Documents/OpenMantaClaus/install/interfaces/include/interfaces/interfaces/msg/detail/dds_fastrtps
[7.751s] -- Installing: /home/kushion/Documents/OpenMantaClaus/install/interfaces/include/interfaces/interfaces/msg/rosidl_typesupport_fastrtps_cpp__visibility_control.h
[7.751s] -- Installing: /home/kushion/Documents/OpenMantaClaus/install/interfaces/lib/libinterfaces__rosidl_typesupport_fastrtps_cpp.so
[7.752s] -- Set runtime path of "/home/kushion/Documents/OpenMantaClaus/install/interfaces/lib/libinterfaces__rosidl_typesupport_fastrtps_cpp.so" to ""
[7.752s] -- Up-to-date: /home/kushion/Documents/OpenMantaClaus/install/interfaces/include/interfaces/interfaces
[7.752s] -- Up-to-date: /home/kushion/Documents/OpenMantaClaus/install/interfaces/include/interfaces/interfaces/srv
[7.752s] -- Up-to-date: /home/kushion/Documents/OpenMantaClaus/install/interfaces/include/interfaces/interfaces/srv/detail
[7.752s] -- Installing: /home/kushion/Documents/OpenMantaClaus/install/interfaces/include/interfaces/interfaces/srv/detail/task_complete__type_support.cpp
[7.753s] -- Installing: /home/kushion/Documents/OpenMantaClaus/install/interfaces/include/interfaces/interfaces/srv/detail/task_command__type_support.cpp
[7.753s] -- Installing: /home/kushion/Documents/OpenMantaClaus/install/interfaces/include/interfaces/interfaces/srv/detail/task_command__rosidl_typesupport_introspection_cpp.hpp
[7.753s] -- Installing: /home/kushion/Documents/OpenMantaClaus/install/interfaces/include/interfaces/interfaces/srv/detail/task_complete__rosidl_typesupport_introspection_cpp.hpp
[7.753s] -- Installing: /home/kushion/Documents/OpenMantaClaus/install/interfaces/include/interfaces/interfaces/srv/detail/setup__type_support.cpp
[7.753s] -- Installing: /home/kushion/Documents/OpenMantaClaus/install/interfaces/include/interfaces/interfaces/srv/detail/setup__rosidl_typesupport_introspection_cpp.hpp
[7.753s] -- Up-to-date: /home/kushion/Documents/OpenMantaClaus/install/interfaces/include/interfaces/interfaces/msg
[7.754s] -- Up-to-date: /home/kushion/Documents/OpenMantaClaus/install/interfaces/include/interfaces/interfaces/msg/detail
[7.754s] -- Installing: /home/kushion/Documents/OpenMantaClaus/install/interfaces/include/interfaces/interfaces/msg/detail/task_status__rosidl_typesupport_introspection_cpp.hpp
[7.754s] -- Installing: /home/kushion/Documents/OpenMantaClaus/install/interfaces/include/interfaces/interfaces/msg/detail/feature_observation__type_support.cpp
[7.754s] -- Installing: /home/kushion/Documents/OpenMantaClaus/install/interfaces/include/interfaces/interfaces/msg/detail/feature_observation__rosidl_typesupport_introspection_cpp.hpp
[7.754s] -- Installing: /home/kushion/Documents/OpenMantaClaus/install/interfaces/include/interfaces/interfaces/msg/detail/feature_observations__type_support.cpp
[7.754s] -- Installing: /home/kushion/Documents/OpenMantaClaus/install/interfaces/include/interfaces/interfaces/msg/detail/task_status__type_support.cpp
[7.754s] -- Installing: /home/kushion/Documents/OpenMantaClaus/install/interfaces/include/interfaces/interfaces/msg/detail/feature_observations__rosidl_typesupport_introspection_cpp.hpp
[7.755s] -- Installing: /home/kushion/Documents/OpenMantaClaus/install/interfaces/lib/libinterfaces__rosidl_typesupport_introspection_cpp.so
[7.755s] -- Set runtime path of "/home/kushion/Documents/OpenMantaClaus/install/interfaces/lib/libinterfaces__rosidl_typesupport_introspection_cpp.so" to ""
[7.755s] -- Installing: /home/kushion/Documents/OpenMantaClaus/install/interfaces/lib/libinterfaces__rosidl_typesupport_cpp.so
[7.756s] -- Set runtime path of "/home/kushion/Documents/OpenMantaClaus/install/interfaces/lib/libinterfaces__rosidl_typesupport_cpp.so" to ""
[7.756s] -- Installing: /home/kushion/Documents/OpenMantaClaus/install/interfaces/share/interfaces/environment/pythonpath.sh
[7.756s] -- Installing: /home/kushion/Documents/OpenMantaClaus/install/interfaces/share/interfaces/environment/pythonpath.dsv
[7.756s] -- Installing: /home/kushion/Documents/OpenMantaClaus/install/interfaces/local/lib/python3.10/dist-packages/interfaces-0.0.0-py3.10.egg-info
[7.757s] -- Installing: /home/kushion/Documents/OpenMantaClaus/install/interfaces/local/lib/python3.10/dist-packages/interfaces-0.0.0-py3.10.egg-info/PKG-INFO
[7.757s] -- Installing: /home/kushion/Documents/OpenMantaClaus/install/interfaces/local/lib/python3.10/dist-packages/interfaces-0.0.0-py3.10.egg-info/top_level.txt
[7.757s] -- Installing: /home/kushion/Documents/OpenMantaClaus/install/interfaces/local/lib/python3.10/dist-packages/interfaces-0.0.0-py3.10.egg-info/SOURCES.txt
[7.757s] -- Installing: /home/kushion/Documents/OpenMantaClaus/install/interfaces/local/lib/python3.10/dist-packages/interfaces-0.0.0-py3.10.egg-info/dependency_links.txt
[7.757s] -- Installing: /home/kushion/Documents/OpenMantaClaus/install/interfaces/local/lib/python3.10/dist-packages/interfaces
[7.757s] -- Installing: /home/kushion/Documents/OpenMantaClaus/install/interfaces/local/lib/python3.10/dist-packages/interfaces/_interfaces_s.ep.rosidl_typesupport_introspection_c.c
[7.758s] -- Installing: /home/kushion/Documents/OpenMantaClaus/install/interfaces/local/lib/python3.10/dist-packages/interfaces/srv
[7.758s] -- Installing: /home/kushion/Documents/OpenMantaClaus/install/interfaces/local/lib/python3.10/dist-packages/interfaces/srv/_task_command_s.c
[7.758s] -- Installing: /home/kushion/Documents/OpenMantaClaus/install/interfaces/local/lib/python3.10/dist-packages/interfaces/srv/__init__.py
[7.758s] -- Installing: /home/kushion/Documents/OpenMantaClaus/install/interfaces/local/lib/python3.10/dist-packages/interfaces/srv/_task_command.py
[7.758s] -- Installing: /home/kushion/Documents/OpenMantaClaus/install/interfaces/local/lib/python3.10/dist-packages/interfaces/srv/_setup.py
[7.758s] -- Installing: /home/kushion/Documents/OpenMantaClaus/install/interfaces/local/lib/python3.10/dist-packages/interfaces/srv/_task_complete_s.c
[7.759s] -- Installing: /home/kushion/Documents/OpenMantaClaus/install/interfaces/local/lib/python3.10/dist-packages/interfaces/srv/_task_complete.py
[7.759s] -- Installing: /home/kushion/Documents/OpenMantaClaus/install/interfaces/local/lib/python3.10/dist-packages/interfaces/srv/_setup_s.c
[7.759s] -- Installing: /home/kushion/Documents/OpenMantaClaus/install/interfaces/local/lib/python3.10/dist-packages/interfaces/__init__.py
[7.759s] -- Installing: /home/kushion/Documents/OpenMantaClaus/install/interfaces/local/lib/python3.10/dist-packages/interfaces/interfaces_s__rosidl_typesupport_introspection_c.cpython-310-x86_64-linux-gnu.so
[7.759s] -- Installing: /home/kushion/Documents/OpenMantaClaus/install/interfaces/local/lib/python3.10/dist-packages/interfaces/interfaces_s__rosidl_typesupport_c.cpython-310-x86_64-linux-gnu.so
[7.759s] -- Installing: /home/kushion/Documents/OpenMantaClaus/install/interfaces/local/lib/python3.10/dist-packages/interfaces/interfaces_s__rosidl_typesupport_fastrtps_c.cpython-310-x86_64-linux-gnu.so
[7.760s] -- Installing: /home/kushion/Documents/OpenMantaClaus/install/interfaces/local/lib/python3.10/dist-packages/interfaces/libinterfaces__rosidl_generator_py.so
[7.760s] -- Installing: /home/kushion/Documents/OpenMantaClaus/install/interfaces/local/lib/python3.10/dist-packages/interfaces/_interfaces_s.ep.rosidl_typesupport_fastrtps_c.c
[7.760s] -- Installing: /home/kushion/Documents/OpenMantaClaus/install/interfaces/local/lib/python3.10/dist-packages/interfaces/msg
[7.760s] -- Installing: /home/kushion/Documents/OpenMantaClaus/install/interfaces/local/lib/python3.10/dist-packages/interfaces/msg/_task_status.py
[7.760s] -- Installing: /home/kushion/Documents/OpenMantaClaus/install/interfaces/local/lib/python3.10/dist-packages/interfaces/msg/__init__.py
[7.760s] -- Installing: /home/kushion/Documents/OpenMantaClaus/install/interfaces/local/lib/python3.10/dist-packages/interfaces/msg/_feature_observations_s.c
[7.761s] -- Installing: /home/kushion/Documents/OpenMantaClaus/install/interfaces/local/lib/python3.10/dist-packages/interfaces/msg/_feature_observation.py
[7.761s] -- Installing: /home/kushion/Documents/OpenMantaClaus/install/interfaces/local/lib/python3.10/dist-packages/interfaces/msg/_feature_observation_s.c
[7.761s] -- Installing: /home/kushion/Documents/OpenMantaClaus/install/interfaces/local/lib/python3.10/dist-packages/interfaces/msg/_feature_observations.py
[7.761s] -- Installing: /home/kushion/Documents/OpenMantaClaus/install/interfaces/local/lib/python3.10/dist-packages/interfaces/msg/_task_status_s.c
[7.761s] -- Installing: /home/kushion/Documents/OpenMantaClaus/install/interfaces/local/lib/python3.10/dist-packages/interfaces/_interfaces_s.ep.rosidl_typesupport_c.c
[7.826s] Listing '/home/kushion/Documents/OpenMantaClaus/install/interfaces/local/lib/python3.10/dist-packages/interfaces'...
[7.826s] Compiling '/home/kushion/Documents/OpenMantaClaus/install/interfaces/local/lib/python3.10/dist-packages/interfaces/__init__.py'...
[7.827s] Listing '/home/kushion/Documents/OpenMantaClaus/install/interfaces/local/lib/python3.10/dist-packages/interfaces/msg'...
[7.827s] Compiling '/home/kushion/Documents/OpenMantaClaus/install/interfaces/local/lib/python3.10/dist-packages/interfaces/msg/__init__.py'...
[7.827s] Compiling '/home/kushion/Documents/OpenMantaClaus/install/interfaces/local/lib/python3.10/dist-packages/interfaces/msg/_feature_observation.py'...
[7.827s] Compiling '/home/kushion/Documents/OpenMantaClaus/install/interfaces/local/lib/python3.10/dist-packages/interfaces/msg/_feature_observations.py'...
[7.827s] Compiling '/home/kushion/Documents/OpenMantaClaus/install/interfaces/local/lib/python3.10/dist-packages/interfaces/msg/_task_status.py'...
[7.827s] Listing '/home/kushion/Documents/OpenMantaClaus/install/interfaces/local/lib/python3.10/dist-packages/interfaces/srv'...
[7.827s] Compiling '/home/kushion/Documents/OpenMantaClaus/install/interfaces/local/lib/python3.10/dist-packages/interfaces/srv/__init__.py'...
[7.827s] Compiling '/home/kushion/Documents/OpenMantaClaus/install/interfaces/local/lib/python3.10/dist-packages/interfaces/srv/_setup.py'...
[7.827s] Compiling '/home/kushion/Documents/OpenMantaClaus/install/interfaces/local/lib/python3.10/dist-packages/interfaces/srv/_task_command.py'...
[7.827s] Compiling '/home/kushion/Documents/OpenMantaClaus/install/interfaces/local/lib/python3.10/dist-packages/interfaces/srv/_task_complete.py'...
[7.832s] -- Installing: /home/kushion/Documents/OpenMantaClaus/install/interfaces/local/lib/python3.10/dist-packages/interfaces/interfaces_s__rosidl_typesupport_fastrtps_c.cpython-310-x86_64-linux-gnu.so
[7.832s] -- Set runtime path of "/home/kushion/Documents/OpenMantaClaus/install/interfaces/local/lib/python3.10/dist-packages/interfaces/interfaces_s__rosidl_typesupport_fastrtps_c.cpython-310-x86_64-linux-gnu.so" to ""
[7.832s] -- Installing: /home/kushion/Documents/OpenMantaClaus/install/interfaces/local/lib/python3.10/dist-packages/interfaces/interfaces_s__rosidl_typesupport_introspection_c.cpython-310-x86_64-linux-gnu.so
[7.833s] -- Set runtime path of "/home/kushion/Documents/OpenMantaClaus/install/interfaces/local/lib/python3.10/dist-packages/interfaces/interfaces_s__rosidl_typesupport_introspection_c.cpython-310-x86_64-linux-gnu.so" to ""
[7.833s] -- Installing: /home/kushion/Documents/OpenMantaClaus/install/interfaces/local/lib/python3.10/dist-packages/interfaces/interfaces_s__rosidl_typesupport_c.cpython-310-x86_64-linux-gnu.so
[7.833s] -- Set runtime path of "/home/kushion/Documents/OpenMantaClaus/install/interfaces/local/lib/python3.10/dist-packages/interfaces/interfaces_s__rosidl_typesupport_c.cpython-310-x86_64-linux-gnu.so" to ""
[7.833s] -- Installing: /home/kushion/Documents/OpenMantaClaus/install/interfaces/lib/libinterfaces__rosidl_generator_py.so
[7.833s] -- Set runtime path of "/home/kushion/Documents/OpenMantaClaus/install/interfaces/lib/libinterfaces__rosidl_generator_py.so" to ""
[7.834s] -- Installing: /home/kushion/Documents/OpenMantaClaus/install/interfaces/share/interfaces/msg/FeatureObservation.idl
[7.834s] -- Installing: /home/kushion/Documents/OpenMantaClaus/install/interfaces/share/interfaces/msg/FeatureObservations.idl
[7.834s] -- Installing: /home/kushion/Documents/OpenMantaClaus/install/interfaces/share/interfaces/msg/TaskStatus.idl
[7.834s] -- Installing: /home/kushion/Documents/OpenMantaClaus/install/interfaces/share/interfaces/srv/Setup.idl
[7.835s] -- Installing: /home/kushion/Documents/OpenMantaClaus/install/interfaces/share/interfaces/srv/TaskCommand.idl
[7.835s] -- Installing: /home/kushion/Documents/OpenMantaClaus/install/interfaces/share/interfaces/srv/TaskComplete.idl
[7.835s] -- Installing: /home/kushion/Documents/OpenMantaClaus/install/interfaces/share/interfaces/msg/FeatureObservation.msg
[7.835s] -- Installing: /home/kushion/Documents/OpenMantaClaus/install/interfaces/share/interfaces/msg/FeatureObservations.msg
[7.835s] -- Installing: /home/kushion/Documents/OpenMantaClaus/install/interfaces/share/interfaces/msg/TaskStatus.msg
[7.835s] -- Installing: /home/kushion/Documents/OpenMantaClaus/install/interfaces/share/interfaces/srv/Setup.srv
[7.835s] -- Installing: /home/kushion/Documents/OpenMantaClaus/install/interfaces/share/interfaces/srv/Setup_Request.msg
[7.835s] -- Installing: /home/kushion/Documents/OpenMantaClaus/install/interfaces/share/interfaces/srv/Setup_Response.msg
[7.836s] -- Installing: /home/kushion/Documents/OpenMantaClaus/install/interfaces/share/interfaces/srv/TaskCommand.srv
[7.836s] -- Installing: /home/kushion/Documents/OpenMantaClaus/install/interfaces/share/interfaces/srv/TaskCommand_Request.msg
[7.836s] -- Installing: /home/kushion/Documents/OpenMantaClaus/install/interfaces/share/interfaces/srv/TaskCommand_Response.msg
[7.836s] -- Installing: /home/kushion/Documents/OpenMantaClaus/install/interfaces/share/interfaces/srv/TaskComplete.srv
[7.836s] -- Installing: /home/kushion/Documents/OpenMantaClaus/install/interfaces/share/interfaces/srv/TaskComplete_Request.msg
[7.836s] -- Installing: /home/kushion/Documents/OpenMantaClaus/install/interfaces/share/interfaces/srv/TaskComplete_Response.msg
[7.837s] -- Installing: /home/kushion/Documents/OpenMantaClaus/install/interfaces/share/ament_index/resource_index/package_run_dependencies/interfaces
[7.837s] -- Installing: /home/kushion/Documents/OpenMantaClaus/install/interfaces/share/ament_index/resource_index/parent_prefix_path/interfaces
[7.837s] -- Installing: /home/kushion/Documents/OpenMantaClaus/install/interfaces/share/interfaces/environment/ament_prefix_path.sh
[7.837s] -- Installing: /home/kushion/Documents/OpenMantaClaus/install/interfaces/share/interfaces/environment/ament_prefix_path.dsv
[7.837s] -- Installing: /home/kushion/Documents/OpenMantaClaus/install/interfaces/share/interfaces/environment/path.sh
[7.837s] -- Installing: /home/kushion/Documents/OpenMantaClaus/install/interfaces/share/interfaces/environment/path.dsv
[7.838s] -- Installing: /home/kushion/Documents/OpenMantaClaus/install/interfaces/share/interfaces/local_setup.bash
[7.838s] -- Installing: /home/kushion/Documents/OpenMantaClaus/install/interfaces/share/interfaces/local_setup.sh
[7.838s] -- Installing: /home/kushion/Documents/OpenMantaClaus/install/interfaces/share/interfaces/local_setup.zsh
[7.838s] -- Installing: /home/kushion/Documents/OpenMantaClaus/install/interfaces/share/interfaces/local_setup.dsv
[7.838s] -- Installing: /home/kushion/Documents/OpenMantaClaus/install/interfaces/share/interfaces/package.dsv
[7.838s] -- Installing: /home/kushion/Documents/OpenMantaClaus/install/interfaces/share/ament_index/resource_index/packages/interfaces
[7.839s] -- Installing: /home/kushion/Documents/OpenMantaClaus/install/interfaces/share/interfaces/cmake/export_interfaces__rosidl_generator_cExport.cmake
[7.839s] -- Installing: /home/kushion/Documents/OpenMantaClaus/install/interfaces/share/interfaces/cmake/export_interfaces__rosidl_generator_cExport-noconfig.cmake
[7.839s] -- Installing: /home/kushion/Documents/OpenMantaClaus/install/interfaces/share/interfaces/cmake/export_interfaces__rosidl_typesupport_fastrtps_cExport.cmake
[7.839s] -- Installing: /home/kushion/Documents/OpenMantaClaus/install/interfaces/share/interfaces/cmake/export_interfaces__rosidl_typesupport_fastrtps_cExport-noconfig.cmake
[7.839s] -- Installing: /home/kushion/Documents/OpenMantaClaus/install/interfaces/share/interfaces/cmake/interfaces__rosidl_typesupport_introspection_cExport.cmake
[7.840s] -- Installing: /home/kushion/Documents/OpenMantaClaus/install/interfaces/share/interfaces/cmake/interfaces__rosidl_typesupport_introspection_cExport-noconfig.cmake
[7.840s] -- Installing: /home/kushion/Documents/OpenMantaClaus/install/interfaces/share/interfaces/cmake/interfaces__rosidl_typesupport_cExport.cmake
[7.840s] -- Installing: /home/kushion/Documents/OpenMantaClaus/install/interfaces/share/interfaces/cmake/interfaces__rosidl_typesupport_cExport-noconfig.cmake
[7.840s] -- Installing: /home/kushion/Documents/OpenMantaClaus/install/interfaces/share/interfaces/cmake/export_interfaces__rosidl_generator_cppExport.cmake
[7.840s] -- Installing: /home/kushion/Documents/OpenMantaClaus/install/interfaces/share/interfaces/cmake/export_interfaces__rosidl_typesupport_fastrtps_cppExport.cmake
[7.840s] -- Installing: /home/kushion/Documents/OpenMantaClaus/install/interfaces/share/interfaces/cmake/export_interfaces__rosidl_typesupport_fastrtps_cppExport-noconfig.cmake
[7.841s] -- Installing: /home/kushion/Documents/OpenMantaClaus/install/interfaces/share/interfaces/cmake/interfaces__rosidl_typesupport_introspection_cppExport.cmake
[7.841s] -- Installing: /home/kushion/Documents/OpenMantaClaus/install/interfaces/share/interfaces/cmake/interfaces__rosidl_typesupport_introspection_cppExport-noconfig.cmake
[7.841s] -- Installing: /home/kushion/Documents/OpenMantaClaus/install/interfaces/share/interfaces/cmake/interfaces__rosidl_typesupport_cppExport.cmake
[7.841s] -- Installing: /home/kushion/Documents/OpenMantaClaus/install/interfaces/share/interfaces/cmake/interfaces__rosidl_typesupport_cppExport-noconfig.cmake
[7.841s] -- Installing: /home/kushion/Documents/OpenMantaClaus/install/interfaces/share/interfaces/cmake/export_interfaces__rosidl_generator_pyExport.cmake
[7.841s] -- Installing: /home/kushion/Documents/OpenMantaClaus/install/interfaces/share/interfaces/cmake/export_interfaces__rosidl_generator_pyExport-noconfig.cmake
[7.842s] -- Installing: /home/kushion/Documents/OpenMantaClaus/install/interfaces/share/interfaces/cmake/rosidl_cmake-extras.cmake
[7.842s] -- Installing: /home/kushion/Documents/OpenMantaClaus/install/interfaces/share/interfaces/cmake/ament_cmake_export_dependencies-extras.cmake
[7.842s] -- Installing: /home/kushion/Documents/OpenMantaClaus/install/interfaces/share/interfaces/cmake/ament_cmake_export_include_directories-extras.cmake
[7.842s] -- Installing: /home/kushion/Documents/OpenMantaClaus/install/interfaces/share/interfaces/cmake/ament_cmake_export_libraries-extras.cmake
[7.842s] -- Installing: /home/kushion/Documents/OpenMantaClaus/install/interfaces/share/interfaces/cmake/ament_cmake_export_targets-extras.cmake
[7.842s] -- Installing: /home/kushion/Documents/OpenMantaClaus/install/interfaces/share/interfaces/cmake/rosidl_cmake_export_typesupport_targets-extras.cmake
[7.842s] -- Installing: /home/kushion/Documents/OpenMantaClaus/install/interfaces/share/interfaces/cmake/rosidl_cmake_export_typesupport_libraries-extras.cmake
[7.843s] -- Installing: /home/kushion/Documents/OpenMantaClaus/install/interfaces/share/interfaces/cmake/interfacesConfig.cmake
[7.843s] -- Installing: /home/kushion/Documents/OpenMantaClaus/install/interfaces/share/interfaces/cmake/interfacesConfig-version.cmake
[7.843s] -- Installing: /home/kushion/Documents/OpenMantaClaus/install/interfaces/share/interfaces/package.xml
[7.847s] Invoked command in '/home/kushion/Documents/OpenMantaClaus/build/interfaces' returned '0': CMAKE_PREFIX_PATH=${CMAKE_PREFIX_PATH}:/home/kushion/Desktop/piles/pile_detection/IsaacSim-ros_workspaces/humble_ws/install/isaac_ros_navigation_goal:/opt/ros/humble /usr/bin/cmake --install /home/kushion/Documents/OpenMantaClaus/build/interfaces
