-- The C compiler identification is GNU 11.4.0
-- The CXX compiler identification is GNU 11.4.0
-- Detecting C compiler ABI info
-- Detecting C compiler ABI info - done
-- Check for working C compiler: /usr/lib/ccache/cc - skipped
-- Detecting C compile features
-- Detecting C compile features - done
-- Detecting CXX compiler ABI info
-- Detecting CXX compiler ABI info - done
-- Check for working CXX compiler: /usr/lib/ccache/c++ - skipped
-- Detecting CXX compile features
-- Detecting CXX compile features - done
-- Found ament_cmake: 1.3.12 (/opt/ros/humble/share/ament_cmake/cmake)
-- Found Python3: /usr/bin/python3 (found version "3.10.12") found components: Interpreter 
-- Found rclcpp: 16.0.17 (/opt/ros/humble/share/rclcpp/cmake)
-- Found rosidl_generator_c: 3.1.8 (/opt/ros/humble/share/rosidl_generator_c/cmake)
-- Found rosidl_adapter: 3.1.8 (/opt/ros/humble/share/rosidl_adapter/cmake)
-- Found rosidl_generator_cpp: 3.1.8 (/opt/ros/humble/share/rosidl_generator_cpp/cmake)
-- Using all available rosidl_typesupport_c: rosidl_typesupport_fastrtps_c;rosidl_typesupport_introspection_c
-- Using all available rosidl_typesupport_cpp: rosidl_typesupport_fastrtps_cpp;rosidl_typesupport_introspection_cpp
-- Found rmw_implementation_cmake: 6.1.2 (/opt/ros/humble/share/rmw_implementation_cmake/cmake)
-- Found rmw_fastrtps_cpp: 6.2.9 (/opt/ros/humble/share/rmw_fastrtps_cpp/cmake)
-- Found OpenSSL: /usr/lib/x86_64-linux-gnu/libcrypto.so (found version "3.0.2")  
-- Found FastRTPS: /opt/ros/humble/include  
-- Using RMW implementation 'rmw_fastrtps_cpp' as default
-- Looking for pthread.h
-- Looking for pthread.h - found
-- Performing Test CMAKE_HAVE_LIBC_PTHREAD
-- Performing Test CMAKE_HAVE_LIBC_PTHREAD - Success
-- Found Threads: TRUE  
-- Found mavros_msgs: 2.14.0 (/opt/ros/humble/share/mavros_msgs/cmake)
-- Found interfaces: 0.0.0 (/home/kushion/Documents/OpenMantaClaus/install/interfaces/share/interfaces/cmake)
-- Found std_srvs: 4.9.0 (/opt/ros/humble/share/std_srvs/cmake)
-- Configuring done
-- Generating done
-- Build files have been written to: /home/kushion/Documents/OpenMantaClaus/build/brain
[ 66%] [32mBuilding CXX object CMakeFiles/brain_node.dir/src/brain.cpp.o[0m
[ 66%] [32mBuilding CXX object CMakeFiles/brain_node.dir/src/utils/brain_params.cpp.o[0m
[100%] [32m[1mLinking CXX executable brain_node[0m
[100%] Built target brain_node
-- Install configuration: ""
-- Installing: /home/kushion/Documents/OpenMantaClaus/install/brain/lib/brain/brain_node
-- Set runtime path of "/home/kushion/Documents/OpenMantaClaus/install/brain/lib/brain/brain_node" to ""
-- Installing: /home/kushion/Documents/OpenMantaClaus/install/brain/share/brain/launch
-- Installing: /home/kushion/Documents/OpenMantaClaus/install/brain/share/brain/launch/qual.launch.py
-- Installing: /home/kushion/Documents/OpenMantaClaus/install/brain/share/brain/launch/main.launch.py
-- Installing: /home/kushion/Documents/OpenMantaClaus/install/brain/share/brain/launch/sim_only_mavros.launch.py
-- Installing: /home/kushion/Documents/OpenMantaClaus/install/brain/share/brain/launch/params.yaml
-- Installing: /home/kushion/Documents/OpenMantaClaus/install/brain/share/brain/launch/robot_bringup.launch.py
-- Installing: /home/kushion/Documents/OpenMantaClaus/install/brain/share/brain/launch/apm_pluginlist.yaml
-- Installing: /home/kushion/Documents/OpenMantaClaus/install/brain/share/brain/launch/only_mavros.launch.py
-- Installing: /home/kushion/Documents/OpenMantaClaus/install/brain/share/brain/launch/dummy_cv.yaml
-- Installing: /home/kushion/Documents/OpenMantaClaus/install/brain/share/brain/launch/apm_config.yaml
-- Installing: /home/kushion/Documents/OpenMantaClaus/install/brain/share/brain/launch/brain_qual.yaml
-- Installing: /home/kushion/Documents/OpenMantaClaus/install/brain/share/brain/launch/hardcode_qual_full.launch.py
-- Installing: /home/kushion/Documents/OpenMantaClaus/install/brain/share/brain/launch/mavros.launch
-- Installing: /home/kushion/Documents/OpenMantaClaus/install/brain/include
-- Installing: /home/kushion/Documents/OpenMantaClaus/install/brain/include/brain
-- Installing: /home/kushion/Documents/OpenMantaClaus/install/brain/include/brain/brain.hpp
-- Installing: /home/kushion/Documents/OpenMantaClaus/install/brain/include/brain/utils
-- Installing: /home/kushion/Documents/OpenMantaClaus/install/brain/include/brain/utils/brain_params.hpp
-- Installing: /home/kushion/Documents/OpenMantaClaus/install/brain/share/ament_index/resource_index/package_run_dependencies/brain
-- Installing: /home/kushion/Documents/OpenMantaClaus/install/brain/share/ament_index/resource_index/parent_prefix_path/brain
-- Installing: /home/kushion/Documents/OpenMantaClaus/install/brain/share/brain/environment/ament_prefix_path.sh
-- Installing: /home/kushion/Documents/OpenMantaClaus/install/brain/share/brain/environment/ament_prefix_path.dsv
-- Installing: /home/kushion/Documents/OpenMantaClaus/install/brain/share/brain/environment/path.sh
-- Installing: /home/kushion/Documents/OpenMantaClaus/install/brain/share/brain/environment/path.dsv
-- Installing: /home/kushion/Documents/OpenMantaClaus/install/brain/share/brain/local_setup.bash
-- Installing: /home/kushion/Documents/OpenMantaClaus/install/brain/share/brain/local_setup.sh
-- Installing: /home/kushion/Documents/OpenMantaClaus/install/brain/share/brain/local_setup.zsh
-- Installing: /home/kushion/Documents/OpenMantaClaus/install/brain/share/brain/local_setup.dsv
-- Installing: /home/kushion/Documents/OpenMantaClaus/install/brain/share/brain/package.dsv
-- Installing: /home/kushion/Documents/OpenMantaClaus/install/brain/share/ament_index/resource_index/packages/brain
-- Installing: /home/kushion/Documents/OpenMantaClaus/install/brain/share/brain/cmake/brainConfig.cmake
-- Installing: /home/kushion/Documents/OpenMantaClaus/install/brain/share/brain/cmake/brainConfig-version.cmake
-- Installing: /home/kushion/Documents/OpenMantaClaus/install/brain/share/brain/package.xml
