[  1%] Built target interfaces__cpp
[ 12%] Built target interfaces__rosidl_generator_c
[ 12%] Built target ament_cmake_python_copy_interfaces
[ 23%] Built target interfaces__rosidl_typesupport_introspection_c
[ 36%] Built target interfaces__rosidl_typesupport_fastrtps_cpp
[ 46%] Built target interfaces__rosidl_typesupport_c
[ 69%] Built target interfaces__rosidl_typesupport_introspection_cpp
[ 69%] Built target interfaces__rosidl_typesupport_cpp
[ 80%] Built target interfaces__rosidl_typesupport_fastrtps_c
[ 80%] Built target interfaces
[ 81%] Built target interfaces__py
[ 91%] Built target interfaces__rosidl_generator_py
[ 95%] Built target interfaces__rosidl_typesupport_fastrtps_c__pyext
[ 98%] Built target interfaces__rosidl_typesupport_c__pyext
[100%] Built target interfaces__rosidl_typesupport_introspection_c__pyext
running egg_info
writing interfaces.egg-info/PKG-INFO
writing dependency_links to interfaces.egg-info/dependency_links.txt
writing top-level names to interfaces.egg-info/top_level.txt
reading manifest file 'interfaces.egg-info/SOURCES.txt'
writing manifest file 'interfaces.egg-info/SOURCES.txt'
[100%] Built target ament_cmake_python_build_interfaces_egg
-- Install configuration: ""
-- Up-to-date: /home/kushion/Documents/OpenMantaClaus/install/interfaces/share/ament_index/resource_index/rosidl_interfaces/interfaces
-- Up-to-date: /home/kushion/Documents/OpenMantaClaus/install/interfaces/include/interfaces/interfaces
-- Up-to-date: /home/kushion/Documents/OpenMantaClaus/install/interfaces/include/interfaces/interfaces/srv
-- Up-to-date: /home/kushion/Documents/OpenMantaClaus/install/interfaces/include/interfaces/interfaces/srv/detail
-- Up-to-date: /home/kushion/Documents/OpenMantaClaus/install/interfaces/include/interfaces/interfaces/srv/detail/setup__struct.h
-- Up-to-date: /home/kushion/Documents/OpenMantaClaus/install/interfaces/include/interfaces/interfaces/srv/detail/setup__type_support.h
-- Up-to-date: /home/kushion/Documents/OpenMantaClaus/install/interfaces/include/interfaces/interfaces/srv/detail/task_complete__struct.h
-- Up-to-date: /home/kushion/Documents/OpenMantaClaus/install/interfaces/include/interfaces/interfaces/srv/detail/task_command__functions.c
-- Up-to-date: /home/kushion/Documents/OpenMantaClaus/install/interfaces/include/interfaces/interfaces/srv/detail/setup__functions.h
-- Up-to-date: /home/kushion/Documents/OpenMantaClaus/install/interfaces/include/interfaces/interfaces/srv/detail/task_command__struct.h
-- Up-to-date: /home/kushion/Documents/OpenMantaClaus/install/interfaces/include/interfaces/interfaces/srv/detail/task_complete__type_support.h
-- Up-to-date: /home/kushion/Documents/OpenMantaClaus/install/interfaces/include/interfaces/interfaces/srv/detail/task_command__functions.h
-- Up-to-date: /home/kushion/Documents/OpenMantaClaus/install/interfaces/include/interfaces/interfaces/srv/detail/setup__functions.c
-- Up-to-date: /home/kushion/Documents/OpenMantaClaus/install/interfaces/include/interfaces/interfaces/srv/detail/task_complete__functions.h
-- Up-to-date: /home/kushion/Documents/OpenMantaClaus/install/interfaces/include/interfaces/interfaces/srv/detail/task_complete__functions.c
-- Up-to-date: /home/kushion/Documents/OpenMantaClaus/install/interfaces/include/interfaces/interfaces/srv/detail/task_command__type_support.h
-- Up-to-date: /home/kushion/Documents/OpenMantaClaus/install/interfaces/include/interfaces/interfaces/srv/task_complete.h
-- Up-to-date: /home/kushion/Documents/OpenMantaClaus/install/interfaces/include/interfaces/interfaces/srv/setup.h
-- Up-to-date: /home/kushion/Documents/OpenMantaClaus/install/interfaces/include/interfaces/interfaces/srv/task_command.h
-- Up-to-date: /home/kushion/Documents/OpenMantaClaus/install/interfaces/include/interfaces/interfaces/msg
-- Up-to-date: /home/kushion/Documents/OpenMantaClaus/install/interfaces/include/interfaces/interfaces/msg/rosidl_generator_c__visibility_control.h
-- Up-to-date: /home/kushion/Documents/OpenMantaClaus/install/interfaces/include/interfaces/interfaces/msg/detail
-- Up-to-date: /home/kushion/Documents/OpenMantaClaus/install/interfaces/include/interfaces/interfaces/msg/detail/task_status__type_support.h
-- Up-to-date: /home/kushion/Documents/OpenMantaClaus/install/interfaces/include/interfaces/interfaces/msg/detail/task_status__struct.h
-- Up-to-date: /home/kushion/Documents/OpenMantaClaus/install/interfaces/include/interfaces/interfaces/msg/detail/feature_observations__functions.h
-- Up-to-date: /home/kushion/Documents/OpenMantaClaus/install/interfaces/include/interfaces/interfaces/msg/detail/feature_observation__functions.h
-- Up-to-date: /home/kushion/Documents/OpenMantaClaus/install/interfaces/include/interfaces/interfaces/msg/detail/task_status__functions.c
-- Up-to-date: /home/kushion/Documents/OpenMantaClaus/install/interfaces/include/interfaces/interfaces/msg/detail/feature_observations__functions.c
-- Up-to-date: /home/kushion/Documents/OpenMantaClaus/install/interfaces/include/interfaces/interfaces/msg/detail/feature_observation__struct.h
-- Up-to-date: /home/kushion/Documents/OpenMantaClaus/install/interfaces/include/interfaces/interfaces/msg/detail/feature_observations__struct.h
-- Up-to-date: /home/kushion/Documents/OpenMantaClaus/install/interfaces/include/interfaces/interfaces/msg/detail/feature_observations__type_support.h
-- Up-to-date: /home/kushion/Documents/OpenMantaClaus/install/interfaces/include/interfaces/interfaces/msg/detail/feature_observation__type_support.h
-- Up-to-date: /home/kushion/Documents/OpenMantaClaus/install/interfaces/include/interfaces/interfaces/msg/detail/task_status__functions.h
-- Up-to-date: /home/kushion/Documents/OpenMantaClaus/install/interfaces/include/interfaces/interfaces/msg/detail/feature_observation__functions.c
-- Up-to-date: /home/kushion/Documents/OpenMantaClaus/install/interfaces/include/interfaces/interfaces/msg/feature_observation.h
-- Up-to-date: /home/kushion/Documents/OpenMantaClaus/install/interfaces/include/interfaces/interfaces/msg/task_status.h
-- Up-to-date: /home/kushion/Documents/OpenMantaClaus/install/interfaces/include/interfaces/interfaces/msg/feature_observations.h
-- Up-to-date: /home/kushion/Documents/OpenMantaClaus/install/interfaces/share/interfaces/environment/library_path.sh
-- Up-to-date: /home/kushion/Documents/OpenMantaClaus/install/interfaces/share/interfaces/environment/library_path.dsv
-- Up-to-date: /home/kushion/Documents/OpenMantaClaus/install/interfaces/lib/libinterfaces__rosidl_generator_c.so
-- Up-to-date: /home/kushion/Documents/OpenMantaClaus/install/interfaces/include/interfaces/interfaces
-- Up-to-date: /home/kushion/Documents/OpenMantaClaus/install/interfaces/include/interfaces/interfaces/srv
-- Up-to-date: /home/kushion/Documents/OpenMantaClaus/install/interfaces/include/interfaces/interfaces/srv/detail
-- Up-to-date: /home/kushion/Documents/OpenMantaClaus/install/interfaces/include/interfaces/interfaces/srv/detail/setup__rosidl_typesupport_fastrtps_c.h
-- Up-to-date: /home/kushion/Documents/OpenMantaClaus/install/interfaces/include/interfaces/interfaces/srv/detail/task_command__rosidl_typesupport_fastrtps_c.h
-- Up-to-date: /home/kushion/Documents/OpenMantaClaus/install/interfaces/include/interfaces/interfaces/srv/detail/task_complete__rosidl_typesupport_fastrtps_c.h
-- Up-to-date: /home/kushion/Documents/OpenMantaClaus/install/interfaces/include/interfaces/interfaces/msg
-- Up-to-date: /home/kushion/Documents/OpenMantaClaus/install/interfaces/include/interfaces/interfaces/msg/detail
-- Up-to-date: /home/kushion/Documents/OpenMantaClaus/install/interfaces/include/interfaces/interfaces/msg/detail/task_status__rosidl_typesupport_fastrtps_c.h
-- Up-to-date: /home/kushion/Documents/OpenMantaClaus/install/interfaces/include/interfaces/interfaces/msg/detail/feature_observations__rosidl_typesupport_fastrtps_c.h
-- Up-to-date: /home/kushion/Documents/OpenMantaClaus/install/interfaces/include/interfaces/interfaces/msg/detail/feature_observation__rosidl_typesupport_fastrtps_c.h
-- Up-to-date: /home/kushion/Documents/OpenMantaClaus/install/interfaces/include/interfaces/interfaces/msg/rosidl_typesupport_fastrtps_c__visibility_control.h
-- Up-to-date: /home/kushion/Documents/OpenMantaClaus/install/interfaces/lib/libinterfaces__rosidl_typesupport_fastrtps_c.so
-- Up-to-date: /home/kushion/Documents/OpenMantaClaus/install/interfaces/include/interfaces/interfaces
-- Up-to-date: /home/kushion/Documents/OpenMantaClaus/install/interfaces/include/interfaces/interfaces/srv
-- Up-to-date: /home/kushion/Documents/OpenMantaClaus/install/interfaces/include/interfaces/interfaces/srv/detail
-- Up-to-date: /home/kushion/Documents/OpenMantaClaus/install/interfaces/include/interfaces/interfaces/srv/detail/task_command__rosidl_typesupport_introspection_c.h
-- Up-to-date: /home/kushion/Documents/OpenMantaClaus/install/interfaces/include/interfaces/interfaces/srv/detail/setup__rosidl_typesupport_introspection_c.h
-- Up-to-date: /home/kushion/Documents/OpenMantaClaus/install/interfaces/include/interfaces/interfaces/srv/detail/task_complete__rosidl_typesupport_introspection_c.h
-- Up-to-date: /home/kushion/Documents/OpenMantaClaus/install/interfaces/include/interfaces/interfaces/srv/detail/task_complete__type_support.c
-- Up-to-date: /home/kushion/Documents/OpenMantaClaus/install/interfaces/include/interfaces/interfaces/srv/detail/setup__type_support.c
-- Up-to-date: /home/kushion/Documents/OpenMantaClaus/install/interfaces/include/interfaces/interfaces/srv/detail/task_command__type_support.c
-- Up-to-date: /home/kushion/Documents/OpenMantaClaus/install/interfaces/include/interfaces/interfaces/msg
-- Up-to-date: /home/kushion/Documents/OpenMantaClaus/install/interfaces/include/interfaces/interfaces/msg/rosidl_typesupport_introspection_c__visibility_control.h
-- Up-to-date: /home/kushion/Documents/OpenMantaClaus/install/interfaces/include/interfaces/interfaces/msg/detail
-- Up-to-date: /home/kushion/Documents/OpenMantaClaus/install/interfaces/include/interfaces/interfaces/msg/detail/task_status__rosidl_typesupport_introspection_c.h
-- Up-to-date: /home/kushion/Documents/OpenMantaClaus/install/interfaces/include/interfaces/interfaces/msg/detail/feature_observations__type_support.c
-- Up-to-date: /home/kushion/Documents/OpenMantaClaus/install/interfaces/include/interfaces/interfaces/msg/detail/feature_observations__rosidl_typesupport_introspection_c.h
-- Up-to-date: /home/kushion/Documents/OpenMantaClaus/install/interfaces/include/interfaces/interfaces/msg/detail/task_status__type_support.c
-- Up-to-date: /home/kushion/Documents/OpenMantaClaus/install/interfaces/include/interfaces/interfaces/msg/detail/feature_observation__rosidl_typesupport_introspection_c.h
-- Up-to-date: /home/kushion/Documents/OpenMantaClaus/install/interfaces/include/interfaces/interfaces/msg/detail/feature_observation__type_support.c
-- Up-to-date: /home/kushion/Documents/OpenMantaClaus/install/interfaces/lib/libinterfaces__rosidl_typesupport_introspection_c.so
-- Up-to-date: /home/kushion/Documents/OpenMantaClaus/install/interfaces/lib/libinterfaces__rosidl_typesupport_c.so
-- Up-to-date: /home/kushion/Documents/OpenMantaClaus/install/interfaces/include/interfaces/interfaces
-- Up-to-date: /home/kushion/Documents/OpenMantaClaus/install/interfaces/include/interfaces/interfaces/srv
-- Up-to-date: /home/kushion/Documents/OpenMantaClaus/install/interfaces/include/interfaces/interfaces/srv/task_command.hpp
-- Up-to-date: /home/kushion/Documents/OpenMantaClaus/install/interfaces/include/interfaces/interfaces/srv/detail
-- Up-to-date: /home/kushion/Documents/OpenMantaClaus/install/interfaces/include/interfaces/interfaces/srv/detail/task_command__struct.hpp
-- Up-to-date: /home/kushion/Documents/OpenMantaClaus/install/interfaces/include/interfaces/interfaces/srv/detail/setup__builder.hpp
-- Up-to-date: /home/kushion/Documents/OpenMantaClaus/install/interfaces/include/interfaces/interfaces/srv/detail/task_command__builder.hpp
-- Up-to-date: /home/kushion/Documents/OpenMantaClaus/install/interfaces/include/interfaces/interfaces/srv/detail/task_command__type_support.hpp
-- Up-to-date: /home/kushion/Documents/OpenMantaClaus/install/interfaces/include/interfaces/interfaces/srv/detail/setup__traits.hpp
-- Up-to-date: /home/kushion/Documents/OpenMantaClaus/install/interfaces/include/interfaces/interfaces/srv/detail/setup__struct.hpp
-- Up-to-date: /home/kushion/Documents/OpenMantaClaus/install/interfaces/include/interfaces/interfaces/srv/detail/setup__type_support.hpp
-- Up-to-date: /home/kushion/Documents/OpenMantaClaus/install/interfaces/include/interfaces/interfaces/srv/detail/task_complete__struct.hpp
-- Up-to-date: /home/kushion/Documents/OpenMantaClaus/install/interfaces/include/interfaces/interfaces/srv/detail/task_command__traits.hpp
-- Up-to-date: /home/kushion/Documents/OpenMantaClaus/install/interfaces/include/interfaces/interfaces/srv/detail/task_complete__builder.hpp
-- Up-to-date: /home/kushion/Documents/OpenMantaClaus/install/interfaces/include/interfaces/interfaces/srv/detail/task_complete__traits.hpp
-- Up-to-date: /home/kushion/Documents/OpenMantaClaus/install/interfaces/include/interfaces/interfaces/srv/detail/task_complete__type_support.hpp
-- Up-to-date: /home/kushion/Documents/OpenMantaClaus/install/interfaces/include/interfaces/interfaces/srv/task_complete.hpp
-- Up-to-date: /home/kushion/Documents/OpenMantaClaus/install/interfaces/include/interfaces/interfaces/srv/setup.hpp
-- Up-to-date: /home/kushion/Documents/OpenMantaClaus/install/interfaces/include/interfaces/interfaces/msg
-- Up-to-date: /home/kushion/Documents/OpenMantaClaus/install/interfaces/include/interfaces/interfaces/msg/task_status.hpp
-- Up-to-date: /home/kushion/Documents/OpenMantaClaus/install/interfaces/include/interfaces/interfaces/msg/detail
-- Up-to-date: /home/kushion/Documents/OpenMantaClaus/install/interfaces/include/interfaces/interfaces/msg/detail/feature_observation__struct.hpp
-- Up-to-date: /home/kushion/Documents/OpenMantaClaus/install/interfaces/include/interfaces/interfaces/msg/detail/task_status__traits.hpp
-- Up-to-date: /home/kushion/Documents/OpenMantaClaus/install/interfaces/include/interfaces/interfaces/msg/detail/feature_observations__builder.hpp
-- Up-to-date: /home/kushion/Documents/OpenMantaClaus/install/interfaces/include/interfaces/interfaces/msg/detail/feature_observations__traits.hpp
-- Up-to-date: /home/kushion/Documents/OpenMantaClaus/install/interfaces/include/interfaces/interfaces/msg/detail/task_status__builder.hpp
-- Up-to-date: /home/kushion/Documents/OpenMantaClaus/install/interfaces/include/interfaces/interfaces/msg/detail/feature_observation__type_support.hpp
-- Up-to-date: /home/kushion/Documents/OpenMantaClaus/install/interfaces/include/interfaces/interfaces/msg/detail/feature_observation__builder.hpp
-- Up-to-date: /home/kushion/Documents/OpenMantaClaus/install/interfaces/include/interfaces/interfaces/msg/detail/feature_observations__struct.hpp
-- Up-to-date: /home/kushion/Documents/OpenMantaClaus/install/interfaces/include/interfaces/interfaces/msg/detail/feature_observations__type_support.hpp
-- Up-to-date: /home/kushion/Documents/OpenMantaClaus/install/interfaces/include/interfaces/interfaces/msg/detail/task_status__type_support.hpp
-- Up-to-date: /home/kushion/Documents/OpenMantaClaus/install/interfaces/include/interfaces/interfaces/msg/detail/task_status__struct.hpp
-- Up-to-date: /home/kushion/Documents/OpenMantaClaus/install/interfaces/include/interfaces/interfaces/msg/detail/feature_observation__traits.hpp
-- Up-to-date: /home/kushion/Documents/OpenMantaClaus/install/interfaces/include/interfaces/interfaces/msg/feature_observations.hpp
-- Up-to-date: /home/kushion/Documents/OpenMantaClaus/install/interfaces/include/interfaces/interfaces/msg/feature_observation.hpp
-- Up-to-date: /home/kushion/Documents/OpenMantaClaus/install/interfaces/include/interfaces/interfaces/msg/rosidl_generator_cpp__visibility_control.hpp
-- Up-to-date: /home/kushion/Documents/OpenMantaClaus/install/interfaces/include/interfaces/interfaces
-- Up-to-date: /home/kushion/Documents/OpenMantaClaus/install/interfaces/include/interfaces/interfaces/srv
-- Up-to-date: /home/kushion/Documents/OpenMantaClaus/install/interfaces/include/interfaces/interfaces/srv/detail
-- Up-to-date: /home/kushion/Documents/OpenMantaClaus/install/interfaces/include/interfaces/interfaces/srv/detail/task_command__rosidl_typesupport_fastrtps_cpp.hpp
-- Up-to-date: /home/kushion/Documents/OpenMantaClaus/install/interfaces/include/interfaces/interfaces/srv/detail/dds_fastrtps
-- Up-to-date: /home/kushion/Documents/OpenMantaClaus/install/interfaces/include/interfaces/interfaces/srv/detail/setup__rosidl_typesupport_fastrtps_cpp.hpp
-- Up-to-date: /home/kushion/Documents/OpenMantaClaus/install/interfaces/include/interfaces/interfaces/srv/detail/task_complete__rosidl_typesupport_fastrtps_cpp.hpp
-- Up-to-date: /home/kushion/Documents/OpenMantaClaus/install/interfaces/include/interfaces/interfaces/msg
-- Up-to-date: /home/kushion/Documents/OpenMantaClaus/install/interfaces/include/interfaces/interfaces/msg/detail
-- Up-to-date: /home/kushion/Documents/OpenMantaClaus/install/interfaces/include/interfaces/interfaces/msg/detail/task_status__rosidl_typesupport_fastrtps_cpp.hpp
-- Up-to-date: /home/kushion/Documents/OpenMantaClaus/install/interfaces/include/interfaces/interfaces/msg/detail/feature_observation__rosidl_typesupport_fastrtps_cpp.hpp
-- Up-to-date: /home/kushion/Documents/OpenMantaClaus/install/interfaces/include/interfaces/interfaces/msg/detail/feature_observations__rosidl_typesupport_fastrtps_cpp.hpp
-- Up-to-date: /home/kushion/Documents/OpenMantaClaus/install/interfaces/include/interfaces/interfaces/msg/detail/dds_fastrtps
-- Up-to-date: /home/kushion/Documents/OpenMantaClaus/install/interfaces/include/interfaces/interfaces/msg/rosidl_typesupport_fastrtps_cpp__visibility_control.h
-- Up-to-date: /home/kushion/Documents/OpenMantaClaus/install/interfaces/lib/libinterfaces__rosidl_typesupport_fastrtps_cpp.so
-- Up-to-date: /home/kushion/Documents/OpenMantaClaus/install/interfaces/include/interfaces/interfaces
-- Up-to-date: /home/kushion/Documents/OpenMantaClaus/install/interfaces/include/interfaces/interfaces/srv
-- Up-to-date: /home/kushion/Documents/OpenMantaClaus/install/interfaces/include/interfaces/interfaces/srv/detail
-- Up-to-date: /home/kushion/Documents/OpenMantaClaus/install/interfaces/include/interfaces/interfaces/srv/detail/task_complete__type_support.cpp
-- Up-to-date: /home/kushion/Documents/OpenMantaClaus/install/interfaces/include/interfaces/interfaces/srv/detail/task_command__type_support.cpp
-- Up-to-date: /home/kushion/Documents/OpenMantaClaus/install/interfaces/include/interfaces/interfaces/srv/detail/task_command__rosidl_typesupport_introspection_cpp.hpp
-- Up-to-date: /home/kushion/Documents/OpenMantaClaus/install/interfaces/include/interfaces/interfaces/srv/detail/task_complete__rosidl_typesupport_introspection_cpp.hpp
-- Up-to-date: /home/kushion/Documents/OpenMantaClaus/install/interfaces/include/interfaces/interfaces/srv/detail/setup__type_support.cpp
-- Up-to-date: /home/kushion/Documents/OpenMantaClaus/install/interfaces/include/interfaces/interfaces/srv/detail/setup__rosidl_typesupport_introspection_cpp.hpp
-- Up-to-date: /home/kushion/Documents/OpenMantaClaus/install/interfaces/include/interfaces/interfaces/msg
-- Up-to-date: /home/kushion/Documents/OpenMantaClaus/install/interfaces/include/interfaces/interfaces/msg/detail
-- Up-to-date: /home/kushion/Documents/OpenMantaClaus/install/interfaces/include/interfaces/interfaces/msg/detail/task_status__rosidl_typesupport_introspection_cpp.hpp
-- Up-to-date: /home/kushion/Documents/OpenMantaClaus/install/interfaces/include/interfaces/interfaces/msg/detail/feature_observation__type_support.cpp
-- Up-to-date: /home/kushion/Documents/OpenMantaClaus/install/interfaces/include/interfaces/interfaces/msg/detail/feature_observation__rosidl_typesupport_introspection_cpp.hpp
-- Up-to-date: /home/kushion/Documents/OpenMantaClaus/install/interfaces/include/interfaces/interfaces/msg/detail/feature_observations__type_support.cpp
-- Up-to-date: /home/kushion/Documents/OpenMantaClaus/install/interfaces/include/interfaces/interfaces/msg/detail/task_status__type_support.cpp
-- Up-to-date: /home/kushion/Documents/OpenMantaClaus/install/interfaces/include/interfaces/interfaces/msg/detail/feature_observations__rosidl_typesupport_introspection_cpp.hpp
-- Up-to-date: /home/kushion/Documents/OpenMantaClaus/install/interfaces/lib/libinterfaces__rosidl_typesupport_introspection_cpp.so
-- Up-to-date: /home/kushion/Documents/OpenMantaClaus/install/interfaces/lib/libinterfaces__rosidl_typesupport_cpp.so
-- Up-to-date: /home/kushion/Documents/OpenMantaClaus/install/interfaces/share/interfaces/environment/pythonpath.sh
-- Up-to-date: /home/kushion/Documents/OpenMantaClaus/install/interfaces/share/interfaces/environment/pythonpath.dsv
-- Up-to-date: /home/kushion/Documents/OpenMantaClaus/install/interfaces/local/lib/python3.10/dist-packages/interfaces-0.0.0-py3.10.egg-info
-- Installing: /home/kushion/Documents/OpenMantaClaus/install/interfaces/local/lib/python3.10/dist-packages/interfaces-0.0.0-py3.10.egg-info/PKG-INFO
-- Installing: /home/kushion/Documents/OpenMantaClaus/install/interfaces/local/lib/python3.10/dist-packages/interfaces-0.0.0-py3.10.egg-info/top_level.txt
-- Installing: /home/kushion/Documents/OpenMantaClaus/install/interfaces/local/lib/python3.10/dist-packages/interfaces-0.0.0-py3.10.egg-info/SOURCES.txt
-- Installing: /home/kushion/Documents/OpenMantaClaus/install/interfaces/local/lib/python3.10/dist-packages/interfaces-0.0.0-py3.10.egg-info/dependency_links.txt
-- Up-to-date: /home/kushion/Documents/OpenMantaClaus/install/interfaces/local/lib/python3.10/dist-packages/interfaces
-- Up-to-date: /home/kushion/Documents/OpenMantaClaus/install/interfaces/local/lib/python3.10/dist-packages/interfaces/_interfaces_s.ep.rosidl_typesupport_introspection_c.c
-- Up-to-date: /home/kushion/Documents/OpenMantaClaus/install/interfaces/local/lib/python3.10/dist-packages/interfaces/srv
-- Up-to-date: /home/kushion/Documents/OpenMantaClaus/install/interfaces/local/lib/python3.10/dist-packages/interfaces/srv/_task_command_s.c
-- Up-to-date: /home/kushion/Documents/OpenMantaClaus/install/interfaces/local/lib/python3.10/dist-packages/interfaces/srv/__init__.py
-- Up-to-date: /home/kushion/Documents/OpenMantaClaus/install/interfaces/local/lib/python3.10/dist-packages/interfaces/srv/_task_command.py
-- Up-to-date: /home/kushion/Documents/OpenMantaClaus/install/interfaces/local/lib/python3.10/dist-packages/interfaces/srv/_setup.py
-- Up-to-date: /home/kushion/Documents/OpenMantaClaus/install/interfaces/local/lib/python3.10/dist-packages/interfaces/srv/_task_complete_s.c
-- Up-to-date: /home/kushion/Documents/OpenMantaClaus/install/interfaces/local/lib/python3.10/dist-packages/interfaces/srv/_task_complete.py
-- Up-to-date: /home/kushion/Documents/OpenMantaClaus/install/interfaces/local/lib/python3.10/dist-packages/interfaces/srv/_setup_s.c
-- Up-to-date: /home/kushion/Documents/OpenMantaClaus/install/interfaces/local/lib/python3.10/dist-packages/interfaces/__init__.py
-- Up-to-date: /home/kushion/Documents/OpenMantaClaus/install/interfaces/local/lib/python3.10/dist-packages/interfaces/interfaces_s__rosidl_typesupport_introspection_c.cpython-310-x86_64-linux-gnu.so
-- Up-to-date: /home/kushion/Documents/OpenMantaClaus/install/interfaces/local/lib/python3.10/dist-packages/interfaces/interfaces_s__rosidl_typesupport_c.cpython-310-x86_64-linux-gnu.so
-- Up-to-date: /home/kushion/Documents/OpenMantaClaus/install/interfaces/local/lib/python3.10/dist-packages/interfaces/interfaces_s__rosidl_typesupport_fastrtps_c.cpython-310-x86_64-linux-gnu.so
-- Up-to-date: /home/kushion/Documents/OpenMantaClaus/install/interfaces/local/lib/python3.10/dist-packages/interfaces/libinterfaces__rosidl_generator_py.so
-- Up-to-date: /home/kushion/Documents/OpenMantaClaus/install/interfaces/local/lib/python3.10/dist-packages/interfaces/_interfaces_s.ep.rosidl_typesupport_fastrtps_c.c
-- Up-to-date: /home/kushion/Documents/OpenMantaClaus/install/interfaces/local/lib/python3.10/dist-packages/interfaces/msg
-- Up-to-date: /home/kushion/Documents/OpenMantaClaus/install/interfaces/local/lib/python3.10/dist-packages/interfaces/msg/_task_status.py
-- Up-to-date: /home/kushion/Documents/OpenMantaClaus/install/interfaces/local/lib/python3.10/dist-packages/interfaces/msg/__init__.py
-- Up-to-date: /home/kushion/Documents/OpenMantaClaus/install/interfaces/local/lib/python3.10/dist-packages/interfaces/msg/_feature_observations_s.c
-- Up-to-date: /home/kushion/Documents/OpenMantaClaus/install/interfaces/local/lib/python3.10/dist-packages/interfaces/msg/_feature_observation.py
-- Up-to-date: /home/kushion/Documents/OpenMantaClaus/install/interfaces/local/lib/python3.10/dist-packages/interfaces/msg/_feature_observation_s.c
-- Up-to-date: /home/kushion/Documents/OpenMantaClaus/install/interfaces/local/lib/python3.10/dist-packages/interfaces/msg/_feature_observations.py
-- Up-to-date: /home/kushion/Documents/OpenMantaClaus/install/interfaces/local/lib/python3.10/dist-packages/interfaces/msg/_task_status_s.c
-- Up-to-date: /home/kushion/Documents/OpenMantaClaus/install/interfaces/local/lib/python3.10/dist-packages/interfaces/_interfaces_s.ep.rosidl_typesupport_c.c
Listing '/home/kushion/Documents/OpenMantaClaus/install/interfaces/local/lib/python3.10/dist-packages/interfaces'...
Listing '/home/kushion/Documents/OpenMantaClaus/install/interfaces/local/lib/python3.10/dist-packages/interfaces/msg'...
Listing '/home/kushion/Documents/OpenMantaClaus/install/interfaces/local/lib/python3.10/dist-packages/interfaces/srv'...
-- Up-to-date: /home/kushion/Documents/OpenMantaClaus/install/interfaces/local/lib/python3.10/dist-packages/interfaces/interfaces_s__rosidl_typesupport_fastrtps_c.cpython-310-x86_64-linux-gnu.so
-- Up-to-date: /home/kushion/Documents/OpenMantaClaus/install/interfaces/local/lib/python3.10/dist-packages/interfaces/interfaces_s__rosidl_typesupport_introspection_c.cpython-310-x86_64-linux-gnu.so
-- Up-to-date: /home/kushion/Documents/OpenMantaClaus/install/interfaces/local/lib/python3.10/dist-packages/interfaces/interfaces_s__rosidl_typesupport_c.cpython-310-x86_64-linux-gnu.so
-- Up-to-date: /home/kushion/Documents/OpenMantaClaus/install/interfaces/lib/libinterfaces__rosidl_generator_py.so
-- Up-to-date: /home/kushion/Documents/OpenMantaClaus/install/interfaces/share/interfaces/msg/FeatureObservation.idl
-- Up-to-date: /home/kushion/Documents/OpenMantaClaus/install/interfaces/share/interfaces/msg/FeatureObservations.idl
-- Up-to-date: /home/kushion/Documents/OpenMantaClaus/install/interfaces/share/interfaces/msg/TaskStatus.idl
-- Up-to-date: /home/kushion/Documents/OpenMantaClaus/install/interfaces/share/interfaces/srv/Setup.idl
-- Up-to-date: /home/kushion/Documents/OpenMantaClaus/install/interfaces/share/interfaces/srv/TaskCommand.idl
-- Up-to-date: /home/kushion/Documents/OpenMantaClaus/install/interfaces/share/interfaces/srv/TaskComplete.idl
-- Up-to-date: /home/kushion/Documents/OpenMantaClaus/install/interfaces/share/interfaces/msg/FeatureObservation.msg
-- Up-to-date: /home/kushion/Documents/OpenMantaClaus/install/interfaces/share/interfaces/msg/FeatureObservations.msg
-- Up-to-date: /home/kushion/Documents/OpenMantaClaus/install/interfaces/share/interfaces/msg/TaskStatus.msg
-- Up-to-date: /home/kushion/Documents/OpenMantaClaus/install/interfaces/share/interfaces/srv/Setup.srv
-- Up-to-date: /home/kushion/Documents/OpenMantaClaus/install/interfaces/share/interfaces/srv/Setup_Request.msg
-- Up-to-date: /home/kushion/Documents/OpenMantaClaus/install/interfaces/share/interfaces/srv/Setup_Response.msg
-- Up-to-date: /home/kushion/Documents/OpenMantaClaus/install/interfaces/share/interfaces/srv/TaskCommand.srv
-- Up-to-date: /home/kushion/Documents/OpenMantaClaus/install/interfaces/share/interfaces/srv/TaskCommand_Request.msg
-- Up-to-date: /home/kushion/Documents/OpenMantaClaus/install/interfaces/share/interfaces/srv/TaskCommand_Response.msg
-- Up-to-date: /home/kushion/Documents/OpenMantaClaus/install/interfaces/share/interfaces/srv/TaskComplete.srv
-- Up-to-date: /home/kushion/Documents/OpenMantaClaus/install/interfaces/share/interfaces/srv/TaskComplete_Request.msg
-- Up-to-date: /home/kushion/Documents/OpenMantaClaus/install/interfaces/share/interfaces/srv/TaskComplete_Response.msg
-- Up-to-date: /home/kushion/Documents/OpenMantaClaus/install/interfaces/share/ament_index/resource_index/package_run_dependencies/interfaces
-- Up-to-date: /home/kushion/Documents/OpenMantaClaus/install/interfaces/share/ament_index/resource_index/parent_prefix_path/interfaces
-- Up-to-date: /home/kushion/Documents/OpenMantaClaus/install/interfaces/share/interfaces/environment/ament_prefix_path.sh
-- Up-to-date: /home/kushion/Documents/OpenMantaClaus/install/interfaces/share/interfaces/environment/ament_prefix_path.dsv
-- Up-to-date: /home/kushion/Documents/OpenMantaClaus/install/interfaces/share/interfaces/environment/path.sh
-- Up-to-date: /home/kushion/Documents/OpenMantaClaus/install/interfaces/share/interfaces/environment/path.dsv
-- Up-to-date: /home/kushion/Documents/OpenMantaClaus/install/interfaces/share/interfaces/local_setup.bash
-- Up-to-date: /home/kushion/Documents/OpenMantaClaus/install/interfaces/share/interfaces/local_setup.sh
-- Up-to-date: /home/kushion/Documents/OpenMantaClaus/install/interfaces/share/interfaces/local_setup.zsh
-- Up-to-date: /home/kushion/Documents/OpenMantaClaus/install/interfaces/share/interfaces/local_setup.dsv
-- Installing: /home/kushion/Documents/OpenMantaClaus/install/interfaces/share/interfaces/package.dsv
-- Up-to-date: /home/kushion/Documents/OpenMantaClaus/install/interfaces/share/ament_index/resource_index/packages/interfaces
-- Up-to-date: /home/kushion/Documents/OpenMantaClaus/install/interfaces/share/interfaces/cmake/export_interfaces__rosidl_generator_cExport.cmake
-- Up-to-date: /home/kushion/Documents/OpenMantaClaus/install/interfaces/share/interfaces/cmake/export_interfaces__rosidl_generator_cExport-noconfig.cmake
-- Up-to-date: /home/kushion/Documents/OpenMantaClaus/install/interfaces/share/interfaces/cmake/export_interfaces__rosidl_typesupport_fastrtps_cExport.cmake
-- Up-to-date: /home/kushion/Documents/OpenMantaClaus/install/interfaces/share/interfaces/cmake/export_interfaces__rosidl_typesupport_fastrtps_cExport-noconfig.cmake
-- Up-to-date: /home/kushion/Documents/OpenMantaClaus/install/interfaces/share/interfaces/cmake/interfaces__rosidl_typesupport_introspection_cExport.cmake
-- Up-to-date: /home/kushion/Documents/OpenMantaClaus/install/interfaces/share/interfaces/cmake/interfaces__rosidl_typesupport_introspection_cExport-noconfig.cmake
-- Up-to-date: /home/kushion/Documents/OpenMantaClaus/install/interfaces/share/interfaces/cmake/interfaces__rosidl_typesupport_cExport.cmake
-- Up-to-date: /home/kushion/Documents/OpenMantaClaus/install/interfaces/share/interfaces/cmake/interfaces__rosidl_typesupport_cExport-noconfig.cmake
-- Up-to-date: /home/kushion/Documents/OpenMantaClaus/install/interfaces/share/interfaces/cmake/export_interfaces__rosidl_generator_cppExport.cmake
-- Up-to-date: /home/kushion/Documents/OpenMantaClaus/install/interfaces/share/interfaces/cmake/export_interfaces__rosidl_typesupport_fastrtps_cppExport.cmake
-- Up-to-date: /home/kushion/Documents/OpenMantaClaus/install/interfaces/share/interfaces/cmake/export_interfaces__rosidl_typesupport_fastrtps_cppExport-noconfig.cmake
-- Up-to-date: /home/kushion/Documents/OpenMantaClaus/install/interfaces/share/interfaces/cmake/interfaces__rosidl_typesupport_introspection_cppExport.cmake
-- Up-to-date: /home/kushion/Documents/OpenMantaClaus/install/interfaces/share/interfaces/cmake/interfaces__rosidl_typesupport_introspection_cppExport-noconfig.cmake
-- Up-to-date: /home/kushion/Documents/OpenMantaClaus/install/interfaces/share/interfaces/cmake/interfaces__rosidl_typesupport_cppExport.cmake
-- Up-to-date: /home/kushion/Documents/OpenMantaClaus/install/interfaces/share/interfaces/cmake/interfaces__rosidl_typesupport_cppExport-noconfig.cmake
-- Up-to-date: /home/kushion/Documents/OpenMantaClaus/install/interfaces/share/interfaces/cmake/export_interfaces__rosidl_generator_pyExport.cmake
-- Up-to-date: /home/kushion/Documents/OpenMantaClaus/install/interfaces/share/interfaces/cmake/export_interfaces__rosidl_generator_pyExport-noconfig.cmake
-- Up-to-date: /home/kushion/Documents/OpenMantaClaus/install/interfaces/share/interfaces/cmake/rosidl_cmake-extras.cmake
-- Up-to-date: /home/kushion/Documents/OpenMantaClaus/install/interfaces/share/interfaces/cmake/ament_cmake_export_dependencies-extras.cmake
-- Up-to-date: /home/kushion/Documents/OpenMantaClaus/install/interfaces/share/interfaces/cmake/ament_cmake_export_include_directories-extras.cmake
-- Up-to-date: /home/kushion/Documents/OpenMantaClaus/install/interfaces/share/interfaces/cmake/ament_cmake_export_libraries-extras.cmake
-- Up-to-date: /home/kushion/Documents/OpenMantaClaus/install/interfaces/share/interfaces/cmake/ament_cmake_export_targets-extras.cmake
-- Up-to-date: /home/kushion/Documents/OpenMantaClaus/install/interfaces/share/interfaces/cmake/rosidl_cmake_export_typesupport_targets-extras.cmake
-- Up-to-date: /home/kushion/Documents/OpenMantaClaus/install/interfaces/share/interfaces/cmake/rosidl_cmake_export_typesupport_libraries-extras.cmake
-- Up-to-date: /home/kushion/Documents/OpenMantaClaus/install/interfaces/share/interfaces/cmake/interfacesConfig.cmake
-- Up-to-date: /home/kushion/Documents/OpenMantaClaus/install/interfaces/share/interfaces/cmake/interfacesConfig-version.cmake
-- Up-to-date: /home/kushion/Documents/OpenMantaClaus/install/interfaces/share/interfaces/package.xml
