[0.341s] Invoking command in '/home/kushion/Documents/OpenMantaClaus/build/tasks': AMENT_PREFIX_PATH=/home/kushion/Documents/OpenMantaClaus/install/interfaces:${AMENT_PREFIX_PATH} CMAKE_PREFIX_PATH=/home/kushion/Documents/OpenMantaClaus/install/interfaces:/home/kushion/Desktop/piles/pile_detection/IsaacSim-ros_workspaces/humble_ws/install/iw_hub_navigation:/home/kushion/Desktop/piles/pile_detection/IsaacSim-ros_workspaces/humble_ws/install/isaacsim:/home/kushion/Desktop/piles/pile_detection/IsaacSim-ros_workspaces/humble_ws/install/isaac_tutorials:/home/kushion/Desktop/piles/pile_detection/IsaacSim-ros_workspaces/humble_ws/install/isaac_ros2_messages:/home/kushion/Desktop/piles/pile_detection/IsaacSim-ros_workspaces/humble_ws/install/isaac_moveit:/home/kushion/Desktop/piles/pile_detection/IsaacSim-ros_workspaces/humble_ws/install/h1_fullbody_controller:/home/kushion/Desktop/piles/pile_detection/IsaacSim-ros_workspaces/humble_ws/install/custom_message:/home/kushion/Desktop/piles/pile_detection/IsaacSim-ros_workspaces/humble_ws/install/cmdvel_to_ackermann:/home/kushion/Desktop/piles/pile_detection/IsaacSim-ros_workspaces/humble_ws/install/carter_navigation:/home/kushion/Desktop/piles/pile_detection/IsaacSim-ros_workspaces/humble_ws/install/isaac_ros_navigation_goal:/opt/ros/humble LD_LIBRARY_PATH=/home/kushion/Documents/OpenMantaClaus/install/interfaces/lib:/home/kushion/Desktop/piles/pile_detection/IsaacSim-ros_workspaces/humble_ws/install/isaac_ros2_messages/lib:/home/kushion/Desktop/piles/pile_detection/IsaacSim-ros_workspaces/humble_ws/install/custom_message/lib:/opt/ros/humble/opt/rviz_ogre_vendor/lib:/opt/ros/humble/lib/x86_64-linux-gnu:/opt/ros/humble/lib:/home/kushion/Documents/acados/lib:/home/kushion/Documents/robocup_work/c_generated_code:/home/kushion/Documents/acados/lib:/home/kushion/Documents/robocup_work/c_generated_code PYTHONPATH=/home/kushion/Documents/OpenMantaClaus/install/interfaces/local/lib/python3.10/dist-packages:${PYTHONPATH} /usr/bin/cmake --build /home/kushion/Documents/OpenMantaClaus/build/tasks -- -j22 -l22
[0.433s] [35m[1mConsolidate compiler generated dependencies of target task_runner[0m
[0.481s] [  9%] [32mBuilding CXX object CMakeFiles/task_runner.dir/src/task_runner.cpp.o[0m
[0.485s] [ 18%] [32mBuilding CXX object CMakeFiles/task_runner.dir/src/utils/task_runner_params.cpp.o[0m
[0.487s] [ 27%] [32mBuilding CXX object CMakeFiles/task_runner.dir/src/controllers/qual_gate.cpp.o[0m
[0.488s] [ 36%] [32mBuilding CXX object CMakeFiles/task_runner.dir/src/controllers/gate.cpp.o[0m
[0.489s] [ 45%] [32mBuilding CXX object CMakeFiles/task_runner.dir/src/controllers/buckets.cpp.o[0m
[0.490s] [ 54%] [32mBuilding CXX object CMakeFiles/task_runner.dir/src/controllers/gripper.cpp.o[0m
[0.491s] [ 63%] [32mBuilding CXX object CMakeFiles/task_runner.dir/src/controllers/aruco.cpp.o[0m
[18.570s] [ 72%] [32m[1mLinking CXX executable task_runner[0m
[19.612s] [100%] Built target task_runner
[19.632s] Invoked command in '/home/kushion/Documents/OpenMantaClaus/build/tasks' returned '0': AMENT_PREFIX_PATH=/home/kushion/Documents/OpenMantaClaus/install/interfaces:${AMENT_PREFIX_PATH} CMAKE_PREFIX_PATH=/home/kushion/Documents/OpenMantaClaus/install/interfaces:/home/kushion/Desktop/piles/pile_detection/IsaacSim-ros_workspaces/humble_ws/install/iw_hub_navigation:/home/kushion/Desktop/piles/pile_detection/IsaacSim-ros_workspaces/humble_ws/install/isaacsim:/home/kushion/Desktop/piles/pile_detection/IsaacSim-ros_workspaces/humble_ws/install/isaac_tutorials:/home/kushion/Desktop/piles/pile_detection/IsaacSim-ros_workspaces/humble_ws/install/isaac_ros2_messages:/home/kushion/Desktop/piles/pile_detection/IsaacSim-ros_workspaces/humble_ws/install/isaac_moveit:/home/kushion/Desktop/piles/pile_detection/IsaacSim-ros_workspaces/humble_ws/install/h1_fullbody_controller:/home/kushion/Desktop/piles/pile_detection/IsaacSim-ros_workspaces/humble_ws/install/custom_message:/home/kushion/Desktop/piles/pile_detection/IsaacSim-ros_workspaces/humble_ws/install/cmdvel_to_ackermann:/home/kushion/Desktop/piles/pile_detection/IsaacSim-ros_workspaces/humble_ws/install/carter_navigation:/home/kushion/Desktop/piles/pile_detection/IsaacSim-ros_workspaces/humble_ws/install/isaac_ros_navigation_goal:/opt/ros/humble LD_LIBRARY_PATH=/home/kushion/Documents/OpenMantaClaus/install/interfaces/lib:/home/kushion/Desktop/piles/pile_detection/IsaacSim-ros_workspaces/humble_ws/install/isaac_ros2_messages/lib:/home/kushion/Desktop/piles/pile_detection/IsaacSim-ros_workspaces/humble_ws/install/custom_message/lib:/opt/ros/humble/opt/rviz_ogre_vendor/lib:/opt/ros/humble/lib/x86_64-linux-gnu:/opt/ros/humble/lib:/home/kushion/Documents/acados/lib:/home/kushion/Documents/robocup_work/c_generated_code:/home/kushion/Documents/acados/lib:/home/kushion/Documents/robocup_work/c_generated_code PYTHONPATH=/home/kushion/Documents/OpenMantaClaus/install/interfaces/local/lib/python3.10/dist-packages:${PYTHONPATH} /usr/bin/cmake --build /home/kushion/Documents/OpenMantaClaus/build/tasks -- -j22 -l22
[19.649s] Invoking command in '/home/kushion/Documents/OpenMantaClaus/build/tasks': AMENT_PREFIX_PATH=/home/kushion/Documents/OpenMantaClaus/install/interfaces:${AMENT_PREFIX_PATH} CMAKE_PREFIX_PATH=/home/kushion/Documents/OpenMantaClaus/install/interfaces:/home/kushion/Desktop/piles/pile_detection/IsaacSim-ros_workspaces/humble_ws/install/iw_hub_navigation:/home/kushion/Desktop/piles/pile_detection/IsaacSim-ros_workspaces/humble_ws/install/isaacsim:/home/kushion/Desktop/piles/pile_detection/IsaacSim-ros_workspaces/humble_ws/install/isaac_tutorials:/home/kushion/Desktop/piles/pile_detection/IsaacSim-ros_workspaces/humble_ws/install/isaac_ros2_messages:/home/kushion/Desktop/piles/pile_detection/IsaacSim-ros_workspaces/humble_ws/install/isaac_moveit:/home/kushion/Desktop/piles/pile_detection/IsaacSim-ros_workspaces/humble_ws/install/h1_fullbody_controller:/home/kushion/Desktop/piles/pile_detection/IsaacSim-ros_workspaces/humble_ws/install/custom_message:/home/kushion/Desktop/piles/pile_detection/IsaacSim-ros_workspaces/humble_ws/install/cmdvel_to_ackermann:/home/kushion/Desktop/piles/pile_detection/IsaacSim-ros_workspaces/humble_ws/install/carter_navigation:/home/kushion/Desktop/piles/pile_detection/IsaacSim-ros_workspaces/humble_ws/install/isaac_ros_navigation_goal:/opt/ros/humble LD_LIBRARY_PATH=/home/kushion/Documents/OpenMantaClaus/install/interfaces/lib:/home/kushion/Desktop/piles/pile_detection/IsaacSim-ros_workspaces/humble_ws/install/isaac_ros2_messages/lib:/home/kushion/Desktop/piles/pile_detection/IsaacSim-ros_workspaces/humble_ws/install/custom_message/lib:/opt/ros/humble/opt/rviz_ogre_vendor/lib:/opt/ros/humble/lib/x86_64-linux-gnu:/opt/ros/humble/lib:/home/kushion/Documents/acados/lib:/home/kushion/Documents/robocup_work/c_generated_code:/home/kushion/Documents/acados/lib:/home/kushion/Documents/robocup_work/c_generated_code PYTHONPATH=/home/kushion/Documents/OpenMantaClaus/install/interfaces/local/lib/python3.10/dist-packages:${PYTHONPATH} /usr/bin/cmake --install /home/kushion/Documents/OpenMantaClaus/build/tasks
[19.660s] -- Install configuration: ""
[19.660s] -- Installing: /home/kushion/Documents/OpenMantaClaus/install/tasks/lib/tasks/task_runner
[19.669s] -- Set runtime path of "/home/kushion/Documents/OpenMantaClaus/install/tasks/lib/tasks/task_runner" to ""
[19.669s] -- Up-to-date: /home/kushion/Documents/OpenMantaClaus/install/tasks/include
[19.669s] -- Up-to-date: /home/kushion/Documents/OpenMantaClaus/install/tasks/include/tasks
[19.669s] -- Up-to-date: /home/kushion/Documents/OpenMantaClaus/install/tasks/include/tasks/controllers
[19.669s] -- Up-to-date: /home/kushion/Documents/OpenMantaClaus/install/tasks/include/tasks/controllers/task_factory.hpp
[19.669s] -- Up-to-date: /home/kushion/Documents/OpenMantaClaus/install/tasks/include/tasks/task_config.hpp
[19.670s] -- Up-to-date: /home/kushion/Documents/OpenMantaClaus/install/tasks/include/tasks/task_runner.hpp
[19.670s] -- Up-to-date: /home/kushion/Documents/OpenMantaClaus/install/tasks/include/tasks/task.hpp
[19.670s] -- Installing: /home/kushion/Documents/OpenMantaClaus/install/tasks/include/tasks/task_protocol.hpp
[19.670s] -- Up-to-date: /home/kushion/Documents/OpenMantaClaus/install/tasks/include/tasks/utils
[19.670s] -- Installing: /home/kushion/Documents/OpenMantaClaus/install/tasks/include/tasks/utils/task_runner_params.hpp
[19.670s] -- Up-to-date: /home/kushion/Documents/OpenMantaClaus/install/tasks/share/ament_index/resource_index/package_run_dependencies/tasks
[19.670s] -- Up-to-date: /home/kushion/Documents/OpenMantaClaus/install/tasks/share/ament_index/resource_index/parent_prefix_path/tasks
[19.670s] -- Up-to-date: /home/kushion/Documents/OpenMantaClaus/install/tasks/share/tasks/environment/ament_prefix_path.sh
[19.671s] -- Up-to-date: /home/kushion/Documents/OpenMantaClaus/install/tasks/share/tasks/environment/ament_prefix_path.dsv
[19.671s] -- Up-to-date: /home/kushion/Documents/OpenMantaClaus/install/tasks/share/tasks/environment/path.sh
[19.671s] -- Up-to-date: /home/kushion/Documents/OpenMantaClaus/install/tasks/share/tasks/environment/path.dsv
[19.671s] -- Up-to-date: /home/kushion/Documents/OpenMantaClaus/install/tasks/share/tasks/local_setup.bash
[19.671s] -- Up-to-date: /home/kushion/Documents/OpenMantaClaus/install/tasks/share/tasks/local_setup.sh
[19.671s] -- Up-to-date: /home/kushion/Documents/OpenMantaClaus/install/tasks/share/tasks/local_setup.zsh
[19.671s] -- Up-to-date: /home/kushion/Documents/OpenMantaClaus/install/tasks/share/tasks/local_setup.dsv
[19.671s] -- Installing: /home/kushion/Documents/OpenMantaClaus/install/tasks/share/tasks/package.dsv
[19.671s] -- Up-to-date: /home/kushion/Documents/OpenMantaClaus/install/tasks/share/ament_index/resource_index/packages/tasks
[19.672s] -- Up-to-date: /home/kushion/Documents/OpenMantaClaus/install/tasks/share/tasks/cmake/tasksConfig.cmake
[19.672s] -- Up-to-date: /home/kushion/Documents/OpenMantaClaus/install/tasks/share/tasks/cmake/tasksConfig-version.cmake
[19.672s] -- Up-to-date: /home/kushion/Documents/OpenMantaClaus/install/tasks/share/tasks/package.xml
[19.675s] Invoked command in '/home/kushion/Documents/OpenMantaClaus/build/tasks' returned '0': AMENT_PREFIX_PATH=/home/kushion/Documents/OpenMantaClaus/install/interfaces:${AMENT_PREFIX_PATH} CMAKE_PREFIX_PATH=/home/kushion/Documents/OpenMantaClaus/install/interfaces:/home/kushion/Desktop/piles/pile_detection/IsaacSim-ros_workspaces/humble_ws/install/iw_hub_navigation:/home/kushion/Desktop/piles/pile_detection/IsaacSim-ros_workspaces/humble_ws/install/isaacsim:/home/kushion/Desktop/piles/pile_detection/IsaacSim-ros_workspaces/humble_ws/install/isaac_tutorials:/home/kushion/Desktop/piles/pile_detection/IsaacSim-ros_workspaces/humble_ws/install/isaac_ros2_messages:/home/kushion/Desktop/piles/pile_detection/IsaacSim-ros_workspaces/humble_ws/install/isaac_moveit:/home/kushion/Desktop/piles/pile_detection/IsaacSim-ros_workspaces/humble_ws/install/h1_fullbody_controller:/home/kushion/Desktop/piles/pile_detection/IsaacSim-ros_workspaces/humble_ws/install/custom_message:/home/kushion/Desktop/piles/pile_detection/IsaacSim-ros_workspaces/humble_ws/install/cmdvel_to_ackermann:/home/kushion/Desktop/piles/pile_detection/IsaacSim-ros_workspaces/humble_ws/install/carter_navigation:/home/kushion/Desktop/piles/pile_detection/IsaacSim-ros_workspaces/humble_ws/install/isaac_ros_navigation_goal:/opt/ros/humble LD_LIBRARY_PATH=/home/kushion/Documents/OpenMantaClaus/install/interfaces/lib:/home/kushion/Desktop/piles/pile_detection/IsaacSim-ros_workspaces/humble_ws/install/isaac_ros2_messages/lib:/home/kushion/Desktop/piles/pile_detection/IsaacSim-ros_workspaces/humble_ws/install/custom_message/lib:/opt/ros/humble/opt/rviz_ogre_vendor/lib:/opt/ros/humble/lib/x86_64-linux-gnu:/opt/ros/humble/lib:/home/kushion/Documents/acados/lib:/home/kushion/Documents/robocup_work/c_generated_code:/home/kushion/Documents/acados/lib:/home/kushion/Documents/robocup_work/c_generated_code PYTHONPATH=/home/kushion/Documents/OpenMantaClaus/install/interfaces/local/lib/python3.10/dist-packages:${PYTHONPATH} /usr/bin/cmake --install /home/kushion/Documents/OpenMantaClaus/build/tasks
