/home/kushion/Documents/OpenMantaClaus/install/cv/lib/python3.10/site-packages/cv/__init__.py
/home/kushion/Documents/OpenMantaClaus/install/cv/lib/python3.10/site-packages/cv/constants.py
/home/kushion/Documents/OpenMantaClaus/install/cv/lib/python3.10/site-packages/cv/cv_node.py
/home/kushion/Documents/OpenMantaClaus/install/cv/lib/python3.10/site-packages/cv/bottom_cv_node.py
/home/kushion/Documents/OpenMantaClaus/install/cv/lib/python3.10/site-packages/cv/testing_node.py
/home/kushion/Documents/OpenMantaClaus/install/cv/lib/python3.10/site-packages/cv/utils/filter_detections.py
/home/kushion/Documents/OpenMantaClaus/install/cv/lib/python3.10/site-packages/cv/utils/cv_node_params.py
/home/kushion/Documents/OpenMantaClaus/install/cv/lib/python3.10/site-packages/cv/utils/__init__.py
/home/kushion/Documents/OpenMantaClaus/install/cv/lib/python3.10/site-packages/cv/utils/yolo.py
/home/kushion/Documents/OpenMantaClaus/install/cv/lib/python3.10/site-packages/cv/utils/param_helpers.py
/home/kushion/Documents/OpenMantaClaus/install/cv/lib/python3.10/site-packages/cv/utils/camera_control.py
/home/kushion/Documents/OpenMantaClaus/install/cv/lib/python3.10/site-packages/cv/__pycache__/__init__.cpython-310.pyc
/home/kushion/Documents/OpenMantaClaus/install/cv/lib/python3.10/site-packages/cv/__pycache__/constants.cpython-310.pyc
/home/kushion/Documents/OpenMantaClaus/install/cv/lib/python3.10/site-packages/cv/__pycache__/cv_node.cpython-310.pyc
/home/kushion/Documents/OpenMantaClaus/install/cv/lib/python3.10/site-packages/cv/__pycache__/bottom_cv_node.cpython-310.pyc
/home/kushion/Documents/OpenMantaClaus/install/cv/lib/python3.10/site-packages/cv/__pycache__/testing_node.cpython-310.pyc
/home/kushion/Documents/OpenMantaClaus/install/cv/lib/python3.10/site-packages/cv/utils/__pycache__/filter_detections.cpython-310.pyc
/home/kushion/Documents/OpenMantaClaus/install/cv/lib/python3.10/site-packages/cv/utils/__pycache__/cv_node_params.cpython-310.pyc
/home/kushion/Documents/OpenMantaClaus/install/cv/lib/python3.10/site-packages/cv/utils/__pycache__/__init__.cpython-310.pyc
/home/kushion/Documents/OpenMantaClaus/install/cv/lib/python3.10/site-packages/cv/utils/__pycache__/yolo.cpython-310.pyc
/home/kushion/Documents/OpenMantaClaus/install/cv/lib/python3.10/site-packages/cv/utils/__pycache__/param_helpers.cpython-310.pyc
/home/kushion/Documents/OpenMantaClaus/install/cv/lib/python3.10/site-packages/cv/utils/__pycache__/camera_control.cpython-310.pyc
/home/kushion/Documents/OpenMantaClaus/install/cv/share/ament_index/resource_index/packages/cv
/home/kushion/Documents/OpenMantaClaus/install/cv/share/cv/package.xml
/home/kushion/Documents/OpenMantaClaus/install/cv/lib/python3.10/site-packages/cv-0.0.0-py3.10.egg-info/PKG-INFO
/home/kushion/Documents/OpenMantaClaus/install/cv/lib/python3.10/site-packages/cv-0.0.0-py3.10.egg-info/top_level.txt
/home/kushion/Documents/OpenMantaClaus/install/cv/lib/python3.10/site-packages/cv-0.0.0-py3.10.egg-info/zip-safe
/home/kushion/Documents/OpenMantaClaus/install/cv/lib/python3.10/site-packages/cv-0.0.0-py3.10.egg-info/SOURCES.txt
/home/kushion/Documents/OpenMantaClaus/install/cv/lib/python3.10/site-packages/cv-0.0.0-py3.10.egg-info/requires.txt
/home/kushion/Documents/OpenMantaClaus/install/cv/lib/python3.10/site-packages/cv-0.0.0-py3.10.egg-info/dependency_links.txt
/home/kushion/Documents/OpenMantaClaus/install/cv/lib/python3.10/site-packages/cv-0.0.0-py3.10.egg-info/entry_points.txt
/home/kushion/Documents/OpenMantaClaus/install/cv/lib/cv/bottom_cv_node
/home/kushion/Documents/OpenMantaClaus/install/cv/lib/cv/cv_node
/home/kushion/Documents/OpenMantaClaus/install/cv/lib/cv/testing_node
