[0.017s] Invoking command in '/home/kushion/Documents/OpenMantaClaus/build/ekfslam': AMENT_PREFIX_PATH=/home/kushion/Documents/OpenMantaClaus/install/interfaces:${AMENT_PREFIX_PATH} CMAKE_PREFIX_PATH=/home/kushion/Documents/OpenMantaClaus/install/interfaces:/home/kushion/Desktop/piles/pile_detection/IsaacSim-ros_workspaces/humble_ws/install/iw_hub_navigation:/home/kushion/Desktop/piles/pile_detection/IsaacSim-ros_workspaces/humble_ws/install/isaacsim:/home/kushion/Desktop/piles/pile_detection/IsaacSim-ros_workspaces/humble_ws/install/isaac_tutorials:/home/kushion/Desktop/piles/pile_detection/IsaacSim-ros_workspaces/humble_ws/install/isaac_ros2_messages:/home/kushion/Desktop/piles/pile_detection/IsaacSim-ros_workspaces/humble_ws/install/isaac_moveit:/home/kushion/Desktop/piles/pile_detection/IsaacSim-ros_workspaces/humble_ws/install/h1_fullbody_controller:/home/kushion/Desktop/piles/pile_detection/IsaacSim-ros_workspaces/humble_ws/install/custom_message:/home/kushion/Desktop/piles/pile_detection/IsaacSim-ros_workspaces/humble_ws/install/cmdvel_to_ackermann:/home/kushion/Desktop/piles/pile_detection/IsaacSim-ros_workspaces/humble_ws/install/carter_navigation:/home/kushion/Desktop/piles/pile_detection/IsaacSim-ros_workspaces/humble_ws/install/isaac_ros_navigation_goal:/opt/ros/humble LD_LIBRARY_PATH=/home/kushion/Documents/OpenMantaClaus/install/interfaces/lib:/home/kushion/Desktop/piles/pile_detection/IsaacSim-ros_workspaces/humble_ws/install/isaac_ros2_messages/lib:/home/kushion/Desktop/piles/pile_detection/IsaacSim-ros_workspaces/humble_ws/install/custom_message/lib:/opt/ros/humble/opt/rviz_ogre_vendor/lib:/opt/ros/humble/lib/x86_64-linux-gnu:/opt/ros/humble/lib:/home/kushion/Documents/acados/lib:/home/kushion/Documents/robocup_work/c_generated_code:/home/kushion/Documents/acados/lib:/home/kushion/Documents/robocup_work/c_generated_code PYTHONPATH=/home/kushion/Documents/OpenMantaClaus/install/interfaces/local/lib/python3.10/dist-packages:${PYTHONPATH} /usr/bin/cmake /home/kushion/Documents/OpenMantaClaus/src/ekfslam -DCMAKE_INSTALL_PREFIX=/home/kushion/Documents/OpenMantaClaus/install/ekfslam
[0.106s] -- The C compiler identification is GNU 11.4.0
[0.192s] -- The CXX compiler identification is GNU 11.4.0
[0.206s] -- Detecting C compiler ABI info
[0.289s] -- Detecting C compiler ABI info - done
[0.299s] -- Check for working C compiler: /usr/lib/ccache/cc - skipped
[0.299s] -- Detecting C compile features
[0.299s] -- Detecting C compile features - done
[0.304s] -- Detecting CXX compiler ABI info
[0.402s] -- Detecting CXX compiler ABI info - done
[0.413s] -- Check for working CXX compiler: /usr/lib/ccache/c++ - skipped
[0.413s] -- Detecting CXX compile features
[0.414s] -- Detecting CXX compile features - done
[0.419s] -- Found ament_cmake: 1.3.12 (/opt/ros/humble/share/ament_cmake/cmake)
[0.925s] -- Found Python3: /usr/bin/python3 (found version "3.10.12") found components: Interpreter 
[1.087s] -- Found rclcpp: 16.0.17 (/opt/ros/humble/share/rclcpp/cmake)
[1.162s] -- Found rosidl_generator_c: 3.1.8 (/opt/ros/humble/share/rosidl_generator_c/cmake)
[1.169s] -- Found rosidl_adapter: 3.1.8 (/opt/ros/humble/share/rosidl_adapter/cmake)
[1.180s] -- Found rosidl_generator_cpp: 3.1.8 (/opt/ros/humble/share/rosidl_generator_cpp/cmake)
[1.196s] -- Using all available rosidl_typesupport_c: rosidl_typesupport_fastrtps_c;rosidl_typesupport_introspection_c
[1.216s] -- Using all available rosidl_typesupport_cpp: rosidl_typesupport_fastrtps_cpp;rosidl_typesupport_introspection_cpp
[1.300s] -- Found rmw_implementation_cmake: 6.1.2 (/opt/ros/humble/share/rmw_implementation_cmake/cmake)
[1.305s] -- Found rmw_fastrtps_cpp: 6.2.9 (/opt/ros/humble/share/rmw_fastrtps_cpp/cmake)
[1.453s] -- Found OpenSSL: /usr/lib/x86_64-linux-gnu/libcrypto.so (found version "3.0.2")  
[1.502s] -- Found FastRTPS: /opt/ros/humble/include  
[1.570s] -- Using RMW implementation 'rmw_fastrtps_cpp' as default
[1.595s] -- Looking for pthread.h
[1.733s] -- Looking for pthread.h - found
[1.733s] -- Performing Test CMAKE_HAVE_LIBC_PTHREAD
[1.864s] -- Performing Test CMAKE_HAVE_LIBC_PTHREAD - Success
[1.866s] -- Found Threads: TRUE  
[1.964s] -- Found geometry_msgs: 4.9.0 (/opt/ros/humble/share/geometry_msgs/cmake)
[1.987s] -- Found mavros_msgs: 2.14.0 (/opt/ros/humble/share/mavros_msgs/cmake)
[2.127s] -- Found tf2: 0.25.18 (/opt/ros/humble/share/tf2/cmake)
[2.147s] -- Found tf2_ros: 0.25.18 (/opt/ros/humble/share/tf2_ros/cmake)
[2.312s] -- Found interfaces: 0.0.0 (/home/kushion/Documents/OpenMantaClaus/install/interfaces/share/interfaces/cmake)
[2.345s] -- Found tf2_geometry_msgs: 0.25.18 (/opt/ros/humble/share/tf2_geometry_msgs/cmake)
[2.362s] -- Found eigen3_cmake_module: 0.1.1 (/opt/ros/humble/share/eigen3_cmake_module/cmake)
[2.364s] -- Found Eigen3: TRUE (found version "3.4.0") 
[2.364s] -- Ensuring Eigen3 include directory is part of orocos-kdl CMake target
[2.369s] -- Found std_srvs: 4.9.0 (/opt/ros/humble/share/std_srvs/cmake)
[2.506s] -- Configuring done
[2.534s] -- Generating done
[2.540s] -- Build files have been written to: /home/kushion/Documents/OpenMantaClaus/build/ekfslam
[2.559s] Invoked command in '/home/kushion/Documents/OpenMantaClaus/build/ekfslam' returned '0': AMENT_PREFIX_PATH=/home/kushion/Documents/OpenMantaClaus/install/interfaces:${AMENT_PREFIX_PATH} CMAKE_PREFIX_PATH=/home/kushion/Documents/OpenMantaClaus/install/interfaces:/home/kushion/Desktop/piles/pile_detection/IsaacSim-ros_workspaces/humble_ws/install/iw_hub_navigation:/home/kushion/Desktop/piles/pile_detection/IsaacSim-ros_workspaces/humble_ws/install/isaacsim:/home/kushion/Desktop/piles/pile_detection/IsaacSim-ros_workspaces/humble_ws/install/isaac_tutorials:/home/kushion/Desktop/piles/pile_detection/IsaacSim-ros_workspaces/humble_ws/install/isaac_ros2_messages:/home/kushion/Desktop/piles/pile_detection/IsaacSim-ros_workspaces/humble_ws/install/isaac_moveit:/home/kushion/Desktop/piles/pile_detection/IsaacSim-ros_workspaces/humble_ws/install/h1_fullbody_controller:/home/kushion/Desktop/piles/pile_detection/IsaacSim-ros_workspaces/humble_ws/install/custom_message:/home/kushion/Desktop/piles/pile_detection/IsaacSim-ros_workspaces/humble_ws/install/cmdvel_to_ackermann:/home/kushion/Desktop/piles/pile_detection/IsaacSim-ros_workspaces/humble_ws/install/carter_navigation:/home/kushion/Desktop/piles/pile_detection/IsaacSim-ros_workspaces/humble_ws/install/isaac_ros_navigation_goal:/opt/ros/humble LD_LIBRARY_PATH=/home/kushion/Documents/OpenMantaClaus/install/interfaces/lib:/home/kushion/Desktop/piles/pile_detection/IsaacSim-ros_workspaces/humble_ws/install/isaac_ros2_messages/lib:/home/kushion/Desktop/piles/pile_detection/IsaacSim-ros_workspaces/humble_ws/install/custom_message/lib:/opt/ros/humble/opt/rviz_ogre_vendor/lib:/opt/ros/humble/lib/x86_64-linux-gnu:/opt/ros/humble/lib:/home/kushion/Documents/acados/lib:/home/kushion/Documents/robocup_work/c_generated_code:/home/kushion/Documents/acados/lib:/home/kushion/Documents/robocup_work/c_generated_code PYTHONPATH=/home/kushion/Documents/OpenMantaClaus/install/interfaces/local/lib/python3.10/dist-packages:${PYTHONPATH} /usr/bin/cmake /home/kushion/Documents/OpenMantaClaus/src/ekfslam -DCMAKE_INSTALL_PREFIX=/home/kushion/Documents/OpenMantaClaus/install/ekfslam
[2.561s] Invoking command in '/home/kushion/Documents/OpenMantaClaus/build/ekfslam': AMENT_PREFIX_PATH=/home/kushion/Documents/OpenMantaClaus/install/interfaces:${AMENT_PREFIX_PATH} CMAKE_PREFIX_PATH=/home/kushion/Documents/OpenMantaClaus/install/interfaces:/home/kushion/Desktop/piles/pile_detection/IsaacSim-ros_workspaces/humble_ws/install/iw_hub_navigation:/home/kushion/Desktop/piles/pile_detection/IsaacSim-ros_workspaces/humble_ws/install/isaacsim:/home/kushion/Desktop/piles/pile_detection/IsaacSim-ros_workspaces/humble_ws/install/isaac_tutorials:/home/kushion/Desktop/piles/pile_detection/IsaacSim-ros_workspaces/humble_ws/install/isaac_ros2_messages:/home/kushion/Desktop/piles/pile_detection/IsaacSim-ros_workspaces/humble_ws/install/isaac_moveit:/home/kushion/Desktop/piles/pile_detection/IsaacSim-ros_workspaces/humble_ws/install/h1_fullbody_controller:/home/kushion/Desktop/piles/pile_detection/IsaacSim-ros_workspaces/humble_ws/install/custom_message:/home/kushion/Desktop/piles/pile_detection/IsaacSim-ros_workspaces/humble_ws/install/cmdvel_to_ackermann:/home/kushion/Desktop/piles/pile_detection/IsaacSim-ros_workspaces/humble_ws/install/carter_navigation:/home/kushion/Desktop/piles/pile_detection/IsaacSim-ros_workspaces/humble_ws/install/isaac_ros_navigation_goal:/opt/ros/humble LD_LIBRARY_PATH=/home/kushion/Documents/OpenMantaClaus/install/interfaces/lib:/home/kushion/Desktop/piles/pile_detection/IsaacSim-ros_workspaces/humble_ws/install/isaac_ros2_messages/lib:/home/kushion/Desktop/piles/pile_detection/IsaacSim-ros_workspaces/humble_ws/install/custom_message/lib:/opt/ros/humble/opt/rviz_ogre_vendor/lib:/opt/ros/humble/lib/x86_64-linux-gnu:/opt/ros/humble/lib:/home/kushion/Documents/acados/lib:/home/kushion/Documents/robocup_work/c_generated_code:/home/kushion/Documents/acados/lib:/home/kushion/Documents/robocup_work/c_generated_code PYTHONPATH=/home/kushion/Documents/OpenMantaClaus/install/interfaces/local/lib/python3.10/dist-packages:${PYTHONPATH} /usr/bin/cmake --build /home/kushion/Documents/OpenMantaClaus/build/ekfslam -- -j22 -l22
[2.644s] [ 25%] [32mBuilding CXX object CMakeFiles/ekfslam_node.dir/src/ekfslam.cpp.o[0m
[2.645s] [ 50%] [32mBuilding CXX object CMakeFiles/ekfslam_node.dir/src/utils/slam_params.cpp.o[0m
[2.646s] [ 75%] [32mBuilding CXX object CMakeFiles/ekfslam_node.dir/src/utils/odometry.cpp.o[0m
[44.215s] [100%] [32m[1mLinking CXX executable ekfslam_node[0m
[46.452s] [100%] Built target ekfslam_node
[46.467s] Invoked command in '/home/kushion/Documents/OpenMantaClaus/build/ekfslam' returned '0': AMENT_PREFIX_PATH=/home/kushion/Documents/OpenMantaClaus/install/interfaces:${AMENT_PREFIX_PATH} CMAKE_PREFIX_PATH=/home/kushion/Documents/OpenMantaClaus/install/interfaces:/home/kushion/Desktop/piles/pile_detection/IsaacSim-ros_workspaces/humble_ws/install/iw_hub_navigation:/home/kushion/Desktop/piles/pile_detection/IsaacSim-ros_workspaces/humble_ws/install/isaacsim:/home/kushion/Desktop/piles/pile_detection/IsaacSim-ros_workspaces/humble_ws/install/isaac_tutorials:/home/kushion/Desktop/piles/pile_detection/IsaacSim-ros_workspaces/humble_ws/install/isaac_ros2_messages:/home/kushion/Desktop/piles/pile_detection/IsaacSim-ros_workspaces/humble_ws/install/isaac_moveit:/home/kushion/Desktop/piles/pile_detection/IsaacSim-ros_workspaces/humble_ws/install/h1_fullbody_controller:/home/kushion/Desktop/piles/pile_detection/IsaacSim-ros_workspaces/humble_ws/install/custom_message:/home/kushion/Desktop/piles/pile_detection/IsaacSim-ros_workspaces/humble_ws/install/cmdvel_to_ackermann:/home/kushion/Desktop/piles/pile_detection/IsaacSim-ros_workspaces/humble_ws/install/carter_navigation:/home/kushion/Desktop/piles/pile_detection/IsaacSim-ros_workspaces/humble_ws/install/isaac_ros_navigation_goal:/opt/ros/humble LD_LIBRARY_PATH=/home/kushion/Documents/OpenMantaClaus/install/interfaces/lib:/home/kushion/Desktop/piles/pile_detection/IsaacSim-ros_workspaces/humble_ws/install/isaac_ros2_messages/lib:/home/kushion/Desktop/piles/pile_detection/IsaacSim-ros_workspaces/humble_ws/install/custom_message/lib:/opt/ros/humble/opt/rviz_ogre_vendor/lib:/opt/ros/humble/lib/x86_64-linux-gnu:/opt/ros/humble/lib:/home/kushion/Documents/acados/lib:/home/kushion/Documents/robocup_work/c_generated_code:/home/kushion/Documents/acados/lib:/home/kushion/Documents/robocup_work/c_generated_code PYTHONPATH=/home/kushion/Documents/OpenMantaClaus/install/interfaces/local/lib/python3.10/dist-packages:${PYTHONPATH} /usr/bin/cmake --build /home/kushion/Documents/OpenMantaClaus/build/ekfslam -- -j22 -l22
[46.470s] Invoking command in '/home/kushion/Documents/OpenMantaClaus/build/ekfslam': AMENT_PREFIX_PATH=/home/kushion/Documents/OpenMantaClaus/install/interfaces:${AMENT_PREFIX_PATH} CMAKE_PREFIX_PATH=/home/kushion/Documents/OpenMantaClaus/install/interfaces:/home/kushion/Desktop/piles/pile_detection/IsaacSim-ros_workspaces/humble_ws/install/iw_hub_navigation:/home/kushion/Desktop/piles/pile_detection/IsaacSim-ros_workspaces/humble_ws/install/isaacsim:/home/kushion/Desktop/piles/pile_detection/IsaacSim-ros_workspaces/humble_ws/install/isaac_tutorials:/home/kushion/Desktop/piles/pile_detection/IsaacSim-ros_workspaces/humble_ws/install/isaac_ros2_messages:/home/kushion/Desktop/piles/pile_detection/IsaacSim-ros_workspaces/humble_ws/install/isaac_moveit:/home/kushion/Desktop/piles/pile_detection/IsaacSim-ros_workspaces/humble_ws/install/h1_fullbody_controller:/home/kushion/Desktop/piles/pile_detection/IsaacSim-ros_workspaces/humble_ws/install/custom_message:/home/kushion/Desktop/piles/pile_detection/IsaacSim-ros_workspaces/humble_ws/install/cmdvel_to_ackermann:/home/kushion/Desktop/piles/pile_detection/IsaacSim-ros_workspaces/humble_ws/install/carter_navigation:/home/kushion/Desktop/piles/pile_detection/IsaacSim-ros_workspaces/humble_ws/install/isaac_ros_navigation_goal:/opt/ros/humble LD_LIBRARY_PATH=/home/kushion/Documents/OpenMantaClaus/install/interfaces/lib:/home/kushion/Desktop/piles/pile_detection/IsaacSim-ros_workspaces/humble_ws/install/isaac_ros2_messages/lib:/home/kushion/Desktop/piles/pile_detection/IsaacSim-ros_workspaces/humble_ws/install/custom_message/lib:/opt/ros/humble/opt/rviz_ogre_vendor/lib:/opt/ros/humble/lib/x86_64-linux-gnu:/opt/ros/humble/lib:/home/kushion/Documents/acados/lib:/home/kushion/Documents/robocup_work/c_generated_code:/home/kushion/Documents/acados/lib:/home/kushion/Documents/robocup_work/c_generated_code PYTHONPATH=/home/kushion/Documents/OpenMantaClaus/install/interfaces/local/lib/python3.10/dist-packages:${PYTHONPATH} /usr/bin/cmake --install /home/kushion/Documents/OpenMantaClaus/build/ekfslam
[46.480s] -- Install configuration: ""
[46.480s] -- Installing: /home/kushion/Documents/OpenMantaClaus/install/ekfslam/lib/ekfslam/ekfslam_node
[46.494s] -- Set runtime path of "/home/kushion/Documents/OpenMantaClaus/install/ekfslam/lib/ekfslam/ekfslam_node" to ""
[46.494s] -- Installing: /home/kushion/Documents/OpenMantaClaus/install/ekfslam/include
[46.494s] -- Installing: /home/kushion/Documents/OpenMantaClaus/install/ekfslam/include/ekfslam
[46.495s] -- Installing: /home/kushion/Documents/OpenMantaClaus/install/ekfslam/include/ekfslam/odometry.hpp
[46.495s] -- Installing: /home/kushion/Documents/OpenMantaClaus/install/ekfslam/include/ekfslam/utils
[46.495s] -- Installing: /home/kushion/Documents/OpenMantaClaus/install/ekfslam/include/ekfslam/utils/slam_params.hpp
[46.495s] -- Installing: /home/kushion/Documents/OpenMantaClaus/install/ekfslam/include/ekfslam/ekfslam.hpp
[46.495s] -- Installing: /home/kushion/Documents/OpenMantaClaus/install/ekfslam/share/ament_index/resource_index/package_run_dependencies/ekfslam
[46.495s] -- Installing: /home/kushion/Documents/OpenMantaClaus/install/ekfslam/share/ament_index/resource_index/parent_prefix_path/ekfslam
[46.495s] -- Installing: /home/kushion/Documents/OpenMantaClaus/install/ekfslam/share/ekfslam/environment/ament_prefix_path.sh
[46.495s] -- Installing: /home/kushion/Documents/OpenMantaClaus/install/ekfslam/share/ekfslam/environment/ament_prefix_path.dsv
[46.495s] -- Installing: /home/kushion/Documents/OpenMantaClaus/install/ekfslam/share/ekfslam/environment/path.sh
[46.496s] -- Installing: /home/kushion/Documents/OpenMantaClaus/install/ekfslam/share/ekfslam/environment/path.dsv
[46.496s] -- Installing: /home/kushion/Documents/OpenMantaClaus/install/ekfslam/share/ekfslam/local_setup.bash
[46.496s] -- Installing: /home/kushion/Documents/OpenMantaClaus/install/ekfslam/share/ekfslam/local_setup.sh
[46.496s] -- Installing: /home/kushion/Documents/OpenMantaClaus/install/ekfslam/share/ekfslam/local_setup.zsh
[46.496s] -- Installing: /home/kushion/Documents/OpenMantaClaus/install/ekfslam/share/ekfslam/local_setup.dsv
[46.496s] -- Installing: /home/kushion/Documents/OpenMantaClaus/install/ekfslam/share/ekfslam/package.dsv
[46.496s] -- Installing: /home/kushion/Documents/OpenMantaClaus/install/ekfslam/share/ament_index/resource_index/packages/ekfslam
[46.497s] -- Installing: /home/kushion/Documents/OpenMantaClaus/install/ekfslam/share/ekfslam/cmake/ekfslamConfig.cmake
[46.497s] -- Installing: /home/kushion/Documents/OpenMantaClaus/install/ekfslam/share/ekfslam/cmake/ekfslamConfig-version.cmake
[46.497s] -- Installing: /home/kushion/Documents/OpenMantaClaus/install/ekfslam/share/ekfslam/package.xml
[46.500s] Invoked command in '/home/kushion/Documents/OpenMantaClaus/build/ekfslam' returned '0': AMENT_PREFIX_PATH=/home/kushion/Documents/OpenMantaClaus/install/interfaces:${AMENT_PREFIX_PATH} CMAKE_PREFIX_PATH=/home/kushion/Documents/OpenMantaClaus/install/interfaces:/home/kushion/Desktop/piles/pile_detection/IsaacSim-ros_workspaces/humble_ws/install/iw_hub_navigation:/home/kushion/Desktop/piles/pile_detection/IsaacSim-ros_workspaces/humble_ws/install/isaacsim:/home/kushion/Desktop/piles/pile_detection/IsaacSim-ros_workspaces/humble_ws/install/isaac_tutorials:/home/kushion/Desktop/piles/pile_detection/IsaacSim-ros_workspaces/humble_ws/install/isaac_ros2_messages:/home/kushion/Desktop/piles/pile_detection/IsaacSim-ros_workspaces/humble_ws/install/isaac_moveit:/home/kushion/Desktop/piles/pile_detection/IsaacSim-ros_workspaces/humble_ws/install/h1_fullbody_controller:/home/kushion/Desktop/piles/pile_detection/IsaacSim-ros_workspaces/humble_ws/install/custom_message:/home/kushion/Desktop/piles/pile_detection/IsaacSim-ros_workspaces/humble_ws/install/cmdvel_to_ackermann:/home/kushion/Desktop/piles/pile_detection/IsaacSim-ros_workspaces/humble_ws/install/carter_navigation:/home/kushion/Desktop/piles/pile_detection/IsaacSim-ros_workspaces/humble_ws/install/isaac_ros_navigation_goal:/opt/ros/humble LD_LIBRARY_PATH=/home/kushion/Documents/OpenMantaClaus/install/interfaces/lib:/home/kushion/Desktop/piles/pile_detection/IsaacSim-ros_workspaces/humble_ws/install/isaac_ros2_messages/lib:/home/kushion/Desktop/piles/pile_detection/IsaacSim-ros_workspaces/humble_ws/install/custom_message/lib:/opt/ros/humble/opt/rviz_ogre_vendor/lib:/opt/ros/humble/lib/x86_64-linux-gnu:/opt/ros/humble/lib:/home/kushion/Documents/acados/lib:/home/kushion/Documents/robocup_work/c_generated_code:/home/kushion/Documents/acados/lib:/home/kushion/Documents/robocup_work/c_generated_code PYTHONPATH=/home/kushion/Documents/OpenMantaClaus/install/interfaces/local/lib/python3.10/dist-packages:${PYTHONPATH} /usr/bin/cmake --install /home/kushion/Documents/OpenMantaClaus/build/ekfslam
