running egg_info
writing ../../build/cv/cv.egg-info/PKG-INFO
writing dependency_links to ../../build/cv/cv.egg-info/dependency_links.txt
writing entry points to ../../build/cv/cv.egg-info/entry_points.txt
writing requirements to ../../build/cv/cv.egg-info/requires.txt
writing top-level names to ../../build/cv/cv.egg-info/top_level.txt
reading manifest file '../../build/cv/cv.egg-info/SOURCES.txt'
writing manifest file '../../build/cv/cv.egg-info/SOURCES.txt'
running build
running build_py
copying cv/__init__.py -> /home/kushion/Documents/OpenMantaClaus/build/cv/build/lib/cv
copying cv/constants.py -> /home/kushion/Documents/OpenMantaClaus/build/cv/build/lib/cv
copying cv/cv_node.py -> /home/kushion/Documents/OpenMantaClaus/build/cv/build/lib/cv
copying cv/bottom_cv_node.py -> /home/kushion/Documents/OpenMantaClaus/build/cv/build/lib/cv
copying cv/testing_node.py -> /home/kushion/Documents/OpenMantaClaus/build/cv/build/lib/cv
copying cv/utils/filter_detections.py -> /home/kushion/Documents/OpenMantaClaus/build/cv/build/lib/cv/utils
copying cv/utils/cv_node_params.py -> /home/kushion/Documents/OpenMantaClaus/build/cv/build/lib/cv/utils
copying cv/utils/__init__.py -> /home/kushion/Documents/OpenMantaClaus/build/cv/build/lib/cv/utils
copying cv/utils/yolo.py -> /home/kushion/Documents/OpenMantaClaus/build/cv/build/lib/cv/utils
copying cv/utils/param_helpers.py -> /home/kushion/Documents/OpenMantaClaus/build/cv/build/lib/cv/utils
copying cv/utils/camera_control.py -> /home/kushion/Documents/OpenMantaClaus/build/cv/build/lib/cv/utils
running install
running install_lib
copying /home/kushion/Documents/OpenMantaClaus/build/cv/build/lib/cv/cv_node.py -> /home/kushion/Documents/OpenMantaClaus/install/cv/lib/python3.10/site-packages/cv
copying /home/kushion/Documents/OpenMantaClaus/build/cv/build/lib/cv/utils/filter_detections.py -> /home/kushion/Documents/OpenMantaClaus/install/cv/lib/python3.10/site-packages/cv/utils
copying /home/kushion/Documents/OpenMantaClaus/build/cv/build/lib/cv/utils/cv_node_params.py -> /home/kushion/Documents/OpenMantaClaus/install/cv/lib/python3.10/site-packages/cv/utils
copying /home/kushion/Documents/OpenMantaClaus/build/cv/build/lib/cv/bottom_cv_node.py -> /home/kushion/Documents/OpenMantaClaus/install/cv/lib/python3.10/site-packages/cv
byte-compiling /home/kushion/Documents/OpenMantaClaus/install/cv/lib/python3.10/site-packages/cv/cv_node.py to cv_node.cpython-310.pyc
byte-compiling /home/kushion/Documents/OpenMantaClaus/install/cv/lib/python3.10/site-packages/cv/utils/filter_detections.py to filter_detections.cpython-310.pyc
byte-compiling /home/kushion/Documents/OpenMantaClaus/install/cv/lib/python3.10/site-packages/cv/utils/cv_node_params.py to cv_node_params.cpython-310.pyc
byte-compiling /home/kushion/Documents/OpenMantaClaus/install/cv/lib/python3.10/site-packages/cv/bottom_cv_node.py to bottom_cv_node.cpython-310.pyc
running install_data
copying resource/cv -> /home/kushion/Documents/OpenMantaClaus/install/cv/share/ament_index/resource_index/packages
copying package.xml -> /home/kushion/Documents/OpenMantaClaus/install/cv/share/cv
running install_egg_info
removing '/home/kushion/Documents/OpenMantaClaus/install/cv/lib/python3.10/site-packages/cv-0.0.0-py3.10.egg-info' (and everything under it)
Copying ../../build/cv/cv.egg-info to /home/kushion/Documents/OpenMantaClaus/install/cv/lib/python3.10/site-packages/cv-0.0.0-py3.10.egg-info
running install_scripts
Installing bottom_cv_node script to /home/kushion/Documents/OpenMantaClaus/install/cv/lib/cv
Installing cv_node script to /home/kushion/Documents/OpenMantaClaus/install/cv/lib/cv
Installing testing_node script to /home/kushion/Documents/OpenMantaClaus/install/cv/lib/cv
writing list of installed files to '/home/kushion/Documents/OpenMantaClaus/build/cv/install.log'
