[0.123s] DEBUG:colcon:Command line arguments: ['/usr/bin/colcon', 'build', '--packages-select', 'interfaces', 'cv']
[0.124s] DEBUG:colcon:Parsed command line arguments: Namespace(log_base=None, log_level=None, verb_name='build', build_base='build', install_base='install', merge_install=False, symlink_install=False, test_result_base=None, continue_on_error=False, executor='parallel', parallel_workers=22, event_handlers=None, ignore_user_meta=False, metas=['./colcon.meta'], base_paths=['.'], packages_ignore=None, packages_ignore_regex=None, paths=None, packages_up_to=None, packages_up_to_regex=None, packages_above=None, packages_above_and_dependencies=None, packages_above_depth=None, packages_select_by_dep=None, packages_skip_by_dep=None, packages_skip_up_to=None, packages_select_build_failed=False, packages_skip_build_finished=False, packages_select_test_failures=False, packages_skip_test_passed=False, packages_select=['interfaces', 'cv'], packages_skip=None, packages_select_regex=None, packages_skip_regex=None, packages_start=None, packages_end=None, allow_overriding=[], cmake_args=None, cmake_target=None, cmake_target_skip_unavailable=False, cmake_clean_cache=False, cmake_clean_first=False, cmake_force_configure=False, ament_cmake_args=None, catkin_cmake_args=None, catkin_skip_building_tests=False, mixin_files=None, mixin=None, verb_parser=<colcon_mixin.mixin.mixin_argument.MixinArgumentDecorator object at 0x7b54731b21d0>, verb_extension=<colcon_core.verb.build.BuildVerb object at 0x7b54731b1a50>, main=<bound method BuildVerb.main of <colcon_core.verb.build.BuildVerb object at 0x7b54731b1a50>>, mixin_verb=('build',))
[0.168s] Level 1:colcon.colcon_core.package_discovery:discover_packages(colcon_meta) check parameters
[0.168s] Level 1:colcon.colcon_core.package_discovery:discover_packages(recursive) check parameters
[0.168s] Level 1:colcon.colcon_core.package_discovery:discover_packages(ignore) check parameters
[0.168s] Level 1:colcon.colcon_core.package_discovery:discover_packages(path) check parameters
[0.168s] Level 1:colcon.colcon_core.package_discovery:discover_packages(colcon_meta) discover
[0.168s] Level 1:colcon.colcon_core.package_discovery:discover_packages(recursive) discover
[0.168s] INFO:colcon.colcon_core.package_discovery:Crawling recursively for packages in '/home/kushion/Documents/OpenMantaClaus'
[0.168s] Level 1:colcon.colcon_core.package_identification:_identify(.) by extensions ['ignore', 'ignore_ament_install']
[0.168s] Level 1:colcon.colcon_core.package_identification:_identify(.) by extension 'ignore'
[0.168s] Level 1:colcon.colcon_core.package_identification:_identify(.) by extension 'ignore_ament_install'
[0.168s] Level 1:colcon.colcon_core.package_identification:_identify(.) by extensions ['colcon_pkg']
[0.169s] Level 1:colcon.colcon_core.package_identification:_identify(.) by extension 'colcon_pkg'
[0.169s] Level 1:colcon.colcon_core.package_identification:_identify(.) by extensions ['colcon_meta']
[0.169s] Level 1:colcon.colcon_core.package_identification:_identify(.) by extension 'colcon_meta'
[0.169s] Level 1:colcon.colcon_core.package_identification:_identify(.) by extensions ['ros']
[0.169s] Level 1:colcon.colcon_core.package_identification:_identify(.) by extension 'ros'
[0.196s] Level 1:colcon.colcon_core.package_identification:_identify(.) by extensions ['cmake', 'python']
[0.196s] Level 1:colcon.colcon_core.package_identification:_identify(.) by extension 'cmake'
[0.196s] Level 1:colcon.colcon_core.package_identification:_identify(.) by extension 'python'
[0.196s] Level 1:colcon.colcon_core.package_identification:_identify(.) by extensions ['python_setup_py']
[0.196s] Level 1:colcon.colcon_core.package_identification:_identify(.) by extension 'python_setup_py'
[0.196s] Level 1:colcon.colcon_core.package_identification:_identify(build) by extensions ['ignore', 'ignore_ament_install']
[0.196s] Level 1:colcon.colcon_core.package_identification:_identify(build) by extension 'ignore'
[0.196s] Level 1:colcon.colcon_core.package_identification:_identify(build) ignored
[0.196s] Level 1:colcon.colcon_core.package_identification:_identify(docs) by extensions ['ignore', 'ignore_ament_install']
[0.197s] Level 1:colcon.colcon_core.package_identification:_identify(docs) by extension 'ignore'
[0.197s] Level 1:colcon.colcon_core.package_identification:_identify(docs) by extension 'ignore_ament_install'
[0.197s] Level 1:colcon.colcon_core.package_identification:_identify(docs) by extensions ['colcon_pkg']
[0.197s] Level 1:colcon.colcon_core.package_identification:_identify(docs) by extension 'colcon_pkg'
[0.197s] Level 1:colcon.colcon_core.package_identification:_identify(docs) by extensions ['colcon_meta']
[0.197s] Level 1:colcon.colcon_core.package_identification:_identify(docs) by extension 'colcon_meta'
[0.197s] Level 1:colcon.colcon_core.package_identification:_identify(docs) by extensions ['ros']
[0.197s] Level 1:colcon.colcon_core.package_identification:_identify(docs) by extension 'ros'
[0.197s] Level 1:colcon.colcon_core.package_identification:_identify(docs) by extensions ['cmake', 'python']
[0.197s] Level 1:colcon.colcon_core.package_identification:_identify(docs) by extension 'cmake'
[0.197s] Level 1:colcon.colcon_core.package_identification:_identify(docs) by extension 'python'
[0.197s] Level 1:colcon.colcon_core.package_identification:_identify(docs) by extensions ['python_setup_py']
[0.197s] Level 1:colcon.colcon_core.package_identification:_identify(docs) by extension 'python_setup_py'
[0.197s] Level 1:colcon.colcon_core.package_identification:_identify(install) by extensions ['ignore', 'ignore_ament_install']
[0.197s] Level 1:colcon.colcon_core.package_identification:_identify(install) by extension 'ignore'
[0.197s] Level 1:colcon.colcon_core.package_identification:_identify(install) ignored
[0.197s] Level 1:colcon.colcon_core.package_identification:_identify(log) by extensions ['ignore', 'ignore_ament_install']
[0.197s] Level 1:colcon.colcon_core.package_identification:_identify(log) by extension 'ignore'
[0.197s] Level 1:colcon.colcon_core.package_identification:_identify(log) ignored
[0.198s] Level 1:colcon.colcon_core.package_identification:_identify(scripts) by extensions ['ignore', 'ignore_ament_install']
[0.198s] Level 1:colcon.colcon_core.package_identification:_identify(scripts) by extension 'ignore'
[0.198s] Level 1:colcon.colcon_core.package_identification:_identify(scripts) by extension 'ignore_ament_install'
[0.198s] Level 1:colcon.colcon_core.package_identification:_identify(scripts) by extensions ['colcon_pkg']
[0.198s] Level 1:colcon.colcon_core.package_identification:_identify(scripts) by extension 'colcon_pkg'
[0.198s] Level 1:colcon.colcon_core.package_identification:_identify(scripts) by extensions ['colcon_meta']
[0.198s] Level 1:colcon.colcon_core.package_identification:_identify(scripts) by extension 'colcon_meta'
[0.198s] Level 1:colcon.colcon_core.package_identification:_identify(scripts) by extensions ['ros']
[0.198s] Level 1:colcon.colcon_core.package_identification:_identify(scripts) by extension 'ros'
[0.198s] Level 1:colcon.colcon_core.package_identification:_identify(scripts) by extensions ['cmake', 'python']
[0.198s] Level 1:colcon.colcon_core.package_identification:_identify(scripts) by extension 'cmake'
[0.198s] Level 1:colcon.colcon_core.package_identification:_identify(scripts) by extension 'python'
[0.198s] Level 1:colcon.colcon_core.package_identification:_identify(scripts) by extensions ['python_setup_py']
[0.198s] Level 1:colcon.colcon_core.package_identification:_identify(scripts) by extension 'python_setup_py'
[0.198s] Level 1:colcon.colcon_core.package_identification:_identify(scripts/bottom_camera) by extensions ['ignore', 'ignore_ament_install']
[0.198s] Level 1:colcon.colcon_core.package_identification:_identify(scripts/bottom_camera) by extension 'ignore'
[0.198s] Level 1:colcon.colcon_core.package_identification:_identify(scripts/bottom_camera) by extension 'ignore_ament_install'
[0.198s] Level 1:colcon.colcon_core.package_identification:_identify(scripts/bottom_camera) by extensions ['colcon_pkg']
[0.198s] Level 1:colcon.colcon_core.package_identification:_identify(scripts/bottom_camera) by extension 'colcon_pkg'
[0.198s] Level 1:colcon.colcon_core.package_identification:_identify(scripts/bottom_camera) by extensions ['colcon_meta']
[0.198s] Level 1:colcon.colcon_core.package_identification:_identify(scripts/bottom_camera) by extension 'colcon_meta'
[0.198s] Level 1:colcon.colcon_core.package_identification:_identify(scripts/bottom_camera) by extensions ['ros']
[0.198s] Level 1:colcon.colcon_core.package_identification:_identify(scripts/bottom_camera) by extension 'ros'
[0.198s] Level 1:colcon.colcon_core.package_identification:_identify(scripts/bottom_camera) by extensions ['cmake', 'python']
[0.199s] Level 1:colcon.colcon_core.package_identification:_identify(scripts/bottom_camera) by extension 'cmake'
[0.199s] Level 1:colcon.colcon_core.package_identification:_identify(scripts/bottom_camera) by extension 'python'
[0.199s] Level 1:colcon.colcon_core.package_identification:_identify(scripts/bottom_camera) by extensions ['python_setup_py']
[0.199s] Level 1:colcon.colcon_core.package_identification:_identify(scripts/bottom_camera) by extension 'python_setup_py'
[0.199s] Level 1:colcon.colcon_core.package_identification:_identify(scripts/cv_testing) by extensions ['ignore', 'ignore_ament_install']
[0.199s] Level 1:colcon.colcon_core.package_identification:_identify(scripts/cv_testing) by extension 'ignore'
[0.199s] Level 1:colcon.colcon_core.package_identification:_identify(scripts/cv_testing) by extension 'ignore_ament_install'
[0.199s] Level 1:colcon.colcon_core.package_identification:_identify(scripts/cv_testing) by extensions ['colcon_pkg']
[0.199s] Level 1:colcon.colcon_core.package_identification:_identify(scripts/cv_testing) by extension 'colcon_pkg'
[0.199s] Level 1:colcon.colcon_core.package_identification:_identify(scripts/cv_testing) by extensions ['colcon_meta']
[0.199s] Level 1:colcon.colcon_core.package_identification:_identify(scripts/cv_testing) by extension 'colcon_meta'
[0.199s] Level 1:colcon.colcon_core.package_identification:_identify(scripts/cv_testing) by extensions ['ros']
[0.199s] Level 1:colcon.colcon_core.package_identification:_identify(scripts/cv_testing) by extension 'ros'
[0.202s] DEBUG:colcon.colcon_core.package_identification:Package 'scripts/cv_testing' with type 'ros.ament_python' and name 'cv_testing'
[0.202s] Level 1:colcon.colcon_core.package_identification:_identify(scripts/yolo) by extensions ['ignore', 'ignore_ament_install']
[0.202s] Level 1:colcon.colcon_core.package_identification:_identify(scripts/yolo) by extension 'ignore'
[0.202s] Level 1:colcon.colcon_core.package_identification:_identify(scripts/yolo) by extension 'ignore_ament_install'
[0.202s] Level 1:colcon.colcon_core.package_identification:_identify(scripts/yolo) by extensions ['colcon_pkg']
[0.202s] Level 1:colcon.colcon_core.package_identification:_identify(scripts/yolo) by extension 'colcon_pkg'
[0.202s] Level 1:colcon.colcon_core.package_identification:_identify(scripts/yolo) by extensions ['colcon_meta']
[0.202s] Level 1:colcon.colcon_core.package_identification:_identify(scripts/yolo) by extension 'colcon_meta'
[0.202s] Level 1:colcon.colcon_core.package_identification:_identify(scripts/yolo) by extensions ['ros']
[0.202s] Level 1:colcon.colcon_core.package_identification:_identify(scripts/yolo) by extension 'ros'
[0.203s] Level 1:colcon.colcon_core.package_identification:_identify(scripts/yolo) by extensions ['cmake', 'python']
[0.203s] Level 1:colcon.colcon_core.package_identification:_identify(scripts/yolo) by extension 'cmake'
[0.203s] Level 1:colcon.colcon_core.package_identification:_identify(scripts/yolo) by extension 'python'
[0.203s] Level 1:colcon.colcon_core.package_identification:_identify(scripts/yolo) by extensions ['python_setup_py']
[0.203s] Level 1:colcon.colcon_core.package_identification:_identify(scripts/yolo) by extension 'python_setup_py'
[0.203s] Level 1:colcon.colcon_core.package_identification:_identify(scripts/yolo/runs) by extensions ['ignore', 'ignore_ament_install']
[0.203s] Level 1:colcon.colcon_core.package_identification:_identify(scripts/yolo/runs) by extension 'ignore'
[0.203s] Level 1:colcon.colcon_core.package_identification:_identify(scripts/yolo/runs) by extension 'ignore_ament_install'
[0.203s] Level 1:colcon.colcon_core.package_identification:_identify(scripts/yolo/runs) by extensions ['colcon_pkg']
[0.203s] Level 1:colcon.colcon_core.package_identification:_identify(scripts/yolo/runs) by extension 'colcon_pkg'
[0.203s] Level 1:colcon.colcon_core.package_identification:_identify(scripts/yolo/runs) by extensions ['colcon_meta']
[0.203s] Level 1:colcon.colcon_core.package_identification:_identify(scripts/yolo/runs) by extension 'colcon_meta'
[0.203s] Level 1:colcon.colcon_core.package_identification:_identify(scripts/yolo/runs) by extensions ['ros']
[0.203s] Level 1:colcon.colcon_core.package_identification:_identify(scripts/yolo/runs) by extension 'ros'
[0.203s] Level 1:colcon.colcon_core.package_identification:_identify(scripts/yolo/runs) by extensions ['cmake', 'python']
[0.203s] Level 1:colcon.colcon_core.package_identification:_identify(scripts/yolo/runs) by extension 'cmake'
[0.203s] Level 1:colcon.colcon_core.package_identification:_identify(scripts/yolo/runs) by extension 'python'
[0.203s] Level 1:colcon.colcon_core.package_identification:_identify(scripts/yolo/runs) by extensions ['python_setup_py']
[0.203s] Level 1:colcon.colcon_core.package_identification:_identify(scripts/yolo/runs) by extension 'python_setup_py'
[0.203s] Level 1:colcon.colcon_core.package_identification:_identify(scripts/yolo/runs/detect) by extensions ['ignore', 'ignore_ament_install']
[0.203s] Level 1:colcon.colcon_core.package_identification:_identify(scripts/yolo/runs/detect) by extension 'ignore'
[0.203s] Level 1:colcon.colcon_core.package_identification:_identify(scripts/yolo/runs/detect) by extension 'ignore_ament_install'
[0.204s] Level 1:colcon.colcon_core.package_identification:_identify(scripts/yolo/runs/detect) by extensions ['colcon_pkg']
[0.204s] Level 1:colcon.colcon_core.package_identification:_identify(scripts/yolo/runs/detect) by extension 'colcon_pkg'
[0.204s] Level 1:colcon.colcon_core.package_identification:_identify(scripts/yolo/runs/detect) by extensions ['colcon_meta']
[0.204s] Level 1:colcon.colcon_core.package_identification:_identify(scripts/yolo/runs/detect) by extension 'colcon_meta'
[0.204s] Level 1:colcon.colcon_core.package_identification:_identify(scripts/yolo/runs/detect) by extensions ['ros']
[0.204s] Level 1:colcon.colcon_core.package_identification:_identify(scripts/yolo/runs/detect) by extension 'ros'
[0.204s] Level 1:colcon.colcon_core.package_identification:_identify(scripts/yolo/runs/detect) by extensions ['cmake', 'python']
[0.204s] Level 1:colcon.colcon_core.package_identification:_identify(scripts/yolo/runs/detect) by extension 'cmake'
[0.204s] Level 1:colcon.colcon_core.package_identification:_identify(scripts/yolo/runs/detect) by extension 'python'
[0.204s] Level 1:colcon.colcon_core.package_identification:_identify(scripts/yolo/runs/detect) by extensions ['python_setup_py']
[0.204s] Level 1:colcon.colcon_core.package_identification:_identify(scripts/yolo/runs/detect) by extension 'python_setup_py'
[0.204s] Level 1:colcon.colcon_core.package_identification:_identify(scripts/yolo/runs/detect/finetune_specialist_v1) by extensions ['ignore', 'ignore_ament_install']
[0.204s] Level 1:colcon.colcon_core.package_identification:_identify(scripts/yolo/runs/detect/finetune_specialist_v1) by extension 'ignore'
[0.204s] Level 1:colcon.colcon_core.package_identification:_identify(scripts/yolo/runs/detect/finetune_specialist_v1) by extension 'ignore_ament_install'
[0.204s] Level 1:colcon.colcon_core.package_identification:_identify(scripts/yolo/runs/detect/finetune_specialist_v1) by extensions ['colcon_pkg']
[0.204s] Level 1:colcon.colcon_core.package_identification:_identify(scripts/yolo/runs/detect/finetune_specialist_v1) by extension 'colcon_pkg'
[0.204s] Level 1:colcon.colcon_core.package_identification:_identify(scripts/yolo/runs/detect/finetune_specialist_v1) by extensions ['colcon_meta']
[0.204s] Level 1:colcon.colcon_core.package_identification:_identify(scripts/yolo/runs/detect/finetune_specialist_v1) by extension 'colcon_meta'
[0.204s] Level 1:colcon.colcon_core.package_identification:_identify(scripts/yolo/runs/detect/finetune_specialist_v1) by extensions ['ros']
[0.204s] Level 1:colcon.colcon_core.package_identification:_identify(scripts/yolo/runs/detect/finetune_specialist_v1) by extension 'ros'
[0.204s] Level 1:colcon.colcon_core.package_identification:_identify(scripts/yolo/runs/detect/finetune_specialist_v1) by extensions ['cmake', 'python']
[0.204s] Level 1:colcon.colcon_core.package_identification:_identify(scripts/yolo/runs/detect/finetune_specialist_v1) by extension 'cmake'
[0.204s] Level 1:colcon.colcon_core.package_identification:_identify(scripts/yolo/runs/detect/finetune_specialist_v1) by extension 'python'
[0.204s] Level 1:colcon.colcon_core.package_identification:_identify(scripts/yolo/runs/detect/finetune_specialist_v1) by extensions ['python_setup_py']
[0.205s] Level 1:colcon.colcon_core.package_identification:_identify(scripts/yolo/runs/detect/finetune_specialist_v1) by extension 'python_setup_py'
[0.205s] Level 1:colcon.colcon_core.package_identification:_identify(scripts/yolo/runs/detect/finetune_specialist_v1/weights) by extensions ['ignore', 'ignore_ament_install']
[0.205s] Level 1:colcon.colcon_core.package_identification:_identify(scripts/yolo/runs/detect/finetune_specialist_v1/weights) by extension 'ignore'
[0.205s] Level 1:colcon.colcon_core.package_identification:_identify(scripts/yolo/runs/detect/finetune_specialist_v1/weights) by extension 'ignore_ament_install'
[0.205s] Level 1:colcon.colcon_core.package_identification:_identify(scripts/yolo/runs/detect/finetune_specialist_v1/weights) by extensions ['colcon_pkg']
[0.205s] Level 1:colcon.colcon_core.package_identification:_identify(scripts/yolo/runs/detect/finetune_specialist_v1/weights) by extension 'colcon_pkg'
[0.205s] Level 1:colcon.colcon_core.package_identification:_identify(scripts/yolo/runs/detect/finetune_specialist_v1/weights) by extensions ['colcon_meta']
[0.205s] Level 1:colcon.colcon_core.package_identification:_identify(scripts/yolo/runs/detect/finetune_specialist_v1/weights) by extension 'colcon_meta'
[0.205s] Level 1:colcon.colcon_core.package_identification:_identify(scripts/yolo/runs/detect/finetune_specialist_v1/weights) by extensions ['ros']
[0.205s] Level 1:colcon.colcon_core.package_identification:_identify(scripts/yolo/runs/detect/finetune_specialist_v1/weights) by extension 'ros'
[0.205s] Level 1:colcon.colcon_core.package_identification:_identify(scripts/yolo/runs/detect/finetune_specialist_v1/weights) by extensions ['cmake', 'python']
[0.205s] Level 1:colcon.colcon_core.package_identification:_identify(scripts/yolo/runs/detect/finetune_specialist_v1/weights) by extension 'cmake'
[0.205s] Level 1:colcon.colcon_core.package_identification:_identify(scripts/yolo/runs/detect/finetune_specialist_v1/weights) by extension 'python'
[0.205s] Level 1:colcon.colcon_core.package_identification:_identify(scripts/yolo/runs/detect/finetune_specialist_v1/weights) by extensions ['python_setup_py']
[0.205s] Level 1:colcon.colcon_core.package_identification:_identify(scripts/yolo/runs/detect/finetune_specialist_v1/weights) by extension 'python_setup_py'
[0.205s] Level 1:colcon.colcon_core.package_identification:_identify(scripts/yolo/runs/detect/finetune_specialist_v1/weights/best_saved_model) by extensions ['ignore', 'ignore_ament_install']
[0.205s] Level 1:colcon.colcon_core.package_identification:_identify(scripts/yolo/runs/detect/finetune_specialist_v1/weights/best_saved_model) by extension 'ignore'
[0.205s] Level 1:colcon.colcon_core.package_identification:_identify(scripts/yolo/runs/detect/finetune_specialist_v1/weights/best_saved_model) by extension 'ignore_ament_install'
[0.205s] Level 1:colcon.colcon_core.package_identification:_identify(scripts/yolo/runs/detect/finetune_specialist_v1/weights/best_saved_model) by extensions ['colcon_pkg']
[0.205s] Level 1:colcon.colcon_core.package_identification:_identify(scripts/yolo/runs/detect/finetune_specialist_v1/weights/best_saved_model) by extension 'colcon_pkg'
[0.205s] Level 1:colcon.colcon_core.package_identification:_identify(scripts/yolo/runs/detect/finetune_specialist_v1/weights/best_saved_model) by extensions ['colcon_meta']
[0.205s] Level 1:colcon.colcon_core.package_identification:_identify(scripts/yolo/runs/detect/finetune_specialist_v1/weights/best_saved_model) by extension 'colcon_meta'
[0.206s] Level 1:colcon.colcon_core.package_identification:_identify(scripts/yolo/runs/detect/finetune_specialist_v1/weights/best_saved_model) by extensions ['ros']
[0.206s] Level 1:colcon.colcon_core.package_identification:_identify(scripts/yolo/runs/detect/finetune_specialist_v1/weights/best_saved_model) by extension 'ros'
[0.206s] Level 1:colcon.colcon_core.package_identification:_identify(scripts/yolo/runs/detect/finetune_specialist_v1/weights/best_saved_model) by extensions ['cmake', 'python']
[0.206s] Level 1:colcon.colcon_core.package_identification:_identify(scripts/yolo/runs/detect/finetune_specialist_v1/weights/best_saved_model) by extension 'cmake'
[0.206s] Level 1:colcon.colcon_core.package_identification:_identify(scripts/yolo/runs/detect/finetune_specialist_v1/weights/best_saved_model) by extension 'python'
[0.206s] Level 1:colcon.colcon_core.package_identification:_identify(scripts/yolo/runs/detect/finetune_specialist_v1/weights/best_saved_model) by extensions ['python_setup_py']
[0.206s] Level 1:colcon.colcon_core.package_identification:_identify(scripts/yolo/runs/detect/finetune_specialist_v1/weights/best_saved_model) by extension 'python_setup_py'
[0.206s] Level 1:colcon.colcon_core.package_identification:_identify(scripts/yolo/runs/detect/finetune_specialist_v1/weights/best_saved_model/variables) by extensions ['ignore', 'ignore_ament_install']
[0.206s] Level 1:colcon.colcon_core.package_identification:_identify(scripts/yolo/runs/detect/finetune_specialist_v1/weights/best_saved_model/variables) by extension 'ignore'
[0.206s] Level 1:colcon.colcon_core.package_identification:_identify(scripts/yolo/runs/detect/finetune_specialist_v1/weights/best_saved_model/variables) by extension 'ignore_ament_install'
[0.206s] Level 1:colcon.colcon_core.package_identification:_identify(scripts/yolo/runs/detect/finetune_specialist_v1/weights/best_saved_model/variables) by extensions ['colcon_pkg']
[0.206s] Level 1:colcon.colcon_core.package_identification:_identify(scripts/yolo/runs/detect/finetune_specialist_v1/weights/best_saved_model/variables) by extension 'colcon_pkg'
[0.206s] Level 1:colcon.colcon_core.package_identification:_identify(scripts/yolo/runs/detect/finetune_specialist_v1/weights/best_saved_model/variables) by extensions ['colcon_meta']
[0.206s] Level 1:colcon.colcon_core.package_identification:_identify(scripts/yolo/runs/detect/finetune_specialist_v1/weights/best_saved_model/variables) by extension 'colcon_meta'
[0.206s] Level 1:colcon.colcon_core.package_identification:_identify(scripts/yolo/runs/detect/finetune_specialist_v1/weights/best_saved_model/variables) by extensions ['ros']
[0.206s] Level 1:colcon.colcon_core.package_identification:_identify(scripts/yolo/runs/detect/finetune_specialist_v1/weights/best_saved_model/variables) by extension 'ros'
[0.206s] Level 1:colcon.colcon_core.package_identification:_identify(scripts/yolo/runs/detect/finetune_specialist_v1/weights/best_saved_model/variables) by extensions ['cmake', 'python']
[0.206s] Level 1:colcon.colcon_core.package_identification:_identify(scripts/yolo/runs/detect/finetune_specialist_v1/weights/best_saved_model/variables) by extension 'cmake'
[0.206s] Level 1:colcon.colcon_core.package_identification:_identify(scripts/yolo/runs/detect/finetune_specialist_v1/weights/best_saved_model/variables) by extension 'python'
[0.206s] Level 1:colcon.colcon_core.package_identification:_identify(scripts/yolo/runs/detect/finetune_specialist_v1/weights/best_saved_model/variables) by extensions ['python_setup_py']
[0.206s] Level 1:colcon.colcon_core.package_identification:_identify(scripts/yolo/runs/detect/finetune_specialist_v1/weights/best_saved_model/variables) by extension 'python_setup_py'
[0.206s] Level 1:colcon.colcon_core.package_identification:_identify(scripts/yolo/runs/detect/pretrain_generalist_v2) by extensions ['ignore', 'ignore_ament_install']
[0.207s] Level 1:colcon.colcon_core.package_identification:_identify(scripts/yolo/runs/detect/pretrain_generalist_v2) by extension 'ignore'
[0.207s] Level 1:colcon.colcon_core.package_identification:_identify(scripts/yolo/runs/detect/pretrain_generalist_v2) by extension 'ignore_ament_install'
[0.207s] Level 1:colcon.colcon_core.package_identification:_identify(scripts/yolo/runs/detect/pretrain_generalist_v2) by extensions ['colcon_pkg']
[0.207s] Level 1:colcon.colcon_core.package_identification:_identify(scripts/yolo/runs/detect/pretrain_generalist_v2) by extension 'colcon_pkg'
[0.207s] Level 1:colcon.colcon_core.package_identification:_identify(scripts/yolo/runs/detect/pretrain_generalist_v2) by extensions ['colcon_meta']
[0.207s] Level 1:colcon.colcon_core.package_identification:_identify(scripts/yolo/runs/detect/pretrain_generalist_v2) by extension 'colcon_meta'
[0.207s] Level 1:colcon.colcon_core.package_identification:_identify(scripts/yolo/runs/detect/pretrain_generalist_v2) by extensions ['ros']
[0.207s] Level 1:colcon.colcon_core.package_identification:_identify(scripts/yolo/runs/detect/pretrain_generalist_v2) by extension 'ros'
[0.207s] Level 1:colcon.colcon_core.package_identification:_identify(scripts/yolo/runs/detect/pretrain_generalist_v2) by extensions ['cmake', 'python']
[0.207s] Level 1:colcon.colcon_core.package_identification:_identify(scripts/yolo/runs/detect/pretrain_generalist_v2) by extension 'cmake'
[0.207s] Level 1:colcon.colcon_core.package_identification:_identify(scripts/yolo/runs/detect/pretrain_generalist_v2) by extension 'python'
[0.207s] Level 1:colcon.colcon_core.package_identification:_identify(scripts/yolo/runs/detect/pretrain_generalist_v2) by extensions ['python_setup_py']
[0.207s] Level 1:colcon.colcon_core.package_identification:_identify(scripts/yolo/runs/detect/pretrain_generalist_v2) by extension 'python_setup_py'
[0.207s] Level 1:colcon.colcon_core.package_identification:_identify(scripts/yolo/runs/detect/pretrain_generalist_v2/weights) by extensions ['ignore', 'ignore_ament_install']
[0.207s] Level 1:colcon.colcon_core.package_identification:_identify(scripts/yolo/runs/detect/pretrain_generalist_v2/weights) by extension 'ignore'
[0.207s] Level 1:colcon.colcon_core.package_identification:_identify(scripts/yolo/runs/detect/pretrain_generalist_v2/weights) by extension 'ignore_ament_install'
[0.207s] Level 1:colcon.colcon_core.package_identification:_identify(scripts/yolo/runs/detect/pretrain_generalist_v2/weights) by extensions ['colcon_pkg']
[0.207s] Level 1:colcon.colcon_core.package_identification:_identify(scripts/yolo/runs/detect/pretrain_generalist_v2/weights) by extension 'colcon_pkg'
[0.207s] Level 1:colcon.colcon_core.package_identification:_identify(scripts/yolo/runs/detect/pretrain_generalist_v2/weights) by extensions ['colcon_meta']
[0.207s] Level 1:colcon.colcon_core.package_identification:_identify(scripts/yolo/runs/detect/pretrain_generalist_v2/weights) by extension 'colcon_meta'
[0.207s] Level 1:colcon.colcon_core.package_identification:_identify(scripts/yolo/runs/detect/pretrain_generalist_v2/weights) by extensions ['ros']
[0.207s] Level 1:colcon.colcon_core.package_identification:_identify(scripts/yolo/runs/detect/pretrain_generalist_v2/weights) by extension 'ros'
[0.207s] Level 1:colcon.colcon_core.package_identification:_identify(scripts/yolo/runs/detect/pretrain_generalist_v2/weights) by extensions ['cmake', 'python']
[0.208s] Level 1:colcon.colcon_core.package_identification:_identify(scripts/yolo/runs/detect/pretrain_generalist_v2/weights) by extension 'cmake'
[0.208s] Level 1:colcon.colcon_core.package_identification:_identify(scripts/yolo/runs/detect/pretrain_generalist_v2/weights) by extension 'python'
[0.208s] Level 1:colcon.colcon_core.package_identification:_identify(scripts/yolo/runs/detect/pretrain_generalist_v2/weights) by extensions ['python_setup_py']
[0.208s] Level 1:colcon.colcon_core.package_identification:_identify(scripts/yolo/runs/detect/pretrain_generalist_v2/weights) by extension 'python_setup_py'
[0.208s] Level 1:colcon.colcon_core.package_identification:_identify(scripts/yolo/runs/detect/pretrain_generalist_v2/weights/best_saved_model) by extensions ['ignore', 'ignore_ament_install']
[0.208s] Level 1:colcon.colcon_core.package_identification:_identify(scripts/yolo/runs/detect/pretrain_generalist_v2/weights/best_saved_model) by extension 'ignore'
[0.208s] Level 1:colcon.colcon_core.package_identification:_identify(scripts/yolo/runs/detect/pretrain_generalist_v2/weights/best_saved_model) by extension 'ignore_ament_install'
[0.208s] Level 1:colcon.colcon_core.package_identification:_identify(scripts/yolo/runs/detect/pretrain_generalist_v2/weights/best_saved_model) by extensions ['colcon_pkg']
[0.208s] Level 1:colcon.colcon_core.package_identification:_identify(scripts/yolo/runs/detect/pretrain_generalist_v2/weights/best_saved_model) by extension 'colcon_pkg'
[0.208s] Level 1:colcon.colcon_core.package_identification:_identify(scripts/yolo/runs/detect/pretrain_generalist_v2/weights/best_saved_model) by extensions ['colcon_meta']
[0.208s] Level 1:colcon.colcon_core.package_identification:_identify(scripts/yolo/runs/detect/pretrain_generalist_v2/weights/best_saved_model) by extension 'colcon_meta'
[0.208s] Level 1:colcon.colcon_core.package_identification:_identify(scripts/yolo/runs/detect/pretrain_generalist_v2/weights/best_saved_model) by extensions ['ros']
[0.208s] Level 1:colcon.colcon_core.package_identification:_identify(scripts/yolo/runs/detect/pretrain_generalist_v2/weights/best_saved_model) by extension 'ros'
[0.208s] Level 1:colcon.colcon_core.package_identification:_identify(scripts/yolo/runs/detect/pretrain_generalist_v2/weights/best_saved_model) by extensions ['cmake', 'python']
[0.208s] Level 1:colcon.colcon_core.package_identification:_identify(scripts/yolo/runs/detect/pretrain_generalist_v2/weights/best_saved_model) by extension 'cmake'
[0.208s] Level 1:colcon.colcon_core.package_identification:_identify(scripts/yolo/runs/detect/pretrain_generalist_v2/weights/best_saved_model) by extension 'python'
[0.208s] Level 1:colcon.colcon_core.package_identification:_identify(scripts/yolo/runs/detect/pretrain_generalist_v2/weights/best_saved_model) by extensions ['python_setup_py']
[0.208s] Level 1:colcon.colcon_core.package_identification:_identify(scripts/yolo/runs/detect/pretrain_generalist_v2/weights/best_saved_model) by extension 'python_setup_py'
[0.208s] Level 1:colcon.colcon_core.package_identification:_identify(scripts/yolo/runs/detect/pretrain_generalist_v2/weights/best_saved_model/variables) by extensions ['ignore', 'ignore_ament_install']
[0.208s] Level 1:colcon.colcon_core.package_identification:_identify(scripts/yolo/runs/detect/pretrain_generalist_v2/weights/best_saved_model/variables) by extension 'ignore'
[0.208s] Level 1:colcon.colcon_core.package_identification:_identify(scripts/yolo/runs/detect/pretrain_generalist_v2/weights/best_saved_model/variables) by extension 'ignore_ament_install'
[0.208s] Level 1:colcon.colcon_core.package_identification:_identify(scripts/yolo/runs/detect/pretrain_generalist_v2/weights/best_saved_model/variables) by extensions ['colcon_pkg']
[0.208s] Level 1:colcon.colcon_core.package_identification:_identify(scripts/yolo/runs/detect/pretrain_generalist_v2/weights/best_saved_model/variables) by extension 'colcon_pkg'
[0.209s] Level 1:colcon.colcon_core.package_identification:_identify(scripts/yolo/runs/detect/pretrain_generalist_v2/weights/best_saved_model/variables) by extensions ['colcon_meta']
[0.209s] Level 1:colcon.colcon_core.package_identification:_identify(scripts/yolo/runs/detect/pretrain_generalist_v2/weights/best_saved_model/variables) by extension 'colcon_meta'
[0.209s] Level 1:colcon.colcon_core.package_identification:_identify(scripts/yolo/runs/detect/pretrain_generalist_v2/weights/best_saved_model/variables) by extensions ['ros']
[0.209s] Level 1:colcon.colcon_core.package_identification:_identify(scripts/yolo/runs/detect/pretrain_generalist_v2/weights/best_saved_model/variables) by extension 'ros'
[0.209s] Level 1:colcon.colcon_core.package_identification:_identify(scripts/yolo/runs/detect/pretrain_generalist_v2/weights/best_saved_model/variables) by extensions ['cmake', 'python']
[0.209s] Level 1:colcon.colcon_core.package_identification:_identify(scripts/yolo/runs/detect/pretrain_generalist_v2/weights/best_saved_model/variables) by extension 'cmake'
[0.209s] Level 1:colcon.colcon_core.package_identification:_identify(scripts/yolo/runs/detect/pretrain_generalist_v2/weights/best_saved_model/variables) by extension 'python'
[0.209s] Level 1:colcon.colcon_core.package_identification:_identify(scripts/yolo/runs/detect/pretrain_generalist_v2/weights/best_saved_model/variables) by extensions ['python_setup_py']
[0.209s] Level 1:colcon.colcon_core.package_identification:_identify(scripts/yolo/runs/detect/pretrain_generalist_v2/weights/best_saved_model/variables) by extension 'python_setup_py'
[0.209s] Level 1:colcon.colcon_core.package_identification:_identify(scripts/yolo/runs/detect/pretrain_og) by extensions ['ignore', 'ignore_ament_install']
[0.209s] Level 1:colcon.colcon_core.package_identification:_identify(scripts/yolo/runs/detect/pretrain_og) by extension 'ignore'
[0.209s] Level 1:colcon.colcon_core.package_identification:_identify(scripts/yolo/runs/detect/pretrain_og) by extension 'ignore_ament_install'
[0.209s] Level 1:colcon.colcon_core.package_identification:_identify(scripts/yolo/runs/detect/pretrain_og) by extensions ['colcon_pkg']
[0.209s] Level 1:colcon.colcon_core.package_identification:_identify(scripts/yolo/runs/detect/pretrain_og) by extension 'colcon_pkg'
[0.209s] Level 1:colcon.colcon_core.package_identification:_identify(scripts/yolo/runs/detect/pretrain_og) by extensions ['colcon_meta']
[0.209s] Level 1:colcon.colcon_core.package_identification:_identify(scripts/yolo/runs/detect/pretrain_og) by extension 'colcon_meta'
[0.209s] Level 1:colcon.colcon_core.package_identification:_identify(scripts/yolo/runs/detect/pretrain_og) by extensions ['ros']
[0.209s] Level 1:colcon.colcon_core.package_identification:_identify(scripts/yolo/runs/detect/pretrain_og) by extension 'ros'
[0.209s] Level 1:colcon.colcon_core.package_identification:_identify(scripts/yolo/runs/detect/pretrain_og) by extensions ['cmake', 'python']
[0.209s] Level 1:colcon.colcon_core.package_identification:_identify(scripts/yolo/runs/detect/pretrain_og) by extension 'cmake'
[0.209s] Level 1:colcon.colcon_core.package_identification:_identify(scripts/yolo/runs/detect/pretrain_og) by extension 'python'
[0.209s] Level 1:colcon.colcon_core.package_identification:_identify(scripts/yolo/runs/detect/pretrain_og) by extensions ['python_setup_py']
[0.209s] Level 1:colcon.colcon_core.package_identification:_identify(scripts/yolo/runs/detect/pretrain_og) by extension 'python_setup_py'
[0.210s] Level 1:colcon.colcon_core.package_identification:_identify(scripts/yolo/runs/detect/pretrain_og/weights) by extensions ['ignore', 'ignore_ament_install']
[0.210s] Level 1:colcon.colcon_core.package_identification:_identify(scripts/yolo/runs/detect/pretrain_og/weights) by extension 'ignore'
[0.210s] Level 1:colcon.colcon_core.package_identification:_identify(scripts/yolo/runs/detect/pretrain_og/weights) by extension 'ignore_ament_install'
[0.210s] Level 1:colcon.colcon_core.package_identification:_identify(scripts/yolo/runs/detect/pretrain_og/weights) by extensions ['colcon_pkg']
[0.210s] Level 1:colcon.colcon_core.package_identification:_identify(scripts/yolo/runs/detect/pretrain_og/weights) by extension 'colcon_pkg'
[0.210s] Level 1:colcon.colcon_core.package_identification:_identify(scripts/yolo/runs/detect/pretrain_og/weights) by extensions ['colcon_meta']
[0.210s] Level 1:colcon.colcon_core.package_identification:_identify(scripts/yolo/runs/detect/pretrain_og/weights) by extension 'colcon_meta'
[0.210s] Level 1:colcon.colcon_core.package_identification:_identify(scripts/yolo/runs/detect/pretrain_og/weights) by extensions ['ros']
[0.210s] Level 1:colcon.colcon_core.package_identification:_identify(scripts/yolo/runs/detect/pretrain_og/weights) by extension 'ros'
[0.210s] Level 1:colcon.colcon_core.package_identification:_identify(scripts/yolo/runs/detect/pretrain_og/weights) by extensions ['cmake', 'python']
[0.210s] Level 1:colcon.colcon_core.package_identification:_identify(scripts/yolo/runs/detect/pretrain_og/weights) by extension 'cmake'
[0.210s] Level 1:colcon.colcon_core.package_identification:_identify(scripts/yolo/runs/detect/pretrain_og/weights) by extension 'python'
[0.210s] Level 1:colcon.colcon_core.package_identification:_identify(scripts/yolo/runs/detect/pretrain_og/weights) by extensions ['python_setup_py']
[0.210s] Level 1:colcon.colcon_core.package_identification:_identify(scripts/yolo/runs/detect/pretrain_og/weights) by extension 'python_setup_py'
[0.210s] Level 1:colcon.colcon_core.package_identification:_identify(scripts/yolo/runs/detect/pretrain_og/weights/best_saved_model) by extensions ['ignore', 'ignore_ament_install']
[0.210s] Level 1:colcon.colcon_core.package_identification:_identify(scripts/yolo/runs/detect/pretrain_og/weights/best_saved_model) by extension 'ignore'
[0.210s] Level 1:colcon.colcon_core.package_identification:_identify(scripts/yolo/runs/detect/pretrain_og/weights/best_saved_model) by extension 'ignore_ament_install'
[0.210s] Level 1:colcon.colcon_core.package_identification:_identify(scripts/yolo/runs/detect/pretrain_og/weights/best_saved_model) by extensions ['colcon_pkg']
[0.210s] Level 1:colcon.colcon_core.package_identification:_identify(scripts/yolo/runs/detect/pretrain_og/weights/best_saved_model) by extension 'colcon_pkg'
[0.210s] Level 1:colcon.colcon_core.package_identification:_identify(scripts/yolo/runs/detect/pretrain_og/weights/best_saved_model) by extensions ['colcon_meta']
[0.210s] Level 1:colcon.colcon_core.package_identification:_identify(scripts/yolo/runs/detect/pretrain_og/weights/best_saved_model) by extension 'colcon_meta'
[0.210s] Level 1:colcon.colcon_core.package_identification:_identify(scripts/yolo/runs/detect/pretrain_og/weights/best_saved_model) by extensions ['ros']
[0.210s] Level 1:colcon.colcon_core.package_identification:_identify(scripts/yolo/runs/detect/pretrain_og/weights/best_saved_model) by extension 'ros'
[0.211s] Level 1:colcon.colcon_core.package_identification:_identify(scripts/yolo/runs/detect/pretrain_og/weights/best_saved_model) by extensions ['cmake', 'python']
[0.211s] Level 1:colcon.colcon_core.package_identification:_identify(scripts/yolo/runs/detect/pretrain_og/weights/best_saved_model) by extension 'cmake'
[0.211s] Level 1:colcon.colcon_core.package_identification:_identify(scripts/yolo/runs/detect/pretrain_og/weights/best_saved_model) by extension 'python'
[0.211s] Level 1:colcon.colcon_core.package_identification:_identify(scripts/yolo/runs/detect/pretrain_og/weights/best_saved_model) by extensions ['python_setup_py']
[0.211s] Level 1:colcon.colcon_core.package_identification:_identify(scripts/yolo/runs/detect/pretrain_og/weights/best_saved_model) by extension 'python_setup_py'
[0.211s] Level 1:colcon.colcon_core.package_identification:_identify(scripts/yolo/runs/detect/pretrain_og/weights/best_saved_model/variables) by extensions ['ignore', 'ignore_ament_install']
[0.211s] Level 1:colcon.colcon_core.package_identification:_identify(scripts/yolo/runs/detect/pretrain_og/weights/best_saved_model/variables) by extension 'ignore'
[0.211s] Level 1:colcon.colcon_core.package_identification:_identify(scripts/yolo/runs/detect/pretrain_og/weights/best_saved_model/variables) by extension 'ignore_ament_install'
[0.211s] Level 1:colcon.colcon_core.package_identification:_identify(scripts/yolo/runs/detect/pretrain_og/weights/best_saved_model/variables) by extensions ['colcon_pkg']
[0.211s] Level 1:colcon.colcon_core.package_identification:_identify(scripts/yolo/runs/detect/pretrain_og/weights/best_saved_model/variables) by extension 'colcon_pkg'
[0.211s] Level 1:colcon.colcon_core.package_identification:_identify(scripts/yolo/runs/detect/pretrain_og/weights/best_saved_model/variables) by extensions ['colcon_meta']
[0.211s] Level 1:colcon.colcon_core.package_identification:_identify(scripts/yolo/runs/detect/pretrain_og/weights/best_saved_model/variables) by extension 'colcon_meta'
[0.211s] Level 1:colcon.colcon_core.package_identification:_identify(scripts/yolo/runs/detect/pretrain_og/weights/best_saved_model/variables) by extensions ['ros']
[0.211s] Level 1:colcon.colcon_core.package_identification:_identify(scripts/yolo/runs/detect/pretrain_og/weights/best_saved_model/variables) by extension 'ros'
[0.211s] Level 1:colcon.colcon_core.package_identification:_identify(scripts/yolo/runs/detect/pretrain_og/weights/best_saved_model/variables) by extensions ['cmake', 'python']
[0.211s] Level 1:colcon.colcon_core.package_identification:_identify(scripts/yolo/runs/detect/pretrain_og/weights/best_saved_model/variables) by extension 'cmake'
[0.211s] Level 1:colcon.colcon_core.package_identification:_identify(scripts/yolo/runs/detect/pretrain_og/weights/best_saved_model/variables) by extension 'python'
[0.211s] Level 1:colcon.colcon_core.package_identification:_identify(scripts/yolo/runs/detect/pretrain_og/weights/best_saved_model/variables) by extensions ['python_setup_py']
[0.211s] Level 1:colcon.colcon_core.package_identification:_identify(scripts/yolo/runs/detect/pretrain_og/weights/best_saved_model/variables) by extension 'python_setup_py'
[0.211s] Level 1:colcon.colcon_core.package_identification:_identify(src) by extensions ['ignore', 'ignore_ament_install']
[0.211s] Level 1:colcon.colcon_core.package_identification:_identify(src) by extension 'ignore'
[0.211s] Level 1:colcon.colcon_core.package_identification:_identify(src) by extension 'ignore_ament_install'
[0.212s] Level 1:colcon.colcon_core.package_identification:_identify(src) by extensions ['colcon_pkg']
[0.212s] Level 1:colcon.colcon_core.package_identification:_identify(src) by extension 'colcon_pkg'
[0.212s] Level 1:colcon.colcon_core.package_identification:_identify(src) by extensions ['colcon_meta']
[0.212s] Level 1:colcon.colcon_core.package_identification:_identify(src) by extension 'colcon_meta'
[0.212s] Level 1:colcon.colcon_core.package_identification:_identify(src) by extensions ['ros']
[0.212s] Level 1:colcon.colcon_core.package_identification:_identify(src) by extension 'ros'
[0.212s] Level 1:colcon.colcon_core.package_identification:_identify(src) by extensions ['cmake', 'python']
[0.212s] Level 1:colcon.colcon_core.package_identification:_identify(src) by extension 'cmake'
[0.212s] Level 1:colcon.colcon_core.package_identification:_identify(src) by extension 'python'
[0.212s] Level 1:colcon.colcon_core.package_identification:_identify(src) by extensions ['python_setup_py']
[0.212s] Level 1:colcon.colcon_core.package_identification:_identify(src) by extension 'python_setup_py'
[0.212s] Level 1:colcon.colcon_core.package_identification:_identify(src/brain) by extensions ['ignore', 'ignore_ament_install']
[0.212s] Level 1:colcon.colcon_core.package_identification:_identify(src/brain) by extension 'ignore'
[0.212s] Level 1:colcon.colcon_core.package_identification:_identify(src/brain) by extension 'ignore_ament_install'
[0.212s] Level 1:colcon.colcon_core.package_identification:_identify(src/brain) by extensions ['colcon_pkg']
[0.212s] Level 1:colcon.colcon_core.package_identification:_identify(src/brain) by extension 'colcon_pkg'
[0.212s] Level 1:colcon.colcon_core.package_identification:_identify(src/brain) by extensions ['colcon_meta']
[0.212s] Level 1:colcon.colcon_core.package_identification:_identify(src/brain) by extension 'colcon_meta'
[0.212s] Level 1:colcon.colcon_core.package_identification:_identify(src/brain) by extensions ['ros']
[0.212s] Level 1:colcon.colcon_core.package_identification:_identify(src/brain) by extension 'ros'
[0.213s] DEBUG:colcon.colcon_core.package_identification:Package 'src/brain' with type 'ros.ament_cmake' and name 'brain'
[0.213s] Level 1:colcon.colcon_core.package_identification:_identify(src/cv) by extensions ['ignore', 'ignore_ament_install']
[0.213s] Level 1:colcon.colcon_core.package_identification:_identify(src/cv) by extension 'ignore'
[0.213s] Level 1:colcon.colcon_core.package_identification:_identify(src/cv) by extension 'ignore_ament_install'
[0.213s] Level 1:colcon.colcon_core.package_identification:_identify(src/cv) by extensions ['colcon_pkg']
[0.213s] Level 1:colcon.colcon_core.package_identification:_identify(src/cv) by extension 'colcon_pkg'
[0.213s] Level 1:colcon.colcon_core.package_identification:_identify(src/cv) by extensions ['colcon_meta']
[0.213s] Level 1:colcon.colcon_core.package_identification:_identify(src/cv) by extension 'colcon_meta'
[0.213s] Level 1:colcon.colcon_core.package_identification:_identify(src/cv) by extensions ['ros']
[0.213s] Level 1:colcon.colcon_core.package_identification:_identify(src/cv) by extension 'ros'
[0.214s] DEBUG:colcon.colcon_core.package_identification:Package 'src/cv' with type 'ros.ament_python' and name 'cv'
[0.214s] Level 1:colcon.colcon_core.package_identification:_identify(src/ekfslam) by extensions ['ignore', 'ignore_ament_install']
[0.214s] Level 1:colcon.colcon_core.package_identification:_identify(src/ekfslam) by extension 'ignore'
[0.215s] Level 1:colcon.colcon_core.package_identification:_identify(src/ekfslam) by extension 'ignore_ament_install'
[0.215s] Level 1:colcon.colcon_core.package_identification:_identify(src/ekfslam) by extensions ['colcon_pkg']
[0.215s] Level 1:colcon.colcon_core.package_identification:_identify(src/ekfslam) by extension 'colcon_pkg'
[0.215s] Level 1:colcon.colcon_core.package_identification:_identify(src/ekfslam) by extensions ['colcon_meta']
[0.215s] Level 1:colcon.colcon_core.package_identification:_identify(src/ekfslam) by extension 'colcon_meta'
[0.215s] Level 1:colcon.colcon_core.package_identification:_identify(src/ekfslam) by extensions ['ros']
[0.215s] Level 1:colcon.colcon_core.package_identification:_identify(src/ekfslam) by extension 'ros'
[0.215s] DEBUG:colcon.colcon_core.package_identification:Package 'src/ekfslam' with type 'ros.ament_cmake' and name 'ekfslam'
[0.216s] Level 1:colcon.colcon_core.package_identification:_identify(src/interfaces) by extensions ['ignore', 'ignore_ament_install']
[0.216s] Level 1:colcon.colcon_core.package_identification:_identify(src/interfaces) by extension 'ignore'
[0.216s] Level 1:colcon.colcon_core.package_identification:_identify(src/interfaces) by extension 'ignore_ament_install'
[0.216s] Level 1:colcon.colcon_core.package_identification:_identify(src/interfaces) by extensions ['colcon_pkg']
[0.216s] Level 1:colcon.colcon_core.package_identification:_identify(src/interfaces) by extension 'colcon_pkg'
[0.216s] Level 1:colcon.colcon_core.package_identification:_identify(src/interfaces) by extensions ['colcon_meta']
[0.216s] Level 1:colcon.colcon_core.package_identification:_identify(src/interfaces) by extension 'colcon_meta'
[0.216s] Level 1:colcon.colcon_core.package_identification:_identify(src/interfaces) by extensions ['ros']
[0.216s] Level 1:colcon.colcon_core.package_identification:_identify(src/interfaces) by extension 'ros'
[0.216s] DEBUG:colcon.colcon_core.package_identification:Package 'src/interfaces' with type 'ros.ament_cmake' and name 'interfaces'
[0.217s] Level 1:colcon.colcon_core.package_identification:_identify(src/mavros_control) by extensions ['ignore', 'ignore_ament_install']
[0.217s] Level 1:colcon.colcon_core.package_identification:_identify(src/mavros_control) by extension 'ignore'
[0.217s] Level 1:colcon.colcon_core.package_identification:_identify(src/mavros_control) by extension 'ignore_ament_install'
[0.217s] Level 1:colcon.colcon_core.package_identification:_identify(src/mavros_control) by extensions ['colcon_pkg']
[0.217s] Level 1:colcon.colcon_core.package_identification:_identify(src/mavros_control) by extension 'colcon_pkg'
[0.217s] Level 1:colcon.colcon_core.package_identification:_identify(src/mavros_control) by extensions ['colcon_meta']
[0.217s] Level 1:colcon.colcon_core.package_identification:_identify(src/mavros_control) by extension 'colcon_meta'
[0.217s] Level 1:colcon.colcon_core.package_identification:_identify(src/mavros_control) by extensions ['ros']
[0.217s] Level 1:colcon.colcon_core.package_identification:_identify(src/mavros_control) by extension 'ros'
[0.218s] DEBUG:colcon.colcon_core.package_identification:Package 'src/mavros_control' with type 'ros.ament_python' and name 'mavros_control'
[0.218s] Level 1:colcon.colcon_core.package_identification:_identify(src/tasks) by extensions ['ignore', 'ignore_ament_install']
[0.218s] Level 1:colcon.colcon_core.package_identification:_identify(src/tasks) by extension 'ignore'
[0.218s] Level 1:colcon.colcon_core.package_identification:_identify(src/tasks) by extension 'ignore_ament_install'
[0.218s] Level 1:colcon.colcon_core.package_identification:_identify(src/tasks) by extensions ['colcon_pkg']
[0.218s] Level 1:colcon.colcon_core.package_identification:_identify(src/tasks) by extension 'colcon_pkg'
[0.218s] Level 1:colcon.colcon_core.package_identification:_identify(src/tasks) by extensions ['colcon_meta']
[0.218s] Level 1:colcon.colcon_core.package_identification:_identify(src/tasks) by extension 'colcon_meta'
[0.219s] Level 1:colcon.colcon_core.package_identification:_identify(src/tasks) by extensions ['ros']
[0.219s] Level 1:colcon.colcon_core.package_identification:_identify(src/tasks) by extension 'ros'
[0.219s] DEBUG:colcon.colcon_core.package_identification:Package 'src/tasks' with type 'ros.ament_cmake' and name 'tasks'
[0.219s] Level 1:colcon.colcon_core.package_discovery:discover_packages(recursive) using defaults
[0.220s] Level 1:colcon.colcon_core.package_discovery:discover_packages(ignore) discover
[0.220s] Level 1:colcon.colcon_core.package_discovery:discover_packages(ignore) using defaults
[0.220s] Level 1:colcon.colcon_core.package_discovery:discover_packages(path) discover
[0.220s] Level 1:colcon.colcon_core.package_discovery:discover_packages(path) using defaults
[0.242s] INFO:colcon.colcon_core.package_selection:Skipping not selected package 'cv_testing' in 'scripts/cv_testing'
[0.242s] INFO:colcon.colcon_core.package_selection:Skipping not selected package 'mavros_control' in 'src/mavros_control'
[0.242s] INFO:colcon.colcon_core.package_selection:Skipping not selected package 'brain' in 'src/brain'
[0.242s] INFO:colcon.colcon_core.package_selection:Skipping not selected package 'ekfslam' in 'src/ekfslam'
[0.242s] INFO:colcon.colcon_core.package_selection:Skipping not selected package 'tasks' in 'src/tasks'
[0.243s] Level 1:colcon.colcon_core.package_discovery:discover_packages(prefix_path) check parameters
[0.243s] Level 1:colcon.colcon_core.package_discovery:discover_packages(prefix_path) discover
[0.245s] DEBUG:colcon.colcon_installed_package_information.package_discovery:Found 10 installed packages in /home/kushion/Desktop/piles/pile_detection/IsaacSim-ros_workspaces/humble_ws/install
[0.247s] DEBUG:colcon.colcon_installed_package_information.package_discovery:Found 453 installed packages in /opt/ros/humble
[0.249s] Level 1:colcon.colcon_core.package_discovery:discover_packages(prefix_path) using defaults
[0.316s] Level 5:colcon.colcon_core.verb:set package 'interfaces' build argument 'cmake_args' from command line to 'None'
[0.316s] Level 5:colcon.colcon_core.verb:set package 'interfaces' build argument 'cmake_target' from command line to 'None'
[0.316s] Level 5:colcon.colcon_core.verb:set package 'interfaces' build argument 'cmake_target_skip_unavailable' from command line to 'False'
[0.316s] Level 5:colcon.colcon_core.verb:set package 'interfaces' build argument 'cmake_clean_cache' from command line to 'False'
[0.316s] Level 5:colcon.colcon_core.verb:set package 'interfaces' build argument 'cmake_clean_first' from command line to 'False'
[0.316s] Level 5:colcon.colcon_core.verb:set package 'interfaces' build argument 'cmake_force_configure' from command line to 'False'
[0.316s] Level 5:colcon.colcon_core.verb:set package 'interfaces' build argument 'ament_cmake_args' from command line to 'None'
[0.316s] Level 5:colcon.colcon_core.verb:set package 'interfaces' build argument 'catkin_cmake_args' from command line to 'None'
[0.316s] Level 5:colcon.colcon_core.verb:set package 'interfaces' build argument 'catkin_skip_building_tests' from command line to 'False'
[0.316s] DEBUG:colcon.colcon_core.verb:Building package 'interfaces' with the following arguments: {'ament_cmake_args': None, 'build_base': '/home/kushion/Documents/OpenMantaClaus/build/interfaces', 'catkin_cmake_args': None, 'catkin_skip_building_tests': False, 'cmake_args': None, 'cmake_clean_cache': False, 'cmake_clean_first': False, 'cmake_force_configure': False, 'cmake_target': None, 'cmake_target_skip_unavailable': False, 'install_base': '/home/kushion/Documents/OpenMantaClaus/install/interfaces', 'merge_install': False, 'path': '/home/kushion/Documents/OpenMantaClaus/src/interfaces', 'symlink_install': False, 'test_result_base': None}
[0.316s] Level 5:colcon.colcon_core.verb:set package 'cv' build argument 'cmake_args' from command line to 'None'
[0.316s] Level 5:colcon.colcon_core.verb:set package 'cv' build argument 'cmake_target' from command line to 'None'
[0.316s] Level 5:colcon.colcon_core.verb:set package 'cv' build argument 'cmake_target_skip_unavailable' from command line to 'False'
[0.316s] Level 5:colcon.colcon_core.verb:set package 'cv' build argument 'cmake_clean_cache' from command line to 'False'
[0.316s] Level 5:colcon.colcon_core.verb:set package 'cv' build argument 'cmake_clean_first' from command line to 'False'
[0.316s] Level 5:colcon.colcon_core.verb:set package 'cv' build argument 'cmake_force_configure' from command line to 'False'
[0.316s] Level 5:colcon.colcon_core.verb:set package 'cv' build argument 'ament_cmake_args' from command line to 'None'
[0.316s] Level 5:colcon.colcon_core.verb:set package 'cv' build argument 'catkin_cmake_args' from command line to 'None'
[0.316s] Level 5:colcon.colcon_core.verb:set package 'cv' build argument 'catkin_skip_building_tests' from command line to 'False'
[0.316s] DEBUG:colcon.colcon_core.verb:Building package 'cv' with the following arguments: {'ament_cmake_args': None, 'build_base': '/home/kushion/Documents/OpenMantaClaus/build/cv', 'catkin_cmake_args': None, 'catkin_skip_building_tests': False, 'cmake_args': None, 'cmake_clean_cache': False, 'cmake_clean_first': False, 'cmake_force_configure': False, 'cmake_target': None, 'cmake_target_skip_unavailable': False, 'install_base': '/home/kushion/Documents/OpenMantaClaus/install/cv', 'merge_install': False, 'path': '/home/kushion/Documents/OpenMantaClaus/src/cv', 'symlink_install': False, 'test_result_base': None}
[0.317s] INFO:colcon.colcon_core.executor:Executing jobs using 'parallel' executor
[0.318s] DEBUG:colcon.colcon_parallel_executor.executor.parallel:run_until_complete
[0.318s] INFO:colcon.colcon_ros.task.ament_cmake.build:Building ROS package in '/home/kushion/Documents/OpenMantaClaus/src/interfaces' with build type 'ament_cmake'
[0.318s] INFO:colcon.colcon_cmake.task.cmake.build:Building CMake package in '/home/kushion/Documents/OpenMantaClaus/src/interfaces'
[0.321s] INFO:colcon.colcon_core.plugin_system:Skipping extension 'colcon_core.shell.bat': Not used on non-Windows systems
[0.321s] INFO:colcon.colcon_core.shell:Skip shell extension 'powershell' for command environment: Not usable outside of PowerShell
[0.321s] DEBUG:colcon.colcon_core.shell:Skip shell extension 'dsv' for command environment
[0.335s] DEBUG:colcon.colcon_core.event_handler.log_command:Invoking command in '/home/kushion/Documents/OpenMantaClaus/build/interfaces': CMAKE_PREFIX_PATH=${CMAKE_PREFIX_PATH}:/home/kushion/Desktop/piles/pile_detection/IsaacSim-ros_workspaces/humble_ws/install/isaac_ros_navigation_goal:/opt/ros/humble /usr/bin/cmake --build /home/kushion/Documents/OpenMantaClaus/build/interfaces -- -j22 -l22
[0.864s] DEBUG:colcon.colcon_core.event_handler.log_command:Invoked command in '/home/kushion/Documents/OpenMantaClaus/build/interfaces' returned '0': CMAKE_PREFIX_PATH=${CMAKE_PREFIX_PATH}:/home/kushion/Desktop/piles/pile_detection/IsaacSim-ros_workspaces/humble_ws/install/isaac_ros_navigation_goal:/opt/ros/humble /usr/bin/cmake --build /home/kushion/Documents/OpenMantaClaus/build/interfaces -- -j22 -l22
[0.879s] DEBUG:colcon.colcon_core.event_handler.log_command:Invoking command in '/home/kushion/Documents/OpenMantaClaus/build/interfaces': CMAKE_PREFIX_PATH=${CMAKE_PREFIX_PATH}:/home/kushion/Desktop/piles/pile_detection/IsaacSim-ros_workspaces/humble_ws/install/isaac_ros_navigation_goal:/opt/ros/humble /usr/bin/cmake --install /home/kushion/Documents/OpenMantaClaus/build/interfaces
[0.967s] Level 1:colcon.colcon_core.environment:create_environment_scripts_only(interfaces)
[0.968s] DEBUG:colcon.colcon_core.event_handler.log_command:Invoked command in '/home/kushion/Documents/OpenMantaClaus/build/interfaces' returned '0': CMAKE_PREFIX_PATH=${CMAKE_PREFIX_PATH}:/home/kushion/Desktop/piles/pile_detection/IsaacSim-ros_workspaces/humble_ws/install/isaac_ros_navigation_goal:/opt/ros/humble /usr/bin/cmake --install /home/kushion/Documents/OpenMantaClaus/build/interfaces
[0.971s] Level 1:colcon.colcon_core.environment:checking '/home/kushion/Documents/OpenMantaClaus/install/interfaces' for CMake module files
[0.971s] Level 1:colcon.colcon_core.environment:checking '/home/kushion/Documents/OpenMantaClaus/install/interfaces' for CMake config files
[0.972s] Level 1:colcon.colcon_core.shell:create_environment_hook('interfaces', 'cmake_prefix_path')
[0.973s] INFO:colcon.colcon_core.shell:Creating environment hook '/home/kushion/Documents/OpenMantaClaus/install/interfaces/share/interfaces/hook/cmake_prefix_path.ps1'
[0.973s] INFO:colcon.colcon_core.shell:Creating environment descriptor '/home/kushion/Documents/OpenMantaClaus/install/interfaces/share/interfaces/hook/cmake_prefix_path.dsv'
[0.974s] INFO:colcon.colcon_core.shell:Creating environment hook '/home/kushion/Documents/OpenMantaClaus/install/interfaces/share/interfaces/hook/cmake_prefix_path.sh'
[0.975s] Level 1:colcon.colcon_core.environment:checking '/home/kushion/Documents/OpenMantaClaus/install/interfaces/lib'
[0.975s] Level 1:colcon.colcon_core.shell:create_environment_hook('interfaces', 'ld_library_path_lib')
[0.976s] INFO:colcon.colcon_core.shell:Creating environment hook '/home/kushion/Documents/OpenMantaClaus/install/interfaces/share/interfaces/hook/ld_library_path_lib.ps1'
[0.976s] INFO:colcon.colcon_core.shell:Creating environment descriptor '/home/kushion/Documents/OpenMantaClaus/install/interfaces/share/interfaces/hook/ld_library_path_lib.dsv'
[0.977s] INFO:colcon.colcon_core.shell:Creating environment hook '/home/kushion/Documents/OpenMantaClaus/install/interfaces/share/interfaces/hook/ld_library_path_lib.sh'
[0.977s] Level 1:colcon.colcon_core.environment:checking '/home/kushion/Documents/OpenMantaClaus/install/interfaces/bin'
[0.977s] Level 1:colcon.colcon_core.environment:checking '/home/kushion/Documents/OpenMantaClaus/install/interfaces/lib/pkgconfig/interfaces.pc'
[0.978s] Level 1:colcon.colcon_core.environment:checking '/home/kushion/Documents/OpenMantaClaus/install/interfaces/lib/python3.10/site-packages'
[0.978s] Level 1:colcon.colcon_core.environment:checking '/home/kushion/Documents/OpenMantaClaus/install/interfaces/bin'
[0.979s] INFO:colcon.colcon_core.shell:Creating package script '/home/kushion/Documents/OpenMantaClaus/install/interfaces/share/interfaces/package.ps1'
[0.980s] INFO:colcon.colcon_core.shell:Creating package descriptor '/home/kushion/Documents/OpenMantaClaus/install/interfaces/share/interfaces/package.dsv'
[0.980s] INFO:colcon.colcon_core.shell:Creating package script '/home/kushion/Documents/OpenMantaClaus/install/interfaces/share/interfaces/package.sh'
[0.981s] INFO:colcon.colcon_core.shell:Creating package script '/home/kushion/Documents/OpenMantaClaus/install/interfaces/share/interfaces/package.bash'
[0.982s] INFO:colcon.colcon_core.shell:Creating package script '/home/kushion/Documents/OpenMantaClaus/install/interfaces/share/interfaces/package.zsh'
[0.983s] Level 1:colcon.colcon_core.environment:create_file_with_runtime_dependencies(/home/kushion/Documents/OpenMantaClaus/install/interfaces/share/colcon-core/packages/interfaces)
[0.984s] Level 1:colcon.colcon_core.environment:create_environment_scripts_only(interfaces)
[0.984s] Level 1:colcon.colcon_core.environment:checking '/home/kushion/Documents/OpenMantaClaus/install/interfaces' for CMake module files
[0.985s] Level 1:colcon.colcon_core.environment:checking '/home/kushion/Documents/OpenMantaClaus/install/interfaces' for CMake config files
[0.985s] Level 1:colcon.colcon_core.shell:create_environment_hook('interfaces', 'cmake_prefix_path')
[0.986s] INFO:colcon.colcon_core.shell:Creating environment hook '/home/kushion/Documents/OpenMantaClaus/install/interfaces/share/interfaces/hook/cmake_prefix_path.ps1'
[0.986s] INFO:colcon.colcon_core.shell:Creating environment descriptor '/home/kushion/Documents/OpenMantaClaus/install/interfaces/share/interfaces/hook/cmake_prefix_path.dsv'
[0.986s] INFO:colcon.colcon_core.shell:Creating environment hook '/home/kushion/Documents/OpenMantaClaus/install/interfaces/share/interfaces/hook/cmake_prefix_path.sh'
[0.987s] Level 1:colcon.colcon_core.environment:checking '/home/kushion/Documents/OpenMantaClaus/install/interfaces/lib'
[0.987s] Level 1:colcon.colcon_core.shell:create_environment_hook('interfaces', 'ld_library_path_lib')
[0.987s] INFO:colcon.colcon_core.shell:Creating environment hook '/home/kushion/Documents/OpenMantaClaus/install/interfaces/share/interfaces/hook/ld_library_path_lib.ps1'
[0.988s] INFO:colcon.colcon_core.shell:Creating environment descriptor '/home/kushion/Documents/OpenMantaClaus/install/interfaces/share/interfaces/hook/ld_library_path_lib.dsv'
[0.988s] INFO:colcon.colcon_core.shell:Creating environment hook '/home/kushion/Documents/OpenMantaClaus/install/interfaces/share/interfaces/hook/ld_library_path_lib.sh'
[0.989s] Level 1:colcon.colcon_core.environment:checking '/home/kushion/Documents/OpenMantaClaus/install/interfaces/bin'
[0.989s] Level 1:colcon.colcon_core.environment:checking '/home/kushion/Documents/OpenMantaClaus/install/interfaces/lib/pkgconfig/interfaces.pc'
[0.990s] Level 1:colcon.colcon_core.environment:checking '/home/kushion/Documents/OpenMantaClaus/install/interfaces/lib/python3.10/site-packages'
[0.990s] Level 1:colcon.colcon_core.environment:checking '/home/kushion/Documents/OpenMantaClaus/install/interfaces/bin'
[0.991s] INFO:colcon.colcon_core.shell:Creating package script '/home/kushion/Documents/OpenMantaClaus/install/interfaces/share/interfaces/package.ps1'
[0.991s] INFO:colcon.colcon_core.shell:Creating package descriptor '/home/kushion/Documents/OpenMantaClaus/install/interfaces/share/interfaces/package.dsv'
[0.992s] INFO:colcon.colcon_core.shell:Creating package script '/home/kushion/Documents/OpenMantaClaus/install/interfaces/share/interfaces/package.sh'
[0.992s] INFO:colcon.colcon_core.shell:Creating package script '/home/kushion/Documents/OpenMantaClaus/install/interfaces/share/interfaces/package.bash'
[0.993s] INFO:colcon.colcon_core.shell:Creating package script '/home/kushion/Documents/OpenMantaClaus/install/interfaces/share/interfaces/package.zsh'
[0.993s] Level 1:colcon.colcon_core.environment:create_file_with_runtime_dependencies(/home/kushion/Documents/OpenMantaClaus/install/interfaces/share/colcon-core/packages/interfaces)
[0.994s] INFO:colcon.colcon_ros.task.ament_python.build:Building ROS package in '/home/kushion/Documents/OpenMantaClaus/src/cv' with build type 'ament_python'
[0.994s] Level 1:colcon.colcon_core.shell:create_environment_hook('cv', 'ament_prefix_path')
[0.994s] INFO:colcon.colcon_core.shell:Creating environment hook '/home/kushion/Documents/OpenMantaClaus/install/cv/share/cv/hook/ament_prefix_path.ps1'
[0.995s] INFO:colcon.colcon_core.shell:Creating environment descriptor '/home/kushion/Documents/OpenMantaClaus/install/cv/share/cv/hook/ament_prefix_path.dsv'
[0.995s] INFO:colcon.colcon_core.shell:Creating environment hook '/home/kushion/Documents/OpenMantaClaus/install/cv/share/cv/hook/ament_prefix_path.sh'
[0.996s] INFO:colcon.colcon_core.shell:Skip shell extension 'powershell' for command environment: Not usable outside of PowerShell
[0.996s] DEBUG:colcon.colcon_core.shell:Skip shell extension 'dsv' for command environment
[1.273s] INFO:colcon.colcon_core.task.python.build:Building Python package in '/home/kushion/Documents/OpenMantaClaus/src/cv'
[1.274s] INFO:colcon.colcon_core.shell:Skip shell extension 'powershell' for command environment: Not usable outside of PowerShell
[1.274s] DEBUG:colcon.colcon_core.shell:Skip shell extension 'dsv' for command environment
[1.937s] DEBUG:colcon.colcon_core.event_handler.log_command:Invoking command in '/home/kushion/Documents/OpenMantaClaus/src/cv': AMENT_PREFIX_PATH=/home/kushion/Documents/OpenMantaClaus/install/interfaces:${AMENT_PREFIX_PATH} CMAKE_PREFIX_PATH=/home/kushion/Documents/OpenMantaClaus/install/interfaces:${CMAKE_PREFIX_PATH} LD_LIBRARY_PATH=/home/kushion/Documents/OpenMantaClaus/install/interfaces/lib:/home/kushion/Desktop/piles/pile_detection/IsaacSim-ros_workspaces/humble_ws/install/isaac_ros2_messages/lib:/home/kushion/Desktop/piles/pile_detection/IsaacSim-ros_workspaces/humble_ws/install/custom_message/lib:/opt/ros/humble/opt/rviz_ogre_vendor/lib:/opt/ros/humble/lib/x86_64-linux-gnu:/opt/ros/humble/lib:/home/kushion/Documents/acados/lib:/home/kushion/Documents/robocup_work/c_generated_code:/home/kushion/Documents/acados/lib:/home/kushion/Documents/robocup_work/c_generated_code PYTHONPATH=/home/kushion/Documents/OpenMantaClaus/build/cv/prefix_override:/usr/lib/python3/dist-packages/colcon_core/task/python/colcon_distutils_commands:/home/kushion/Documents/OpenMantaClaus/install/cv/lib/python3.10/site-packages:/home/kushion/Documents/OpenMantaClaus/install/interfaces/local/lib/python3.10/dist-packages:${PYTHONPATH} /usr/bin/python3 -W ignore:setup.py install is deprecated -W ignore:easy_install command is deprecated setup.py egg_info --egg-base ../../build/cv build --build-base /home/kushion/Documents/OpenMantaClaus/build/cv/build install --record /home/kushion/Documents/OpenMantaClaus/build/cv/install.log --single-version-externally-managed install_data
[2.550s] Level 1:colcon.colcon_core.environment:checking '/home/kushion/Documents/OpenMantaClaus/install/cv' for CMake module files
[2.552s] DEBUG:colcon.colcon_core.event_handler.log_command:Invoked command in '/home/kushion/Documents/OpenMantaClaus/src/cv' returned '0': AMENT_PREFIX_PATH=/home/kushion/Documents/OpenMantaClaus/install/interfaces:${AMENT_PREFIX_PATH} CMAKE_PREFIX_PATH=/home/kushion/Documents/OpenMantaClaus/install/interfaces:${CMAKE_PREFIX_PATH} LD_LIBRARY_PATH=/home/kushion/Documents/OpenMantaClaus/install/interfaces/lib:/home/kushion/Desktop/piles/pile_detection/IsaacSim-ros_workspaces/humble_ws/install/isaac_ros2_messages/lib:/home/kushion/Desktop/piles/pile_detection/IsaacSim-ros_workspaces/humble_ws/install/custom_message/lib:/opt/ros/humble/opt/rviz_ogre_vendor/lib:/opt/ros/humble/lib/x86_64-linux-gnu:/opt/ros/humble/lib:/home/kushion/Documents/acados/lib:/home/kushion/Documents/robocup_work/c_generated_code:/home/kushion/Documents/acados/lib:/home/kushion/Documents/robocup_work/c_generated_code PYTHONPATH=/home/kushion/Documents/OpenMantaClaus/build/cv/prefix_override:/usr/lib/python3/dist-packages/colcon_core/task/python/colcon_distutils_commands:/home/kushion/Documents/OpenMantaClaus/install/cv/lib/python3.10/site-packages:/home/kushion/Documents/OpenMantaClaus/install/interfaces/local/lib/python3.10/dist-packages:${PYTHONPATH} /usr/bin/python3 -W ignore:setup.py install is deprecated -W ignore:easy_install command is deprecated setup.py egg_info --egg-base ../../build/cv build --build-base /home/kushion/Documents/OpenMantaClaus/build/cv/build install --record /home/kushion/Documents/OpenMantaClaus/build/cv/install.log --single-version-externally-managed install_data
[2.552s] Level 1:colcon.colcon_core.environment:checking '/home/kushion/Documents/OpenMantaClaus/install/cv' for CMake config files
[2.553s] Level 1:colcon.colcon_core.environment:checking '/home/kushion/Documents/OpenMantaClaus/install/cv/lib'
[2.553s] Level 1:colcon.colcon_core.environment:checking '/home/kushion/Documents/OpenMantaClaus/install/cv/bin'
[2.553s] Level 1:colcon.colcon_core.environment:checking '/home/kushion/Documents/OpenMantaClaus/install/cv/lib/pkgconfig/cv.pc'
[2.554s] Level 1:colcon.colcon_core.environment:checking '/home/kushion/Documents/OpenMantaClaus/install/cv/lib/python3.10/site-packages'
[2.554s] Level 1:colcon.colcon_core.shell:create_environment_hook('cv', 'pythonpath')
[2.554s] INFO:colcon.colcon_core.shell:Creating environment hook '/home/kushion/Documents/OpenMantaClaus/install/cv/share/cv/hook/pythonpath.ps1'
[2.555s] INFO:colcon.colcon_core.shell:Creating environment descriptor '/home/kushion/Documents/OpenMantaClaus/install/cv/share/cv/hook/pythonpath.dsv'
[2.556s] INFO:colcon.colcon_core.shell:Creating environment hook '/home/kushion/Documents/OpenMantaClaus/install/cv/share/cv/hook/pythonpath.sh'
[2.557s] Level 1:colcon.colcon_core.environment:checking '/home/kushion/Documents/OpenMantaClaus/install/cv/bin'
[2.557s] Level 1:colcon.colcon_core.environment:create_environment_scripts_only(cv)
[2.557s] INFO:colcon.colcon_core.shell:Creating package script '/home/kushion/Documents/OpenMantaClaus/install/cv/share/cv/package.ps1'
[2.558s] INFO:colcon.colcon_core.shell:Creating package descriptor '/home/kushion/Documents/OpenMantaClaus/install/cv/share/cv/package.dsv'
[2.559s] INFO:colcon.colcon_core.shell:Creating package script '/home/kushion/Documents/OpenMantaClaus/install/cv/share/cv/package.sh'
[2.559s] INFO:colcon.colcon_core.shell:Creating package script '/home/kushion/Documents/OpenMantaClaus/install/cv/share/cv/package.bash'
[2.560s] INFO:colcon.colcon_core.shell:Creating package script '/home/kushion/Documents/OpenMantaClaus/install/cv/share/cv/package.zsh'
[2.560s] Level 1:colcon.colcon_core.environment:create_file_with_runtime_dependencies(/home/kushion/Documents/OpenMantaClaus/install/cv/share/colcon-core/packages/cv)
[2.561s] DEBUG:colcon.colcon_parallel_executor.executor.parallel:closing loop
[2.561s] DEBUG:colcon.colcon_parallel_executor.executor.parallel:loop closed
[2.561s] DEBUG:colcon.colcon_parallel_executor.executor.parallel:run_until_complete finished with '0'
[2.561s] DEBUG:colcon.colcon_core.event_reactor:joining thread
[2.571s] INFO:colcon.colcon_core.plugin_system:Skipping extension 'colcon_notification.desktop_notification.terminal_notifier': Not used on non-Darwin systems
[2.571s] INFO:colcon.colcon_core.plugin_system:Skipping extension 'colcon_notification.desktop_notification.win32': Not used on non-Windows systems
[2.571s] INFO:colcon.colcon_notification.desktop_notification:Sending desktop notification using 'notify2'
[2.587s] DEBUG:colcon.colcon_core.event_reactor:joined thread
[2.588s] INFO:colcon.colcon_core.shell:Creating prefix script '/home/kushion/Documents/OpenMantaClaus/install/local_setup.ps1'
[2.589s] INFO:colcon.colcon_core.shell:Creating prefix util module '/home/kushion/Documents/OpenMantaClaus/install/_local_setup_util_ps1.py'
[2.591s] INFO:colcon.colcon_core.shell:Creating prefix chain script '/home/kushion/Documents/OpenMantaClaus/install/setup.ps1'
[2.593s] INFO:colcon.colcon_core.shell:Creating prefix script '/home/kushion/Documents/OpenMantaClaus/install/local_setup.sh'
[2.594s] INFO:colcon.colcon_core.shell:Creating prefix util module '/home/kushion/Documents/OpenMantaClaus/install/_local_setup_util_sh.py'
[2.595s] INFO:colcon.colcon_core.shell:Creating prefix chain script '/home/kushion/Documents/OpenMantaClaus/install/setup.sh'
[2.597s] INFO:colcon.colcon_core.shell:Creating prefix script '/home/kushion/Documents/OpenMantaClaus/install/local_setup.bash'
[2.598s] INFO:colcon.colcon_core.shell:Creating prefix chain script '/home/kushion/Documents/OpenMantaClaus/install/setup.bash'
[2.599s] INFO:colcon.colcon_core.shell:Creating prefix script '/home/kushion/Documents/OpenMantaClaus/install/local_setup.zsh'
[2.600s] INFO:colcon.colcon_core.shell:Creating prefix chain script '/home/kushion/Documents/OpenMantaClaus/install/setup.zsh'
