[0.158s] DEBUG:colcon:Command line arguments: ['/usr/bin/colcon', 'build', '--packages-select', 'interfaces', 'ekfslam']
[0.158s] DEBUG:colcon:Parsed command line arguments: Namespace(log_base=None, log_level=None, verb_name='build', build_base='build', install_base='install', merge_install=False, symlink_install=False, test_result_base=None, continue_on_error=False, executor='parallel', parallel_workers=22, event_handlers=None, ignore_user_meta=False, metas=['./colcon.meta'], base_paths=['.'], packages_ignore=None, packages_ignore_regex=None, paths=None, packages_up_to=None, packages_up_to_regex=None, packages_above=None, packages_above_and_dependencies=None, packages_above_depth=None, packages_select_by_dep=None, packages_skip_by_dep=None, packages_skip_up_to=None, packages_select_build_failed=False, packages_skip_build_finished=False, packages_select_test_failures=False, packages_skip_test_passed=False, packages_select=['interfaces', 'ekfslam'], packages_skip=None, packages_select_regex=None, packages_skip_regex=None, packages_start=None, packages_end=None, allow_overriding=[], cmake_args=None, cmake_target=None, cmake_target_skip_unavailable=False, cmake_clean_cache=False, cmake_clean_first=False, cmake_force_configure=False, ament_cmake_args=None, catkin_cmake_args=None, catkin_skip_building_tests=False, mixin_files=None, mixin=None, verb_parser=<colcon_mixin.mixin.mixin_argument.MixinArgumentDecorator object at 0x704f15fa21d0>, verb_extension=<colcon_core.verb.build.BuildVerb object at 0x704f15fa1a50>, main=<bound method BuildVerb.main of <colcon_core.verb.build.BuildVerb object at 0x704f15fa1a50>>, mixin_verb=('build',))
[0.213s] Level 1:colcon.colcon_core.package_discovery:discover_packages(colcon_meta) check parameters
[0.213s] Level 1:colcon.colcon_core.package_discovery:discover_packages(recursive) check parameters
[0.213s] Level 1:colcon.colcon_core.package_discovery:discover_packages(ignore) check parameters
[0.213s] Level 1:colcon.colcon_core.package_discovery:discover_packages(path) check parameters
[0.213s] Level 1:colcon.colcon_core.package_discovery:discover_packages(colcon_meta) discover
[0.213s] Level 1:colcon.colcon_core.package_discovery:discover_packages(recursive) discover
[0.214s] INFO:colcon.colcon_core.package_discovery:Crawling recursively for packages in '/home/kushion/Documents/OpenMantaClaus'
[0.214s] Level 1:colcon.colcon_core.package_identification:_identify(.) by extensions ['ignore', 'ignore_ament_install']
[0.214s] Level 1:colcon.colcon_core.package_identification:_identify(.) by extension 'ignore'
[0.214s] Level 1:colcon.colcon_core.package_identification:_identify(.) by extension 'ignore_ament_install'
[0.214s] Level 1:colcon.colcon_core.package_identification:_identify(.) by extensions ['colcon_pkg']
[0.214s] Level 1:colcon.colcon_core.package_identification:_identify(.) by extension 'colcon_pkg'
[0.214s] Level 1:colcon.colcon_core.package_identification:_identify(.) by extensions ['colcon_meta']
[0.214s] Level 1:colcon.colcon_core.package_identification:_identify(.) by extension 'colcon_meta'
[0.214s] Level 1:colcon.colcon_core.package_identification:_identify(.) by extensions ['ros']
[0.214s] Level 1:colcon.colcon_core.package_identification:_identify(.) by extension 'ros'
[0.245s] Level 1:colcon.colcon_core.package_identification:_identify(.) by extensions ['cmake', 'python']
[0.245s] Level 1:colcon.colcon_core.package_identification:_identify(.) by extension 'cmake'
[0.245s] Level 1:colcon.colcon_core.package_identification:_identify(.) by extension 'python'
[0.245s] Level 1:colcon.colcon_core.package_identification:_identify(.) by extensions ['python_setup_py']
[0.245s] Level 1:colcon.colcon_core.package_identification:_identify(.) by extension 'python_setup_py'
[0.246s] Level 1:colcon.colcon_core.package_identification:_identify(build) by extensions ['ignore', 'ignore_ament_install']
[0.246s] Level 1:colcon.colcon_core.package_identification:_identify(build) by extension 'ignore'
[0.246s] Level 1:colcon.colcon_core.package_identification:_identify(build) ignored
[0.246s] Level 1:colcon.colcon_core.package_identification:_identify(docs) by extensions ['ignore', 'ignore_ament_install']
[0.246s] Level 1:colcon.colcon_core.package_identification:_identify(docs) by extension 'ignore'
[0.246s] Level 1:colcon.colcon_core.package_identification:_identify(docs) by extension 'ignore_ament_install'
[0.246s] Level 1:colcon.colcon_core.package_identification:_identify(docs) by extensions ['colcon_pkg']
[0.246s] Level 1:colcon.colcon_core.package_identification:_identify(docs) by extension 'colcon_pkg'
[0.246s] Level 1:colcon.colcon_core.package_identification:_identify(docs) by extensions ['colcon_meta']
[0.246s] Level 1:colcon.colcon_core.package_identification:_identify(docs) by extension 'colcon_meta'
[0.246s] Level 1:colcon.colcon_core.package_identification:_identify(docs) by extensions ['ros']
[0.246s] Level 1:colcon.colcon_core.package_identification:_identify(docs) by extension 'ros'
[0.246s] Level 1:colcon.colcon_core.package_identification:_identify(docs) by extensions ['cmake', 'python']
[0.246s] Level 1:colcon.colcon_core.package_identification:_identify(docs) by extension 'cmake'
[0.246s] Level 1:colcon.colcon_core.package_identification:_identify(docs) by extension 'python'
[0.246s] Level 1:colcon.colcon_core.package_identification:_identify(docs) by extensions ['python_setup_py']
[0.246s] Level 1:colcon.colcon_core.package_identification:_identify(docs) by extension 'python_setup_py'
[0.247s] Level 1:colcon.colcon_core.package_identification:_identify(install) by extensions ['ignore', 'ignore_ament_install']
[0.247s] Level 1:colcon.colcon_core.package_identification:_identify(install) by extension 'ignore'
[0.247s] Level 1:colcon.colcon_core.package_identification:_identify(install) ignored
[0.247s] Level 1:colcon.colcon_core.package_identification:_identify(log) by extensions ['ignore', 'ignore_ament_install']
[0.247s] Level 1:colcon.colcon_core.package_identification:_identify(log) by extension 'ignore'
[0.247s] Level 1:colcon.colcon_core.package_identification:_identify(log) ignored
[0.247s] Level 1:colcon.colcon_core.package_identification:_identify(scripts) by extensions ['ignore', 'ignore_ament_install']
[0.247s] Level 1:colcon.colcon_core.package_identification:_identify(scripts) by extension 'ignore'
[0.247s] Level 1:colcon.colcon_core.package_identification:_identify(scripts) by extension 'ignore_ament_install'
[0.247s] Level 1:colcon.colcon_core.package_identification:_identify(scripts) by extensions ['colcon_pkg']
[0.247s] Level 1:colcon.colcon_core.package_identification:_identify(scripts) by extension 'colcon_pkg'
[0.247s] Level 1:colcon.colcon_core.package_identification:_identify(scripts) by extensions ['colcon_meta']
[0.247s] Level 1:colcon.colcon_core.package_identification:_identify(scripts) by extension 'colcon_meta'
[0.247s] Level 1:colcon.colcon_core.package_identification:_identify(scripts) by extensions ['ros']
[0.247s] Level 1:colcon.colcon_core.package_identification:_identify(scripts) by extension 'ros'
[0.247s] Level 1:colcon.colcon_core.package_identification:_identify(scripts) by extensions ['cmake', 'python']
[0.247s] Level 1:colcon.colcon_core.package_identification:_identify(scripts) by extension 'cmake'
[0.247s] Level 1:colcon.colcon_core.package_identification:_identify(scripts) by extension 'python'
[0.247s] Level 1:colcon.colcon_core.package_identification:_identify(scripts) by extensions ['python_setup_py']
[0.248s] Level 1:colcon.colcon_core.package_identification:_identify(scripts) by extension 'python_setup_py'
[0.248s] Level 1:colcon.colcon_core.package_identification:_identify(scripts/bottom_camera) by extensions ['ignore', 'ignore_ament_install']
[0.248s] Level 1:colcon.colcon_core.package_identification:_identify(scripts/bottom_camera) by extension 'ignore'
[0.248s] Level 1:colcon.colcon_core.package_identification:_identify(scripts/bottom_camera) by extension 'ignore_ament_install'
[0.248s] Level 1:colcon.colcon_core.package_identification:_identify(scripts/bottom_camera) by extensions ['colcon_pkg']
[0.248s] Level 1:colcon.colcon_core.package_identification:_identify(scripts/bottom_camera) by extension 'colcon_pkg'
[0.248s] Level 1:colcon.colcon_core.package_identification:_identify(scripts/bottom_camera) by extensions ['colcon_meta']
[0.248s] Level 1:colcon.colcon_core.package_identification:_identify(scripts/bottom_camera) by extension 'colcon_meta'
[0.248s] Level 1:colcon.colcon_core.package_identification:_identify(scripts/bottom_camera) by extensions ['ros']
[0.248s] Level 1:colcon.colcon_core.package_identification:_identify(scripts/bottom_camera) by extension 'ros'
[0.248s] Level 1:colcon.colcon_core.package_identification:_identify(scripts/bottom_camera) by extensions ['cmake', 'python']
[0.248s] Level 1:colcon.colcon_core.package_identification:_identify(scripts/bottom_camera) by extension 'cmake'
[0.248s] Level 1:colcon.colcon_core.package_identification:_identify(scripts/bottom_camera) by extension 'python'
[0.248s] Level 1:colcon.colcon_core.package_identification:_identify(scripts/bottom_camera) by extensions ['python_setup_py']
[0.248s] Level 1:colcon.colcon_core.package_identification:_identify(scripts/bottom_camera) by extension 'python_setup_py'
[0.248s] Level 1:colcon.colcon_core.package_identification:_identify(scripts/cv_testing) by extensions ['ignore', 'ignore_ament_install']
[0.248s] Level 1:colcon.colcon_core.package_identification:_identify(scripts/cv_testing) by extension 'ignore'
[0.248s] Level 1:colcon.colcon_core.package_identification:_identify(scripts/cv_testing) by extension 'ignore_ament_install'
[0.248s] Level 1:colcon.colcon_core.package_identification:_identify(scripts/cv_testing) by extensions ['colcon_pkg']
[0.249s] Level 1:colcon.colcon_core.package_identification:_identify(scripts/cv_testing) by extension 'colcon_pkg'
[0.249s] Level 1:colcon.colcon_core.package_identification:_identify(scripts/cv_testing) by extensions ['colcon_meta']
[0.249s] Level 1:colcon.colcon_core.package_identification:_identify(scripts/cv_testing) by extension 'colcon_meta'
[0.249s] Level 1:colcon.colcon_core.package_identification:_identify(scripts/cv_testing) by extensions ['ros']
[0.249s] Level 1:colcon.colcon_core.package_identification:_identify(scripts/cv_testing) by extension 'ros'
[0.252s] DEBUG:colcon.colcon_core.package_identification:Package 'scripts/cv_testing' with type 'ros.ament_python' and name 'cv_testing'
[0.252s] Level 1:colcon.colcon_core.package_identification:_identify(scripts/yolo) by extensions ['ignore', 'ignore_ament_install']
[0.252s] Level 1:colcon.colcon_core.package_identification:_identify(scripts/yolo) by extension 'ignore'
[0.252s] Level 1:colcon.colcon_core.package_identification:_identify(scripts/yolo) by extension 'ignore_ament_install'
[0.252s] Level 1:colcon.colcon_core.package_identification:_identify(scripts/yolo) by extensions ['colcon_pkg']
[0.252s] Level 1:colcon.colcon_core.package_identification:_identify(scripts/yolo) by extension 'colcon_pkg'
[0.252s] Level 1:colcon.colcon_core.package_identification:_identify(scripts/yolo) by extensions ['colcon_meta']
[0.252s] Level 1:colcon.colcon_core.package_identification:_identify(scripts/yolo) by extension 'colcon_meta'
[0.252s] Level 1:colcon.colcon_core.package_identification:_identify(scripts/yolo) by extensions ['ros']
[0.252s] Level 1:colcon.colcon_core.package_identification:_identify(scripts/yolo) by extension 'ros'
[0.252s] Level 1:colcon.colcon_core.package_identification:_identify(scripts/yolo) by extensions ['cmake', 'python']
[0.252s] Level 1:colcon.colcon_core.package_identification:_identify(scripts/yolo) by extension 'cmake'
[0.252s] Level 1:colcon.colcon_core.package_identification:_identify(scripts/yolo) by extension 'python'
[0.252s] Level 1:colcon.colcon_core.package_identification:_identify(scripts/yolo) by extensions ['python_setup_py']
[0.252s] Level 1:colcon.colcon_core.package_identification:_identify(scripts/yolo) by extension 'python_setup_py'
[0.252s] Level 1:colcon.colcon_core.package_identification:_identify(scripts/yolo/runs) by extensions ['ignore', 'ignore_ament_install']
[0.252s] Level 1:colcon.colcon_core.package_identification:_identify(scripts/yolo/runs) by extension 'ignore'
[0.252s] Level 1:colcon.colcon_core.package_identification:_identify(scripts/yolo/runs) by extension 'ignore_ament_install'
[0.253s] Level 1:colcon.colcon_core.package_identification:_identify(scripts/yolo/runs) by extensions ['colcon_pkg']
[0.253s] Level 1:colcon.colcon_core.package_identification:_identify(scripts/yolo/runs) by extension 'colcon_pkg'
[0.253s] Level 1:colcon.colcon_core.package_identification:_identify(scripts/yolo/runs) by extensions ['colcon_meta']
[0.253s] Level 1:colcon.colcon_core.package_identification:_identify(scripts/yolo/runs) by extension 'colcon_meta'
[0.253s] Level 1:colcon.colcon_core.package_identification:_identify(scripts/yolo/runs) by extensions ['ros']
[0.253s] Level 1:colcon.colcon_core.package_identification:_identify(scripts/yolo/runs) by extension 'ros'
[0.253s] Level 1:colcon.colcon_core.package_identification:_identify(scripts/yolo/runs) by extensions ['cmake', 'python']
[0.253s] Level 1:colcon.colcon_core.package_identification:_identify(scripts/yolo/runs) by extension 'cmake'
[0.253s] Level 1:colcon.colcon_core.package_identification:_identify(scripts/yolo/runs) by extension 'python'
[0.253s] Level 1:colcon.colcon_core.package_identification:_identify(scripts/yolo/runs) by extensions ['python_setup_py']
[0.253s] Level 1:colcon.colcon_core.package_identification:_identify(scripts/yolo/runs) by extension 'python_setup_py'
[0.253s] Level 1:colcon.colcon_core.package_identification:_identify(scripts/yolo/runs/detect) by extensions ['ignore', 'ignore_ament_install']
[0.253s] Level 1:colcon.colcon_core.package_identification:_identify(scripts/yolo/runs/detect) by extension 'ignore'
[0.253s] Level 1:colcon.colcon_core.package_identification:_identify(scripts/yolo/runs/detect) by extension 'ignore_ament_install'
[0.253s] Level 1:colcon.colcon_core.package_identification:_identify(scripts/yolo/runs/detect) by extensions ['colcon_pkg']
[0.253s] Level 1:colcon.colcon_core.package_identification:_identify(scripts/yolo/runs/detect) by extension 'colcon_pkg'
[0.253s] Level 1:colcon.colcon_core.package_identification:_identify(scripts/yolo/runs/detect) by extensions ['colcon_meta']
[0.253s] Level 1:colcon.colcon_core.package_identification:_identify(scripts/yolo/runs/detect) by extension 'colcon_meta'
[0.253s] Level 1:colcon.colcon_core.package_identification:_identify(scripts/yolo/runs/detect) by extensions ['ros']
[0.253s] Level 1:colcon.colcon_core.package_identification:_identify(scripts/yolo/runs/detect) by extension 'ros'
[0.253s] Level 1:colcon.colcon_core.package_identification:_identify(scripts/yolo/runs/detect) by extensions ['cmake', 'python']
[0.253s] Level 1:colcon.colcon_core.package_identification:_identify(scripts/yolo/runs/detect) by extension 'cmake'
[0.253s] Level 1:colcon.colcon_core.package_identification:_identify(scripts/yolo/runs/detect) by extension 'python'
[0.253s] Level 1:colcon.colcon_core.package_identification:_identify(scripts/yolo/runs/detect) by extensions ['python_setup_py']
[0.253s] Level 1:colcon.colcon_core.package_identification:_identify(scripts/yolo/runs/detect) by extension 'python_setup_py'
[0.254s] Level 1:colcon.colcon_core.package_identification:_identify(scripts/yolo/runs/detect/finetune_specialist_v1) by extensions ['ignore', 'ignore_ament_install']
[0.254s] Level 1:colcon.colcon_core.package_identification:_identify(scripts/yolo/runs/detect/finetune_specialist_v1) by extension 'ignore'
[0.254s] Level 1:colcon.colcon_core.package_identification:_identify(scripts/yolo/runs/detect/finetune_specialist_v1) by extension 'ignore_ament_install'
[0.254s] Level 1:colcon.colcon_core.package_identification:_identify(scripts/yolo/runs/detect/finetune_specialist_v1) by extensions ['colcon_pkg']
[0.254s] Level 1:colcon.colcon_core.package_identification:_identify(scripts/yolo/runs/detect/finetune_specialist_v1) by extension 'colcon_pkg'
[0.254s] Level 1:colcon.colcon_core.package_identification:_identify(scripts/yolo/runs/detect/finetune_specialist_v1) by extensions ['colcon_meta']
[0.254s] Level 1:colcon.colcon_core.package_identification:_identify(scripts/yolo/runs/detect/finetune_specialist_v1) by extension 'colcon_meta'
[0.254s] Level 1:colcon.colcon_core.package_identification:_identify(scripts/yolo/runs/detect/finetune_specialist_v1) by extensions ['ros']
[0.254s] Level 1:colcon.colcon_core.package_identification:_identify(scripts/yolo/runs/detect/finetune_specialist_v1) by extension 'ros'
[0.254s] Level 1:colcon.colcon_core.package_identification:_identify(scripts/yolo/runs/detect/finetune_specialist_v1) by extensions ['cmake', 'python']
[0.254s] Level 1:colcon.colcon_core.package_identification:_identify(scripts/yolo/runs/detect/finetune_specialist_v1) by extension 'cmake'
[0.254s] Level 1:colcon.colcon_core.package_identification:_identify(scripts/yolo/runs/detect/finetune_specialist_v1) by extension 'python'
[0.254s] Level 1:colcon.colcon_core.package_identification:_identify(scripts/yolo/runs/detect/finetune_specialist_v1) by extensions ['python_setup_py']
[0.254s] Level 1:colcon.colcon_core.package_identification:_identify(scripts/yolo/runs/detect/finetune_specialist_v1) by extension 'python_setup_py'
[0.254s] Level 1:colcon.colcon_core.package_identification:_identify(scripts/yolo/runs/detect/finetune_specialist_v1/weights) by extensions ['ignore', 'ignore_ament_install']
[0.254s] Level 1:colcon.colcon_core.package_identification:_identify(scripts/yolo/runs/detect/finetune_specialist_v1/weights) by extension 'ignore'
[0.254s] Level 1:colcon.colcon_core.package_identification:_identify(scripts/yolo/runs/detect/finetune_specialist_v1/weights) by extension 'ignore_ament_install'
[0.254s] Level 1:colcon.colcon_core.package_identification:_identify(scripts/yolo/runs/detect/finetune_specialist_v1/weights) by extensions ['colcon_pkg']
[0.254s] Level 1:colcon.colcon_core.package_identification:_identify(scripts/yolo/runs/detect/finetune_specialist_v1/weights) by extension 'colcon_pkg'
[0.254s] Level 1:colcon.colcon_core.package_identification:_identify(scripts/yolo/runs/detect/finetune_specialist_v1/weights) by extensions ['colcon_meta']
[0.254s] Level 1:colcon.colcon_core.package_identification:_identify(scripts/yolo/runs/detect/finetune_specialist_v1/weights) by extension 'colcon_meta'
[0.254s] Level 1:colcon.colcon_core.package_identification:_identify(scripts/yolo/runs/detect/finetune_specialist_v1/weights) by extensions ['ros']
[0.255s] Level 1:colcon.colcon_core.package_identification:_identify(scripts/yolo/runs/detect/finetune_specialist_v1/weights) by extension 'ros'
[0.255s] Level 1:colcon.colcon_core.package_identification:_identify(scripts/yolo/runs/detect/finetune_specialist_v1/weights) by extensions ['cmake', 'python']
[0.255s] Level 1:colcon.colcon_core.package_identification:_identify(scripts/yolo/runs/detect/finetune_specialist_v1/weights) by extension 'cmake'
[0.255s] Level 1:colcon.colcon_core.package_identification:_identify(scripts/yolo/runs/detect/finetune_specialist_v1/weights) by extension 'python'
[0.255s] Level 1:colcon.colcon_core.package_identification:_identify(scripts/yolo/runs/detect/finetune_specialist_v1/weights) by extensions ['python_setup_py']
[0.255s] Level 1:colcon.colcon_core.package_identification:_identify(scripts/yolo/runs/detect/finetune_specialist_v1/weights) by extension 'python_setup_py'
[0.255s] Level 1:colcon.colcon_core.package_identification:_identify(scripts/yolo/runs/detect/finetune_specialist_v1/weights/best_saved_model) by extensions ['ignore', 'ignore_ament_install']
[0.255s] Level 1:colcon.colcon_core.package_identification:_identify(scripts/yolo/runs/detect/finetune_specialist_v1/weights/best_saved_model) by extension 'ignore'
[0.255s] Level 1:colcon.colcon_core.package_identification:_identify(scripts/yolo/runs/detect/finetune_specialist_v1/weights/best_saved_model) by extension 'ignore_ament_install'
[0.255s] Level 1:colcon.colcon_core.package_identification:_identify(scripts/yolo/runs/detect/finetune_specialist_v1/weights/best_saved_model) by extensions ['colcon_pkg']
[0.255s] Level 1:colcon.colcon_core.package_identification:_identify(scripts/yolo/runs/detect/finetune_specialist_v1/weights/best_saved_model) by extension 'colcon_pkg'
[0.255s] Level 1:colcon.colcon_core.package_identification:_identify(scripts/yolo/runs/detect/finetune_specialist_v1/weights/best_saved_model) by extensions ['colcon_meta']
[0.255s] Level 1:colcon.colcon_core.package_identification:_identify(scripts/yolo/runs/detect/finetune_specialist_v1/weights/best_saved_model) by extension 'colcon_meta'
[0.255s] Level 1:colcon.colcon_core.package_identification:_identify(scripts/yolo/runs/detect/finetune_specialist_v1/weights/best_saved_model) by extensions ['ros']
[0.255s] Level 1:colcon.colcon_core.package_identification:_identify(scripts/yolo/runs/detect/finetune_specialist_v1/weights/best_saved_model) by extension 'ros'
[0.255s] Level 1:colcon.colcon_core.package_identification:_identify(scripts/yolo/runs/detect/finetune_specialist_v1/weights/best_saved_model) by extensions ['cmake', 'python']
[0.255s] Level 1:colcon.colcon_core.package_identification:_identify(scripts/yolo/runs/detect/finetune_specialist_v1/weights/best_saved_model) by extension 'cmake'
[0.255s] Level 1:colcon.colcon_core.package_identification:_identify(scripts/yolo/runs/detect/finetune_specialist_v1/weights/best_saved_model) by extension 'python'
[0.255s] Level 1:colcon.colcon_core.package_identification:_identify(scripts/yolo/runs/detect/finetune_specialist_v1/weights/best_saved_model) by extensions ['python_setup_py']
[0.255s] Level 1:colcon.colcon_core.package_identification:_identify(scripts/yolo/runs/detect/finetune_specialist_v1/weights/best_saved_model) by extension 'python_setup_py'
[0.255s] Level 1:colcon.colcon_core.package_identification:_identify(scripts/yolo/runs/detect/finetune_specialist_v1/weights/best_saved_model/variables) by extensions ['ignore', 'ignore_ament_install']
[0.256s] Level 1:colcon.colcon_core.package_identification:_identify(scripts/yolo/runs/detect/finetune_specialist_v1/weights/best_saved_model/variables) by extension 'ignore'
[0.256s] Level 1:colcon.colcon_core.package_identification:_identify(scripts/yolo/runs/detect/finetune_specialist_v1/weights/best_saved_model/variables) by extension 'ignore_ament_install'
[0.256s] Level 1:colcon.colcon_core.package_identification:_identify(scripts/yolo/runs/detect/finetune_specialist_v1/weights/best_saved_model/variables) by extensions ['colcon_pkg']
[0.256s] Level 1:colcon.colcon_core.package_identification:_identify(scripts/yolo/runs/detect/finetune_specialist_v1/weights/best_saved_model/variables) by extension 'colcon_pkg'
[0.256s] Level 1:colcon.colcon_core.package_identification:_identify(scripts/yolo/runs/detect/finetune_specialist_v1/weights/best_saved_model/variables) by extensions ['colcon_meta']
[0.256s] Level 1:colcon.colcon_core.package_identification:_identify(scripts/yolo/runs/detect/finetune_specialist_v1/weights/best_saved_model/variables) by extension 'colcon_meta'
[0.256s] Level 1:colcon.colcon_core.package_identification:_identify(scripts/yolo/runs/detect/finetune_specialist_v1/weights/best_saved_model/variables) by extensions ['ros']
[0.256s] Level 1:colcon.colcon_core.package_identification:_identify(scripts/yolo/runs/detect/finetune_specialist_v1/weights/best_saved_model/variables) by extension 'ros'
[0.256s] Level 1:colcon.colcon_core.package_identification:_identify(scripts/yolo/runs/detect/finetune_specialist_v1/weights/best_saved_model/variables) by extensions ['cmake', 'python']
[0.256s] Level 1:colcon.colcon_core.package_identification:_identify(scripts/yolo/runs/detect/finetune_specialist_v1/weights/best_saved_model/variables) by extension 'cmake'
[0.256s] Level 1:colcon.colcon_core.package_identification:_identify(scripts/yolo/runs/detect/finetune_specialist_v1/weights/best_saved_model/variables) by extension 'python'
[0.256s] Level 1:colcon.colcon_core.package_identification:_identify(scripts/yolo/runs/detect/finetune_specialist_v1/weights/best_saved_model/variables) by extensions ['python_setup_py']
[0.256s] Level 1:colcon.colcon_core.package_identification:_identify(scripts/yolo/runs/detect/finetune_specialist_v1/weights/best_saved_model/variables) by extension 'python_setup_py'
[0.256s] Level 1:colcon.colcon_core.package_identification:_identify(scripts/yolo/runs/detect/pretrain_generalist_v2) by extensions ['ignore', 'ignore_ament_install']
[0.256s] Level 1:colcon.colcon_core.package_identification:_identify(scripts/yolo/runs/detect/pretrain_generalist_v2) by extension 'ignore'
[0.256s] Level 1:colcon.colcon_core.package_identification:_identify(scripts/yolo/runs/detect/pretrain_generalist_v2) by extension 'ignore_ament_install'
[0.256s] Level 1:colcon.colcon_core.package_identification:_identify(scripts/yolo/runs/detect/pretrain_generalist_v2) by extensions ['colcon_pkg']
[0.256s] Level 1:colcon.colcon_core.package_identification:_identify(scripts/yolo/runs/detect/pretrain_generalist_v2) by extension 'colcon_pkg'
[0.256s] Level 1:colcon.colcon_core.package_identification:_identify(scripts/yolo/runs/detect/pretrain_generalist_v2) by extensions ['colcon_meta']
[0.256s] Level 1:colcon.colcon_core.package_identification:_identify(scripts/yolo/runs/detect/pretrain_generalist_v2) by extension 'colcon_meta'
[0.256s] Level 1:colcon.colcon_core.package_identification:_identify(scripts/yolo/runs/detect/pretrain_generalist_v2) by extensions ['ros']
[0.256s] Level 1:colcon.colcon_core.package_identification:_identify(scripts/yolo/runs/detect/pretrain_generalist_v2) by extension 'ros'
[0.256s] Level 1:colcon.colcon_core.package_identification:_identify(scripts/yolo/runs/detect/pretrain_generalist_v2) by extensions ['cmake', 'python']
[0.256s] Level 1:colcon.colcon_core.package_identification:_identify(scripts/yolo/runs/detect/pretrain_generalist_v2) by extension 'cmake'
[0.257s] Level 1:colcon.colcon_core.package_identification:_identify(scripts/yolo/runs/detect/pretrain_generalist_v2) by extension 'python'
[0.257s] Level 1:colcon.colcon_core.package_identification:_identify(scripts/yolo/runs/detect/pretrain_generalist_v2) by extensions ['python_setup_py']
[0.257s] Level 1:colcon.colcon_core.package_identification:_identify(scripts/yolo/runs/detect/pretrain_generalist_v2) by extension 'python_setup_py'
[0.257s] Level 1:colcon.colcon_core.package_identification:_identify(scripts/yolo/runs/detect/pretrain_generalist_v2/weights) by extensions ['ignore', 'ignore_ament_install']
[0.257s] Level 1:colcon.colcon_core.package_identification:_identify(scripts/yolo/runs/detect/pretrain_generalist_v2/weights) by extension 'ignore'
[0.257s] Level 1:colcon.colcon_core.package_identification:_identify(scripts/yolo/runs/detect/pretrain_generalist_v2/weights) by extension 'ignore_ament_install'
[0.257s] Level 1:colcon.colcon_core.package_identification:_identify(scripts/yolo/runs/detect/pretrain_generalist_v2/weights) by extensions ['colcon_pkg']
[0.257s] Level 1:colcon.colcon_core.package_identification:_identify(scripts/yolo/runs/detect/pretrain_generalist_v2/weights) by extension 'colcon_pkg'
[0.257s] Level 1:colcon.colcon_core.package_identification:_identify(scripts/yolo/runs/detect/pretrain_generalist_v2/weights) by extensions ['colcon_meta']
[0.257s] Level 1:colcon.colcon_core.package_identification:_identify(scripts/yolo/runs/detect/pretrain_generalist_v2/weights) by extension 'colcon_meta'
[0.257s] Level 1:colcon.colcon_core.package_identification:_identify(scripts/yolo/runs/detect/pretrain_generalist_v2/weights) by extensions ['ros']
[0.257s] Level 1:colcon.colcon_core.package_identification:_identify(scripts/yolo/runs/detect/pretrain_generalist_v2/weights) by extension 'ros'
[0.257s] Level 1:colcon.colcon_core.package_identification:_identify(scripts/yolo/runs/detect/pretrain_generalist_v2/weights) by extensions ['cmake', 'python']
[0.257s] Level 1:colcon.colcon_core.package_identification:_identify(scripts/yolo/runs/detect/pretrain_generalist_v2/weights) by extension 'cmake'
[0.257s] Level 1:colcon.colcon_core.package_identification:_identify(scripts/yolo/runs/detect/pretrain_generalist_v2/weights) by extension 'python'
[0.257s] Level 1:colcon.colcon_core.package_identification:_identify(scripts/yolo/runs/detect/pretrain_generalist_v2/weights) by extensions ['python_setup_py']
[0.257s] Level 1:colcon.colcon_core.package_identification:_identify(scripts/yolo/runs/detect/pretrain_generalist_v2/weights) by extension 'python_setup_py'
[0.257s] Level 1:colcon.colcon_core.package_identification:_identify(scripts/yolo/runs/detect/pretrain_generalist_v2/weights/best_saved_model) by extensions ['ignore', 'ignore_ament_install']
[0.257s] Level 1:colcon.colcon_core.package_identification:_identify(scripts/yolo/runs/detect/pretrain_generalist_v2/weights/best_saved_model) by extension 'ignore'
[0.257s] Level 1:colcon.colcon_core.package_identification:_identify(scripts/yolo/runs/detect/pretrain_generalist_v2/weights/best_saved_model) by extension 'ignore_ament_install'
[0.257s] Level 1:colcon.colcon_core.package_identification:_identify(scripts/yolo/runs/detect/pretrain_generalist_v2/weights/best_saved_model) by extensions ['colcon_pkg']
[0.257s] Level 1:colcon.colcon_core.package_identification:_identify(scripts/yolo/runs/detect/pretrain_generalist_v2/weights/best_saved_model) by extension 'colcon_pkg'
[0.258s] Level 1:colcon.colcon_core.package_identification:_identify(scripts/yolo/runs/detect/pretrain_generalist_v2/weights/best_saved_model) by extensions ['colcon_meta']
[0.258s] Level 1:colcon.colcon_core.package_identification:_identify(scripts/yolo/runs/detect/pretrain_generalist_v2/weights/best_saved_model) by extension 'colcon_meta'
[0.258s] Level 1:colcon.colcon_core.package_identification:_identify(scripts/yolo/runs/detect/pretrain_generalist_v2/weights/best_saved_model) by extensions ['ros']
[0.258s] Level 1:colcon.colcon_core.package_identification:_identify(scripts/yolo/runs/detect/pretrain_generalist_v2/weights/best_saved_model) by extension 'ros'
[0.258s] Level 1:colcon.colcon_core.package_identification:_identify(scripts/yolo/runs/detect/pretrain_generalist_v2/weights/best_saved_model) by extensions ['cmake', 'python']
[0.258s] Level 1:colcon.colcon_core.package_identification:_identify(scripts/yolo/runs/detect/pretrain_generalist_v2/weights/best_saved_model) by extension 'cmake'
[0.258s] Level 1:colcon.colcon_core.package_identification:_identify(scripts/yolo/runs/detect/pretrain_generalist_v2/weights/best_saved_model) by extension 'python'
[0.258s] Level 1:colcon.colcon_core.package_identification:_identify(scripts/yolo/runs/detect/pretrain_generalist_v2/weights/best_saved_model) by extensions ['python_setup_py']
[0.258s] Level 1:colcon.colcon_core.package_identification:_identify(scripts/yolo/runs/detect/pretrain_generalist_v2/weights/best_saved_model) by extension 'python_setup_py'
[0.258s] Level 1:colcon.colcon_core.package_identification:_identify(scripts/yolo/runs/detect/pretrain_generalist_v2/weights/best_saved_model/variables) by extensions ['ignore', 'ignore_ament_install']
[0.258s] Level 1:colcon.colcon_core.package_identification:_identify(scripts/yolo/runs/detect/pretrain_generalist_v2/weights/best_saved_model/variables) by extension 'ignore'
[0.258s] Level 1:colcon.colcon_core.package_identification:_identify(scripts/yolo/runs/detect/pretrain_generalist_v2/weights/best_saved_model/variables) by extension 'ignore_ament_install'
[0.258s] Level 1:colcon.colcon_core.package_identification:_identify(scripts/yolo/runs/detect/pretrain_generalist_v2/weights/best_saved_model/variables) by extensions ['colcon_pkg']
[0.258s] Level 1:colcon.colcon_core.package_identification:_identify(scripts/yolo/runs/detect/pretrain_generalist_v2/weights/best_saved_model/variables) by extension 'colcon_pkg'
[0.258s] Level 1:colcon.colcon_core.package_identification:_identify(scripts/yolo/runs/detect/pretrain_generalist_v2/weights/best_saved_model/variables) by extensions ['colcon_meta']
[0.258s] Level 1:colcon.colcon_core.package_identification:_identify(scripts/yolo/runs/detect/pretrain_generalist_v2/weights/best_saved_model/variables) by extension 'colcon_meta'
[0.258s] Level 1:colcon.colcon_core.package_identification:_identify(scripts/yolo/runs/detect/pretrain_generalist_v2/weights/best_saved_model/variables) by extensions ['ros']
[0.258s] Level 1:colcon.colcon_core.package_identification:_identify(scripts/yolo/runs/detect/pretrain_generalist_v2/weights/best_saved_model/variables) by extension 'ros'
[0.258s] Level 1:colcon.colcon_core.package_identification:_identify(scripts/yolo/runs/detect/pretrain_generalist_v2/weights/best_saved_model/variables) by extensions ['cmake', 'python']
[0.258s] Level 1:colcon.colcon_core.package_identification:_identify(scripts/yolo/runs/detect/pretrain_generalist_v2/weights/best_saved_model/variables) by extension 'cmake'
[0.258s] Level 1:colcon.colcon_core.package_identification:_identify(scripts/yolo/runs/detect/pretrain_generalist_v2/weights/best_saved_model/variables) by extension 'python'
[0.258s] Level 1:colcon.colcon_core.package_identification:_identify(scripts/yolo/runs/detect/pretrain_generalist_v2/weights/best_saved_model/variables) by extensions ['python_setup_py']
[0.258s] Level 1:colcon.colcon_core.package_identification:_identify(scripts/yolo/runs/detect/pretrain_generalist_v2/weights/best_saved_model/variables) by extension 'python_setup_py'
[0.259s] Level 1:colcon.colcon_core.package_identification:_identify(scripts/yolo/runs/detect/pretrain_og) by extensions ['ignore', 'ignore_ament_install']
[0.259s] Level 1:colcon.colcon_core.package_identification:_identify(scripts/yolo/runs/detect/pretrain_og) by extension 'ignore'
[0.259s] Level 1:colcon.colcon_core.package_identification:_identify(scripts/yolo/runs/detect/pretrain_og) by extension 'ignore_ament_install'
[0.259s] Level 1:colcon.colcon_core.package_identification:_identify(scripts/yolo/runs/detect/pretrain_og) by extensions ['colcon_pkg']
[0.259s] Level 1:colcon.colcon_core.package_identification:_identify(scripts/yolo/runs/detect/pretrain_og) by extension 'colcon_pkg'
[0.259s] Level 1:colcon.colcon_core.package_identification:_identify(scripts/yolo/runs/detect/pretrain_og) by extensions ['colcon_meta']
[0.259s] Level 1:colcon.colcon_core.package_identification:_identify(scripts/yolo/runs/detect/pretrain_og) by extension 'colcon_meta'
[0.259s] Level 1:colcon.colcon_core.package_identification:_identify(scripts/yolo/runs/detect/pretrain_og) by extensions ['ros']
[0.259s] Level 1:colcon.colcon_core.package_identification:_identify(scripts/yolo/runs/detect/pretrain_og) by extension 'ros'
[0.259s] Level 1:colcon.colcon_core.package_identification:_identify(scripts/yolo/runs/detect/pretrain_og) by extensions ['cmake', 'python']
[0.259s] Level 1:colcon.colcon_core.package_identification:_identify(scripts/yolo/runs/detect/pretrain_og) by extension 'cmake'
[0.259s] Level 1:colcon.colcon_core.package_identification:_identify(scripts/yolo/runs/detect/pretrain_og) by extension 'python'
[0.259s] Level 1:colcon.colcon_core.package_identification:_identify(scripts/yolo/runs/detect/pretrain_og) by extensions ['python_setup_py']
[0.259s] Level 1:colcon.colcon_core.package_identification:_identify(scripts/yolo/runs/detect/pretrain_og) by extension 'python_setup_py'
[0.259s] Level 1:colcon.colcon_core.package_identification:_identify(scripts/yolo/runs/detect/pretrain_og/weights) by extensions ['ignore', 'ignore_ament_install']
[0.259s] Level 1:colcon.colcon_core.package_identification:_identify(scripts/yolo/runs/detect/pretrain_og/weights) by extension 'ignore'
[0.259s] Level 1:colcon.colcon_core.package_identification:_identify(scripts/yolo/runs/detect/pretrain_og/weights) by extension 'ignore_ament_install'
[0.259s] Level 1:colcon.colcon_core.package_identification:_identify(scripts/yolo/runs/detect/pretrain_og/weights) by extensions ['colcon_pkg']
[0.259s] Level 1:colcon.colcon_core.package_identification:_identify(scripts/yolo/runs/detect/pretrain_og/weights) by extension 'colcon_pkg'
[0.259s] Level 1:colcon.colcon_core.package_identification:_identify(scripts/yolo/runs/detect/pretrain_og/weights) by extensions ['colcon_meta']
[0.259s] Level 1:colcon.colcon_core.package_identification:_identify(scripts/yolo/runs/detect/pretrain_og/weights) by extension 'colcon_meta'
[0.259s] Level 1:colcon.colcon_core.package_identification:_identify(scripts/yolo/runs/detect/pretrain_og/weights) by extensions ['ros']
[0.259s] Level 1:colcon.colcon_core.package_identification:_identify(scripts/yolo/runs/detect/pretrain_og/weights) by extension 'ros'
[0.260s] Level 1:colcon.colcon_core.package_identification:_identify(scripts/yolo/runs/detect/pretrain_og/weights) by extensions ['cmake', 'python']
[0.260s] Level 1:colcon.colcon_core.package_identification:_identify(scripts/yolo/runs/detect/pretrain_og/weights) by extension 'cmake'
[0.260s] Level 1:colcon.colcon_core.package_identification:_identify(scripts/yolo/runs/detect/pretrain_og/weights) by extension 'python'
[0.260s] Level 1:colcon.colcon_core.package_identification:_identify(scripts/yolo/runs/detect/pretrain_og/weights) by extensions ['python_setup_py']
[0.260s] Level 1:colcon.colcon_core.package_identification:_identify(scripts/yolo/runs/detect/pretrain_og/weights) by extension 'python_setup_py'
[0.260s] Level 1:colcon.colcon_core.package_identification:_identify(scripts/yolo/runs/detect/pretrain_og/weights/best_saved_model) by extensions ['ignore', 'ignore_ament_install']
[0.260s] Level 1:colcon.colcon_core.package_identification:_identify(scripts/yolo/runs/detect/pretrain_og/weights/best_saved_model) by extension 'ignore'
[0.260s] Level 1:colcon.colcon_core.package_identification:_identify(scripts/yolo/runs/detect/pretrain_og/weights/best_saved_model) by extension 'ignore_ament_install'
[0.260s] Level 1:colcon.colcon_core.package_identification:_identify(scripts/yolo/runs/detect/pretrain_og/weights/best_saved_model) by extensions ['colcon_pkg']
[0.260s] Level 1:colcon.colcon_core.package_identification:_identify(scripts/yolo/runs/detect/pretrain_og/weights/best_saved_model) by extension 'colcon_pkg'
[0.260s] Level 1:colcon.colcon_core.package_identification:_identify(scripts/yolo/runs/detect/pretrain_og/weights/best_saved_model) by extensions ['colcon_meta']
[0.260s] Level 1:colcon.colcon_core.package_identification:_identify(scripts/yolo/runs/detect/pretrain_og/weights/best_saved_model) by extension 'colcon_meta'
[0.260s] Level 1:colcon.colcon_core.package_identification:_identify(scripts/yolo/runs/detect/pretrain_og/weights/best_saved_model) by extensions ['ros']
[0.260s] Level 1:colcon.colcon_core.package_identification:_identify(scripts/yolo/runs/detect/pretrain_og/weights/best_saved_model) by extension 'ros'
[0.260s] Level 1:colcon.colcon_core.package_identification:_identify(scripts/yolo/runs/detect/pretrain_og/weights/best_saved_model) by extensions ['cmake', 'python']
[0.260s] Level 1:colcon.colcon_core.package_identification:_identify(scripts/yolo/runs/detect/pretrain_og/weights/best_saved_model) by extension 'cmake'
[0.260s] Level 1:colcon.colcon_core.package_identification:_identify(scripts/yolo/runs/detect/pretrain_og/weights/best_saved_model) by extension 'python'
[0.260s] Level 1:colcon.colcon_core.package_identification:_identify(scripts/yolo/runs/detect/pretrain_og/weights/best_saved_model) by extensions ['python_setup_py']
[0.260s] Level 1:colcon.colcon_core.package_identification:_identify(scripts/yolo/runs/detect/pretrain_og/weights/best_saved_model) by extension 'python_setup_py'
[0.260s] Level 1:colcon.colcon_core.package_identification:_identify(scripts/yolo/runs/detect/pretrain_og/weights/best_saved_model/variables) by extensions ['ignore', 'ignore_ament_install']
[0.260s] Level 1:colcon.colcon_core.package_identification:_identify(scripts/yolo/runs/detect/pretrain_og/weights/best_saved_model/variables) by extension 'ignore'
[0.260s] Level 1:colcon.colcon_core.package_identification:_identify(scripts/yolo/runs/detect/pretrain_og/weights/best_saved_model/variables) by extension 'ignore_ament_install'
[0.261s] Level 1:colcon.colcon_core.package_identification:_identify(scripts/yolo/runs/detect/pretrain_og/weights/best_saved_model/variables) by extensions ['colcon_pkg']
[0.261s] Level 1:colcon.colcon_core.package_identification:_identify(scripts/yolo/runs/detect/pretrain_og/weights/best_saved_model/variables) by extension 'colcon_pkg'
[0.261s] Level 1:colcon.colcon_core.package_identification:_identify(scripts/yolo/runs/detect/pretrain_og/weights/best_saved_model/variables) by extensions ['colcon_meta']
[0.261s] Level 1:colcon.colcon_core.package_identification:_identify(scripts/yolo/runs/detect/pretrain_og/weights/best_saved_model/variables) by extension 'colcon_meta'
[0.261s] Level 1:colcon.colcon_core.package_identification:_identify(scripts/yolo/runs/detect/pretrain_og/weights/best_saved_model/variables) by extensions ['ros']
[0.261s] Level 1:colcon.colcon_core.package_identification:_identify(scripts/yolo/runs/detect/pretrain_og/weights/best_saved_model/variables) by extension 'ros'
[0.261s] Level 1:colcon.colcon_core.package_identification:_identify(scripts/yolo/runs/detect/pretrain_og/weights/best_saved_model/variables) by extensions ['cmake', 'python']
[0.261s] Level 1:colcon.colcon_core.package_identification:_identify(scripts/yolo/runs/detect/pretrain_og/weights/best_saved_model/variables) by extension 'cmake'
[0.261s] Level 1:colcon.colcon_core.package_identification:_identify(scripts/yolo/runs/detect/pretrain_og/weights/best_saved_model/variables) by extension 'python'
[0.261s] Level 1:colcon.colcon_core.package_identification:_identify(scripts/yolo/runs/detect/pretrain_og/weights/best_saved_model/variables) by extensions ['python_setup_py']
[0.261s] Level 1:colcon.colcon_core.package_identification:_identify(scripts/yolo/runs/detect/pretrain_og/weights/best_saved_model/variables) by extension 'python_setup_py'
[0.261s] Level 1:colcon.colcon_core.package_identification:_identify(src) by extensions ['ignore', 'ignore_ament_install']
[0.261s] Level 1:colcon.colcon_core.package_identification:_identify(src) by extension 'ignore'
[0.261s] Level 1:colcon.colcon_core.package_identification:_identify(src) by extension 'ignore_ament_install'
[0.261s] Level 1:colcon.colcon_core.package_identification:_identify(src) by extensions ['colcon_pkg']
[0.261s] Level 1:colcon.colcon_core.package_identification:_identify(src) by extension 'colcon_pkg'
[0.261s] Level 1:colcon.colcon_core.package_identification:_identify(src) by extensions ['colcon_meta']
[0.261s] Level 1:colcon.colcon_core.package_identification:_identify(src) by extension 'colcon_meta'
[0.261s] Level 1:colcon.colcon_core.package_identification:_identify(src) by extensions ['ros']
[0.261s] Level 1:colcon.colcon_core.package_identification:_identify(src) by extension 'ros'
[0.261s] Level 1:colcon.colcon_core.package_identification:_identify(src) by extensions ['cmake', 'python']
[0.261s] Level 1:colcon.colcon_core.package_identification:_identify(src) by extension 'cmake'
[0.261s] Level 1:colcon.colcon_core.package_identification:_identify(src) by extension 'python'
[0.261s] Level 1:colcon.colcon_core.package_identification:_identify(src) by extensions ['python_setup_py']
[0.261s] Level 1:colcon.colcon_core.package_identification:_identify(src) by extension 'python_setup_py'
[0.262s] Level 1:colcon.colcon_core.package_identification:_identify(src/brain) by extensions ['ignore', 'ignore_ament_install']
[0.262s] Level 1:colcon.colcon_core.package_identification:_identify(src/brain) by extension 'ignore'
[0.262s] Level 1:colcon.colcon_core.package_identification:_identify(src/brain) by extension 'ignore_ament_install'
[0.262s] Level 1:colcon.colcon_core.package_identification:_identify(src/brain) by extensions ['colcon_pkg']
[0.262s] Level 1:colcon.colcon_core.package_identification:_identify(src/brain) by extension 'colcon_pkg'
[0.262s] Level 1:colcon.colcon_core.package_identification:_identify(src/brain) by extensions ['colcon_meta']
[0.262s] Level 1:colcon.colcon_core.package_identification:_identify(src/brain) by extension 'colcon_meta'
[0.262s] Level 1:colcon.colcon_core.package_identification:_identify(src/brain) by extensions ['ros']
[0.262s] Level 1:colcon.colcon_core.package_identification:_identify(src/brain) by extension 'ros'
[0.263s] DEBUG:colcon.colcon_core.package_identification:Package 'src/brain' with type 'ros.ament_cmake' and name 'brain'
[0.263s] Level 1:colcon.colcon_core.package_identification:_identify(src/cv) by extensions ['ignore', 'ignore_ament_install']
[0.263s] Level 1:colcon.colcon_core.package_identification:_identify(src/cv) by extension 'ignore'
[0.263s] Level 1:colcon.colcon_core.package_identification:_identify(src/cv) by extension 'ignore_ament_install'
[0.263s] Level 1:colcon.colcon_core.package_identification:_identify(src/cv) by extensions ['colcon_pkg']
[0.263s] Level 1:colcon.colcon_core.package_identification:_identify(src/cv) by extension 'colcon_pkg'
[0.263s] Level 1:colcon.colcon_core.package_identification:_identify(src/cv) by extensions ['colcon_meta']
[0.263s] Level 1:colcon.colcon_core.package_identification:_identify(src/cv) by extension 'colcon_meta'
[0.263s] Level 1:colcon.colcon_core.package_identification:_identify(src/cv) by extensions ['ros']
[0.263s] Level 1:colcon.colcon_core.package_identification:_identify(src/cv) by extension 'ros'
[0.264s] DEBUG:colcon.colcon_core.package_identification:Package 'src/cv' with type 'ros.ament_python' and name 'cv'
[0.264s] Level 1:colcon.colcon_core.package_identification:_identify(src/ekfslam) by extensions ['ignore', 'ignore_ament_install']
[0.264s] Level 1:colcon.colcon_core.package_identification:_identify(src/ekfslam) by extension 'ignore'
[0.264s] Level 1:colcon.colcon_core.package_identification:_identify(src/ekfslam) by extension 'ignore_ament_install'
[0.264s] Level 1:colcon.colcon_core.package_identification:_identify(src/ekfslam) by extensions ['colcon_pkg']
[0.264s] Level 1:colcon.colcon_core.package_identification:_identify(src/ekfslam) by extension 'colcon_pkg'
[0.264s] Level 1:colcon.colcon_core.package_identification:_identify(src/ekfslam) by extensions ['colcon_meta']
[0.264s] Level 1:colcon.colcon_core.package_identification:_identify(src/ekfslam) by extension 'colcon_meta'
[0.264s] Level 1:colcon.colcon_core.package_identification:_identify(src/ekfslam) by extensions ['ros']
[0.264s] Level 1:colcon.colcon_core.package_identification:_identify(src/ekfslam) by extension 'ros'
[0.265s] DEBUG:colcon.colcon_core.package_identification:Package 'src/ekfslam' with type 'ros.ament_cmake' and name 'ekfslam'
[0.265s] Level 1:colcon.colcon_core.package_identification:_identify(src/interfaces) by extensions ['ignore', 'ignore_ament_install']
[0.265s] Level 1:colcon.colcon_core.package_identification:_identify(src/interfaces) by extension 'ignore'
[0.265s] Level 1:colcon.colcon_core.package_identification:_identify(src/interfaces) by extension 'ignore_ament_install'
[0.266s] Level 1:colcon.colcon_core.package_identification:_identify(src/interfaces) by extensions ['colcon_pkg']
[0.266s] Level 1:colcon.colcon_core.package_identification:_identify(src/interfaces) by extension 'colcon_pkg'
[0.266s] Level 1:colcon.colcon_core.package_identification:_identify(src/interfaces) by extensions ['colcon_meta']
[0.266s] Level 1:colcon.colcon_core.package_identification:_identify(src/interfaces) by extension 'colcon_meta'
[0.266s] Level 1:colcon.colcon_core.package_identification:_identify(src/interfaces) by extensions ['ros']
[0.266s] Level 1:colcon.colcon_core.package_identification:_identify(src/interfaces) by extension 'ros'
[0.266s] DEBUG:colcon.colcon_core.package_identification:Package 'src/interfaces' with type 'ros.ament_cmake' and name 'interfaces'
[0.266s] Level 1:colcon.colcon_core.package_identification:_identify(src/mavros_control) by extensions ['ignore', 'ignore_ament_install']
[0.267s] Level 1:colcon.colcon_core.package_identification:_identify(src/mavros_control) by extension 'ignore'
[0.267s] Level 1:colcon.colcon_core.package_identification:_identify(src/mavros_control) by extension 'ignore_ament_install'
[0.267s] Level 1:colcon.colcon_core.package_identification:_identify(src/mavros_control) by extensions ['colcon_pkg']
[0.267s] Level 1:colcon.colcon_core.package_identification:_identify(src/mavros_control) by extension 'colcon_pkg'
[0.267s] Level 1:colcon.colcon_core.package_identification:_identify(src/mavros_control) by extensions ['colcon_meta']
[0.267s] Level 1:colcon.colcon_core.package_identification:_identify(src/mavros_control) by extension 'colcon_meta'
[0.267s] Level 1:colcon.colcon_core.package_identification:_identify(src/mavros_control) by extensions ['ros']
[0.267s] Level 1:colcon.colcon_core.package_identification:_identify(src/mavros_control) by extension 'ros'
[0.268s] DEBUG:colcon.colcon_core.package_identification:Package 'src/mavros_control' with type 'ros.ament_python' and name 'mavros_control'
[0.268s] Level 1:colcon.colcon_core.package_identification:_identify(src/tasks) by extensions ['ignore', 'ignore_ament_install']
[0.268s] Level 1:colcon.colcon_core.package_identification:_identify(src/tasks) by extension 'ignore'
[0.268s] Level 1:colcon.colcon_core.package_identification:_identify(src/tasks) by extension 'ignore_ament_install'
[0.268s] Level 1:colcon.colcon_core.package_identification:_identify(src/tasks) by extensions ['colcon_pkg']
[0.268s] Level 1:colcon.colcon_core.package_identification:_identify(src/tasks) by extension 'colcon_pkg'
[0.268s] Level 1:colcon.colcon_core.package_identification:_identify(src/tasks) by extensions ['colcon_meta']
[0.268s] Level 1:colcon.colcon_core.package_identification:_identify(src/tasks) by extension 'colcon_meta'
[0.268s] Level 1:colcon.colcon_core.package_identification:_identify(src/tasks) by extensions ['ros']
[0.268s] Level 1:colcon.colcon_core.package_identification:_identify(src/tasks) by extension 'ros'
[0.269s] DEBUG:colcon.colcon_core.package_identification:Package 'src/tasks' with type 'ros.ament_cmake' and name 'tasks'
[0.269s] Level 1:colcon.colcon_core.package_discovery:discover_packages(recursive) using defaults
[0.269s] Level 1:colcon.colcon_core.package_discovery:discover_packages(ignore) discover
[0.269s] Level 1:colcon.colcon_core.package_discovery:discover_packages(ignore) using defaults
[0.269s] Level 1:colcon.colcon_core.package_discovery:discover_packages(path) discover
[0.270s] Level 1:colcon.colcon_core.package_discovery:discover_packages(path) using defaults
[0.292s] INFO:colcon.colcon_core.package_selection:Skipping not selected package 'cv_testing' in 'scripts/cv_testing'
[0.293s] INFO:colcon.colcon_core.package_selection:Skipping not selected package 'mavros_control' in 'src/mavros_control'
[0.293s] INFO:colcon.colcon_core.package_selection:Skipping not selected package 'brain' in 'src/brain'
[0.293s] INFO:colcon.colcon_core.package_selection:Skipping not selected package 'cv' in 'src/cv'
[0.293s] INFO:colcon.colcon_core.package_selection:Skipping not selected package 'tasks' in 'src/tasks'
[0.293s] Level 1:colcon.colcon_core.package_discovery:discover_packages(prefix_path) check parameters
[0.293s] Level 1:colcon.colcon_core.package_discovery:discover_packages(prefix_path) discover
[0.295s] DEBUG:colcon.colcon_installed_package_information.package_discovery:Found 10 installed packages in /home/kushion/Desktop/piles/pile_detection/IsaacSim-ros_workspaces/humble_ws/install
[0.297s] DEBUG:colcon.colcon_installed_package_information.package_discovery:Found 453 installed packages in /opt/ros/humble
[0.299s] Level 1:colcon.colcon_core.package_discovery:discover_packages(prefix_path) using defaults
[0.373s] Level 5:colcon.colcon_core.verb:set package 'interfaces' build argument 'cmake_args' from command line to 'None'
[0.373s] Level 5:colcon.colcon_core.verb:set package 'interfaces' build argument 'cmake_target' from command line to 'None'
[0.373s] Level 5:colcon.colcon_core.verb:set package 'interfaces' build argument 'cmake_target_skip_unavailable' from command line to 'False'
[0.374s] Level 5:colcon.colcon_core.verb:set package 'interfaces' build argument 'cmake_clean_cache' from command line to 'False'
[0.374s] Level 5:colcon.colcon_core.verb:set package 'interfaces' build argument 'cmake_clean_first' from command line to 'False'
[0.374s] Level 5:colcon.colcon_core.verb:set package 'interfaces' build argument 'cmake_force_configure' from command line to 'False'
[0.374s] Level 5:colcon.colcon_core.verb:set package 'interfaces' build argument 'ament_cmake_args' from command line to 'None'
[0.374s] Level 5:colcon.colcon_core.verb:set package 'interfaces' build argument 'catkin_cmake_args' from command line to 'None'
[0.374s] Level 5:colcon.colcon_core.verb:set package 'interfaces' build argument 'catkin_skip_building_tests' from command line to 'False'
[0.374s] DEBUG:colcon.colcon_core.verb:Building package 'interfaces' with the following arguments: {'ament_cmake_args': None, 'build_base': '/home/kushion/Documents/OpenMantaClaus/build/interfaces', 'catkin_cmake_args': None, 'catkin_skip_building_tests': False, 'cmake_args': None, 'cmake_clean_cache': False, 'cmake_clean_first': False, 'cmake_force_configure': False, 'cmake_target': None, 'cmake_target_skip_unavailable': False, 'install_base': '/home/kushion/Documents/OpenMantaClaus/install/interfaces', 'merge_install': False, 'path': '/home/kushion/Documents/OpenMantaClaus/src/interfaces', 'symlink_install': False, 'test_result_base': None}
[0.374s] Level 5:colcon.colcon_core.verb:set package 'ekfslam' build argument 'cmake_args' from command line to 'None'
[0.374s] Level 5:colcon.colcon_core.verb:set package 'ekfslam' build argument 'cmake_target' from command line to 'None'
[0.374s] Level 5:colcon.colcon_core.verb:set package 'ekfslam' build argument 'cmake_target_skip_unavailable' from command line to 'False'
[0.374s] Level 5:colcon.colcon_core.verb:set package 'ekfslam' build argument 'cmake_clean_cache' from command line to 'False'
[0.374s] Level 5:colcon.colcon_core.verb:set package 'ekfslam' build argument 'cmake_clean_first' from command line to 'False'
[0.374s] Level 5:colcon.colcon_core.verb:set package 'ekfslam' build argument 'cmake_force_configure' from command line to 'False'
[0.374s] Level 5:colcon.colcon_core.verb:set package 'ekfslam' build argument 'ament_cmake_args' from command line to 'None'
[0.374s] Level 5:colcon.colcon_core.verb:set package 'ekfslam' build argument 'catkin_cmake_args' from command line to 'None'
[0.374s] Level 5:colcon.colcon_core.verb:set package 'ekfslam' build argument 'catkin_skip_building_tests' from command line to 'False'
[0.374s] DEBUG:colcon.colcon_core.verb:Building package 'ekfslam' with the following arguments: {'ament_cmake_args': None, 'build_base': '/home/kushion/Documents/OpenMantaClaus/build/ekfslam', 'catkin_cmake_args': None, 'catkin_skip_building_tests': False, 'cmake_args': None, 'cmake_clean_cache': False, 'cmake_clean_first': False, 'cmake_force_configure': False, 'cmake_target': None, 'cmake_target_skip_unavailable': False, 'install_base': '/home/kushion/Documents/OpenMantaClaus/install/ekfslam', 'merge_install': False, 'path': '/home/kushion/Documents/OpenMantaClaus/src/ekfslam', 'symlink_install': False, 'test_result_base': None}
[0.374s] INFO:colcon.colcon_core.executor:Executing jobs using 'parallel' executor
[0.376s] DEBUG:colcon.colcon_parallel_executor.executor.parallel:run_until_complete
[0.376s] INFO:colcon.colcon_ros.task.ament_cmake.build:Building ROS package in '/home/kushion/Documents/OpenMantaClaus/src/interfaces' with build type 'ament_cmake'
[0.377s] INFO:colcon.colcon_cmake.task.cmake.build:Building CMake package in '/home/kushion/Documents/OpenMantaClaus/src/interfaces'
[0.379s] INFO:colcon.colcon_core.plugin_system:Skipping extension 'colcon_core.shell.bat': Not used on non-Windows systems
[0.380s] INFO:colcon.colcon_core.shell:Skip shell extension 'powershell' for command environment: Not usable outside of PowerShell
[0.380s] DEBUG:colcon.colcon_core.shell:Skip shell extension 'dsv' for command environment
[0.403s] DEBUG:colcon.colcon_core.event_handler.log_command:Invoking command in '/home/kushion/Documents/OpenMantaClaus/build/interfaces': CMAKE_PREFIX_PATH=${CMAKE_PREFIX_PATH}:/home/kushion/Desktop/piles/pile_detection/IsaacSim-ros_workspaces/humble_ws/install/isaac_ros_navigation_goal:/opt/ros/humble /usr/bin/cmake /home/kushion/Documents/OpenMantaClaus/src/interfaces -DCMAKE_INSTALL_PREFIX=/home/kushion/Documents/OpenMantaClaus/install/interfaces
[3.403s] DEBUG:colcon.colcon_core.event_handler.log_command:Invoked command in '/home/kushion/Documents/OpenMantaClaus/build/interfaces' returned '0': CMAKE_PREFIX_PATH=${CMAKE_PREFIX_PATH}:/home/kushion/Desktop/piles/pile_detection/IsaacSim-ros_workspaces/humble_ws/install/isaac_ros_navigation_goal:/opt/ros/humble /usr/bin/cmake /home/kushion/Documents/OpenMantaClaus/src/interfaces -DCMAKE_INSTALL_PREFIX=/home/kushion/Documents/OpenMantaClaus/install/interfaces
[3.405s] DEBUG:colcon.colcon_core.event_handler.log_command:Invoking command in '/home/kushion/Documents/OpenMantaClaus/build/interfaces': CMAKE_PREFIX_PATH=${CMAKE_PREFIX_PATH}:/home/kushion/Desktop/piles/pile_detection/IsaacSim-ros_workspaces/humble_ws/install/isaac_ros_navigation_goal:/opt/ros/humble /usr/bin/cmake --build /home/kushion/Documents/OpenMantaClaus/build/interfaces -- -j22 -l22
[8.079s] DEBUG:colcon.colcon_core.event_handler.log_command:Invoked command in '/home/kushion/Documents/OpenMantaClaus/build/interfaces' returned '0': CMAKE_PREFIX_PATH=${CMAKE_PREFIX_PATH}:/home/kushion/Desktop/piles/pile_detection/IsaacSim-ros_workspaces/humble_ws/install/isaac_ros_navigation_goal:/opt/ros/humble /usr/bin/cmake --build /home/kushion/Documents/OpenMantaClaus/build/interfaces -- -j22 -l22
[8.095s] DEBUG:colcon.colcon_core.event_handler.log_command:Invoking command in '/home/kushion/Documents/OpenMantaClaus/build/interfaces': CMAKE_PREFIX_PATH=${CMAKE_PREFIX_PATH}:/home/kushion/Desktop/piles/pile_detection/IsaacSim-ros_workspaces/humble_ws/install/isaac_ros_navigation_goal:/opt/ros/humble /usr/bin/cmake --install /home/kushion/Documents/OpenMantaClaus/build/interfaces
[8.224s] Level 1:colcon.colcon_core.environment:create_environment_scripts_only(interfaces)
[8.225s] DEBUG:colcon.colcon_core.event_handler.log_command:Invoked command in '/home/kushion/Documents/OpenMantaClaus/build/interfaces' returned '0': CMAKE_PREFIX_PATH=${CMAKE_PREFIX_PATH}:/home/kushion/Desktop/piles/pile_detection/IsaacSim-ros_workspaces/humble_ws/install/isaac_ros_navigation_goal:/opt/ros/humble /usr/bin/cmake --install /home/kushion/Documents/OpenMantaClaus/build/interfaces
[8.229s] Level 1:colcon.colcon_core.environment:checking '/home/kushion/Documents/OpenMantaClaus/install/interfaces' for CMake module files
[8.230s] Level 1:colcon.colcon_core.environment:checking '/home/kushion/Documents/OpenMantaClaus/install/interfaces' for CMake config files
[8.231s] Level 1:colcon.colcon_core.shell:create_environment_hook('interfaces', 'cmake_prefix_path')
[8.232s] INFO:colcon.colcon_core.shell:Creating environment hook '/home/kushion/Documents/OpenMantaClaus/install/interfaces/share/interfaces/hook/cmake_prefix_path.ps1'
[8.242s] INFO:colcon.colcon_core.shell:Creating environment descriptor '/home/kushion/Documents/OpenMantaClaus/install/interfaces/share/interfaces/hook/cmake_prefix_path.dsv'
[8.243s] INFO:colcon.colcon_core.shell:Creating environment hook '/home/kushion/Documents/OpenMantaClaus/install/interfaces/share/interfaces/hook/cmake_prefix_path.sh'
[8.245s] Level 1:colcon.colcon_core.environment:checking '/home/kushion/Documents/OpenMantaClaus/install/interfaces/lib'
[8.245s] Level 1:colcon.colcon_core.shell:create_environment_hook('interfaces', 'ld_library_path_lib')
[8.246s] INFO:colcon.colcon_core.shell:Creating environment hook '/home/kushion/Documents/OpenMantaClaus/install/interfaces/share/interfaces/hook/ld_library_path_lib.ps1'
[8.246s] INFO:colcon.colcon_core.shell:Creating environment descriptor '/home/kushion/Documents/OpenMantaClaus/install/interfaces/share/interfaces/hook/ld_library_path_lib.dsv'
[8.247s] INFO:colcon.colcon_core.shell:Creating environment hook '/home/kushion/Documents/OpenMantaClaus/install/interfaces/share/interfaces/hook/ld_library_path_lib.sh'
[8.247s] Level 1:colcon.colcon_core.environment:checking '/home/kushion/Documents/OpenMantaClaus/install/interfaces/bin'
[8.247s] Level 1:colcon.colcon_core.environment:checking '/home/kushion/Documents/OpenMantaClaus/install/interfaces/lib/pkgconfig/interfaces.pc'
[8.248s] Level 1:colcon.colcon_core.environment:checking '/home/kushion/Documents/OpenMantaClaus/install/interfaces/lib/python3.10/site-packages'
[8.248s] Level 1:colcon.colcon_core.environment:checking '/home/kushion/Documents/OpenMantaClaus/install/interfaces/bin'
[8.249s] INFO:colcon.colcon_core.shell:Creating package script '/home/kushion/Documents/OpenMantaClaus/install/interfaces/share/interfaces/package.ps1'
[8.250s] INFO:colcon.colcon_core.shell:Creating package descriptor '/home/kushion/Documents/OpenMantaClaus/install/interfaces/share/interfaces/package.dsv'
[8.250s] INFO:colcon.colcon_core.shell:Creating package script '/home/kushion/Documents/OpenMantaClaus/install/interfaces/share/interfaces/package.sh'
[8.251s] INFO:colcon.colcon_core.shell:Creating package script '/home/kushion/Documents/OpenMantaClaus/install/interfaces/share/interfaces/package.bash'
[8.252s] INFO:colcon.colcon_core.shell:Creating package script '/home/kushion/Documents/OpenMantaClaus/install/interfaces/share/interfaces/package.zsh'
[8.253s] Level 1:colcon.colcon_core.environment:create_file_with_runtime_dependencies(/home/kushion/Documents/OpenMantaClaus/install/interfaces/share/colcon-core/packages/interfaces)
[8.254s] Level 1:colcon.colcon_core.environment:create_environment_scripts_only(interfaces)
[8.254s] Level 1:colcon.colcon_core.environment:checking '/home/kushion/Documents/OpenMantaClaus/install/interfaces' for CMake module files
[8.255s] Level 1:colcon.colcon_core.environment:checking '/home/kushion/Documents/OpenMantaClaus/install/interfaces' for CMake config files
[8.255s] Level 1:colcon.colcon_core.shell:create_environment_hook('interfaces', 'cmake_prefix_path')
[8.256s] INFO:colcon.colcon_core.shell:Creating environment hook '/home/kushion/Documents/OpenMantaClaus/install/interfaces/share/interfaces/hook/cmake_prefix_path.ps1'
[8.256s] INFO:colcon.colcon_core.shell:Creating environment descriptor '/home/kushion/Documents/OpenMantaClaus/install/interfaces/share/interfaces/hook/cmake_prefix_path.dsv'
[8.256s] INFO:colcon.colcon_core.shell:Creating environment hook '/home/kushion/Documents/OpenMantaClaus/install/interfaces/share/interfaces/hook/cmake_prefix_path.sh'
[8.257s] Level 1:colcon.colcon_core.environment:checking '/home/kushion/Documents/OpenMantaClaus/install/interfaces/lib'
[8.257s] Level 1:colcon.colcon_core.shell:create_environment_hook('interfaces', 'ld_library_path_lib')
[8.257s] INFO:colcon.colcon_core.shell:Creating environment hook '/home/kushion/Documents/OpenMantaClaus/install/interfaces/share/interfaces/hook/ld_library_path_lib.ps1'
[8.258s] INFO:colcon.colcon_core.shell:Creating environment descriptor '/home/kushion/Documents/OpenMantaClaus/install/interfaces/share/interfaces/hook/ld_library_path_lib.dsv'
[8.258s] INFO:colcon.colcon_core.shell:Creating environment hook '/home/kushion/Documents/OpenMantaClaus/install/interfaces/share/interfaces/hook/ld_library_path_lib.sh'
[8.259s] Level 1:colcon.colcon_core.environment:checking '/home/kushion/Documents/OpenMantaClaus/install/interfaces/bin'
[8.259s] Level 1:colcon.colcon_core.environment:checking '/home/kushion/Documents/OpenMantaClaus/install/interfaces/lib/pkgconfig/interfaces.pc'
[8.259s] Level 1:colcon.colcon_core.environment:checking '/home/kushion/Documents/OpenMantaClaus/install/interfaces/lib/python3.10/site-packages'
[8.259s] Level 1:colcon.colcon_core.environment:checking '/home/kushion/Documents/OpenMantaClaus/install/interfaces/bin'
[8.260s] INFO:colcon.colcon_core.shell:Creating package script '/home/kushion/Documents/OpenMantaClaus/install/interfaces/share/interfaces/package.ps1'
[8.260s] INFO:colcon.colcon_core.shell:Creating package descriptor '/home/kushion/Documents/OpenMantaClaus/install/interfaces/share/interfaces/package.dsv'
[8.261s] INFO:colcon.colcon_core.shell:Creating package script '/home/kushion/Documents/OpenMantaClaus/install/interfaces/share/interfaces/package.sh'
[8.261s] INFO:colcon.colcon_core.shell:Creating package script '/home/kushion/Documents/OpenMantaClaus/install/interfaces/share/interfaces/package.bash'
[8.262s] INFO:colcon.colcon_core.shell:Creating package script '/home/kushion/Documents/OpenMantaClaus/install/interfaces/share/interfaces/package.zsh'
[8.262s] Level 1:colcon.colcon_core.environment:create_file_with_runtime_dependencies(/home/kushion/Documents/OpenMantaClaus/install/interfaces/share/colcon-core/packages/interfaces)
[8.263s] INFO:colcon.colcon_ros.task.ament_cmake.build:Building ROS package in '/home/kushion/Documents/OpenMantaClaus/src/ekfslam' with build type 'ament_cmake'
[8.263s] INFO:colcon.colcon_cmake.task.cmake.build:Building CMake package in '/home/kushion/Documents/OpenMantaClaus/src/ekfslam'
[8.263s] INFO:colcon.colcon_core.shell:Skip shell extension 'powershell' for command environment: Not usable outside of PowerShell
[8.263s] DEBUG:colcon.colcon_core.shell:Skip shell extension 'dsv' for command environment
[8.281s] DEBUG:colcon.colcon_core.event_handler.log_command:Invoking command in '/home/kushion/Documents/OpenMantaClaus/build/ekfslam': AMENT_PREFIX_PATH=/home/kushion/Documents/OpenMantaClaus/install/interfaces:${AMENT_PREFIX_PATH} CMAKE_PREFIX_PATH=/home/kushion/Documents/OpenMantaClaus/install/interfaces:/home/kushion/Desktop/piles/pile_detection/IsaacSim-ros_workspaces/humble_ws/install/iw_hub_navigation:/home/kushion/Desktop/piles/pile_detection/IsaacSim-ros_workspaces/humble_ws/install/isaacsim:/home/kushion/Desktop/piles/pile_detection/IsaacSim-ros_workspaces/humble_ws/install/isaac_tutorials:/home/kushion/Desktop/piles/pile_detection/IsaacSim-ros_workspaces/humble_ws/install/isaac_ros2_messages:/home/kushion/Desktop/piles/pile_detection/IsaacSim-ros_workspaces/humble_ws/install/isaac_moveit:/home/kushion/Desktop/piles/pile_detection/IsaacSim-ros_workspaces/humble_ws/install/h1_fullbody_controller:/home/kushion/Desktop/piles/pile_detection/IsaacSim-ros_workspaces/humble_ws/install/custom_message:/home/kushion/Desktop/piles/pile_detection/IsaacSim-ros_workspaces/humble_ws/install/cmdvel_to_ackermann:/home/kushion/Desktop/piles/pile_detection/IsaacSim-ros_workspaces/humble_ws/install/carter_navigation:/home/kushion/Desktop/piles/pile_detection/IsaacSim-ros_workspaces/humble_ws/install/isaac_ros_navigation_goal:/opt/ros/humble LD_LIBRARY_PATH=/home/kushion/Documents/OpenMantaClaus/install/interfaces/lib:/home/kushion/Desktop/piles/pile_detection/IsaacSim-ros_workspaces/humble_ws/install/isaac_ros2_messages/lib:/home/kushion/Desktop/piles/pile_detection/IsaacSim-ros_workspaces/humble_ws/install/custom_message/lib:/opt/ros/humble/opt/rviz_ogre_vendor/lib:/opt/ros/humble/lib/x86_64-linux-gnu:/opt/ros/humble/lib:/home/kushion/Documents/acados/lib:/home/kushion/Documents/robocup_work/c_generated_code:/home/kushion/Documents/acados/lib:/home/kushion/Documents/robocup_work/c_generated_code PYTHONPATH=/home/kushion/Documents/OpenMantaClaus/install/interfaces/local/lib/python3.10/dist-packages:${PYTHONPATH} /usr/bin/cmake /home/kushion/Documents/OpenMantaClaus/src/ekfslam -DCMAKE_INSTALL_PREFIX=/home/kushion/Documents/OpenMantaClaus/install/ekfslam
[10.823s] DEBUG:colcon.colcon_core.event_handler.log_command:Invoked command in '/home/kushion/Documents/OpenMantaClaus/build/ekfslam' returned '0': AMENT_PREFIX_PATH=/home/kushion/Documents/OpenMantaClaus/install/interfaces:${AMENT_PREFIX_PATH} CMAKE_PREFIX_PATH=/home/kushion/Documents/OpenMantaClaus/install/interfaces:/home/kushion/Desktop/piles/pile_detection/IsaacSim-ros_workspaces/humble_ws/install/iw_hub_navigation:/home/kushion/Desktop/piles/pile_detection/IsaacSim-ros_workspaces/humble_ws/install/isaacsim:/home/kushion/Desktop/piles/pile_detection/IsaacSim-ros_workspaces/humble_ws/install/isaac_tutorials:/home/kushion/Desktop/piles/pile_detection/IsaacSim-ros_workspaces/humble_ws/install/isaac_ros2_messages:/home/kushion/Desktop/piles/pile_detection/IsaacSim-ros_workspaces/humble_ws/install/isaac_moveit:/home/kushion/Desktop/piles/pile_detection/IsaacSim-ros_workspaces/humble_ws/install/h1_fullbody_controller:/home/kushion/Desktop/piles/pile_detection/IsaacSim-ros_workspaces/humble_ws/install/custom_message:/home/kushion/Desktop/piles/pile_detection/IsaacSim-ros_workspaces/humble_ws/install/cmdvel_to_ackermann:/home/kushion/Desktop/piles/pile_detection/IsaacSim-ros_workspaces/humble_ws/install/carter_navigation:/home/kushion/Desktop/piles/pile_detection/IsaacSim-ros_workspaces/humble_ws/install/isaac_ros_navigation_goal:/opt/ros/humble LD_LIBRARY_PATH=/home/kushion/Documents/OpenMantaClaus/install/interfaces/lib:/home/kushion/Desktop/piles/pile_detection/IsaacSim-ros_workspaces/humble_ws/install/isaac_ros2_messages/lib:/home/kushion/Desktop/piles/pile_detection/IsaacSim-ros_workspaces/humble_ws/install/custom_message/lib:/opt/ros/humble/opt/rviz_ogre_vendor/lib:/opt/ros/humble/lib/x86_64-linux-gnu:/opt/ros/humble/lib:/home/kushion/Documents/acados/lib:/home/kushion/Documents/robocup_work/c_generated_code:/home/kushion/Documents/acados/lib:/home/kushion/Documents/robocup_work/c_generated_code PYTHONPATH=/home/kushion/Documents/OpenMantaClaus/install/interfaces/local/lib/python3.10/dist-packages:${PYTHONPATH} /usr/bin/cmake /home/kushion/Documents/OpenMantaClaus/src/ekfslam -DCMAKE_INSTALL_PREFIX=/home/kushion/Documents/OpenMantaClaus/install/ekfslam
[10.826s] DEBUG:colcon.colcon_core.event_handler.log_command:Invoking command in '/home/kushion/Documents/OpenMantaClaus/build/ekfslam': AMENT_PREFIX_PATH=/home/kushion/Documents/OpenMantaClaus/install/interfaces:${AMENT_PREFIX_PATH} CMAKE_PREFIX_PATH=/home/kushion/Documents/OpenMantaClaus/install/interfaces:/home/kushion/Desktop/piles/pile_detection/IsaacSim-ros_workspaces/humble_ws/install/iw_hub_navigation:/home/kushion/Desktop/piles/pile_detection/IsaacSim-ros_workspaces/humble_ws/install/isaacsim:/home/kushion/Desktop/piles/pile_detection/IsaacSim-ros_workspaces/humble_ws/install/isaac_tutorials:/home/kushion/Desktop/piles/pile_detection/IsaacSim-ros_workspaces/humble_ws/install/isaac_ros2_messages:/home/kushion/Desktop/piles/pile_detection/IsaacSim-ros_workspaces/humble_ws/install/isaac_moveit:/home/kushion/Desktop/piles/pile_detection/IsaacSim-ros_workspaces/humble_ws/install/h1_fullbody_controller:/home/kushion/Desktop/piles/pile_detection/IsaacSim-ros_workspaces/humble_ws/install/custom_message:/home/kushion/Desktop/piles/pile_detection/IsaacSim-ros_workspaces/humble_ws/install/cmdvel_to_ackermann:/home/kushion/Desktop/piles/pile_detection/IsaacSim-ros_workspaces/humble_ws/install/carter_navigation:/home/kushion/Desktop/piles/pile_detection/IsaacSim-ros_workspaces/humble_ws/install/isaac_ros_navigation_goal:/opt/ros/humble LD_LIBRARY_PATH=/home/kushion/Documents/OpenMantaClaus/install/interfaces/lib:/home/kushion/Desktop/piles/pile_detection/IsaacSim-ros_workspaces/humble_ws/install/isaac_ros2_messages/lib:/home/kushion/Desktop/piles/pile_detection/IsaacSim-ros_workspaces/humble_ws/install/custom_message/lib:/opt/ros/humble/opt/rviz_ogre_vendor/lib:/opt/ros/humble/lib/x86_64-linux-gnu:/opt/ros/humble/lib:/home/kushion/Documents/acados/lib:/home/kushion/Documents/robocup_work/c_generated_code:/home/kushion/Documents/acados/lib:/home/kushion/Documents/robocup_work/c_generated_code PYTHONPATH=/home/kushion/Documents/OpenMantaClaus/install/interfaces/local/lib/python3.10/dist-packages:${PYTHONPATH} /usr/bin/cmake --build /home/kushion/Documents/OpenMantaClaus/build/ekfslam -- -j22 -l22
[54.732s] DEBUG:colcon.colcon_core.event_handler.log_command:Invoked command in '/home/kushion/Documents/OpenMantaClaus/build/ekfslam' returned '0': AMENT_PREFIX_PATH=/home/kushion/Documents/OpenMantaClaus/install/interfaces:${AMENT_PREFIX_PATH} CMAKE_PREFIX_PATH=/home/kushion/Documents/OpenMantaClaus/install/interfaces:/home/kushion/Desktop/piles/pile_detection/IsaacSim-ros_workspaces/humble_ws/install/iw_hub_navigation:/home/kushion/Desktop/piles/pile_detection/IsaacSim-ros_workspaces/humble_ws/install/isaacsim:/home/kushion/Desktop/piles/pile_detection/IsaacSim-ros_workspaces/humble_ws/install/isaac_tutorials:/home/kushion/Desktop/piles/pile_detection/IsaacSim-ros_workspaces/humble_ws/install/isaac_ros2_messages:/home/kushion/Desktop/piles/pile_detection/IsaacSim-ros_workspaces/humble_ws/install/isaac_moveit:/home/kushion/Desktop/piles/pile_detection/IsaacSim-ros_workspaces/humble_ws/install/h1_fullbody_controller:/home/kushion/Desktop/piles/pile_detection/IsaacSim-ros_workspaces/humble_ws/install/custom_message:/home/kushion/Desktop/piles/pile_detection/IsaacSim-ros_workspaces/humble_ws/install/cmdvel_to_ackermann:/home/kushion/Desktop/piles/pile_detection/IsaacSim-ros_workspaces/humble_ws/install/carter_navigation:/home/kushion/Desktop/piles/pile_detection/IsaacSim-ros_workspaces/humble_ws/install/isaac_ros_navigation_goal:/opt/ros/humble LD_LIBRARY_PATH=/home/kushion/Documents/OpenMantaClaus/install/interfaces/lib:/home/kushion/Desktop/piles/pile_detection/IsaacSim-ros_workspaces/humble_ws/install/isaac_ros2_messages/lib:/home/kushion/Desktop/piles/pile_detection/IsaacSim-ros_workspaces/humble_ws/install/custom_message/lib:/opt/ros/humble/opt/rviz_ogre_vendor/lib:/opt/ros/humble/lib/x86_64-linux-gnu:/opt/ros/humble/lib:/home/kushion/Documents/acados/lib:/home/kushion/Documents/robocup_work/c_generated_code:/home/kushion/Documents/acados/lib:/home/kushion/Documents/robocup_work/c_generated_code PYTHONPATH=/home/kushion/Documents/OpenMantaClaus/install/interfaces/local/lib/python3.10/dist-packages:${PYTHONPATH} /usr/bin/cmake --build /home/kushion/Documents/OpenMantaClaus/build/ekfslam -- -j22 -l22
[54.735s] DEBUG:colcon.colcon_core.event_handler.log_command:Invoking command in '/home/kushion/Documents/OpenMantaClaus/build/ekfslam': AMENT_PREFIX_PATH=/home/kushion/Documents/OpenMantaClaus/install/interfaces:${AMENT_PREFIX_PATH} CMAKE_PREFIX_PATH=/home/kushion/Documents/OpenMantaClaus/install/interfaces:/home/kushion/Desktop/piles/pile_detection/IsaacSim-ros_workspaces/humble_ws/install/iw_hub_navigation:/home/kushion/Desktop/piles/pile_detection/IsaacSim-ros_workspaces/humble_ws/install/isaacsim:/home/kushion/Desktop/piles/pile_detection/IsaacSim-ros_workspaces/humble_ws/install/isaac_tutorials:/home/kushion/Desktop/piles/pile_detection/IsaacSim-ros_workspaces/humble_ws/install/isaac_ros2_messages:/home/kushion/Desktop/piles/pile_detection/IsaacSim-ros_workspaces/humble_ws/install/isaac_moveit:/home/kushion/Desktop/piles/pile_detection/IsaacSim-ros_workspaces/humble_ws/install/h1_fullbody_controller:/home/kushion/Desktop/piles/pile_detection/IsaacSim-ros_workspaces/humble_ws/install/custom_message:/home/kushion/Desktop/piles/pile_detection/IsaacSim-ros_workspaces/humble_ws/install/cmdvel_to_ackermann:/home/kushion/Desktop/piles/pile_detection/IsaacSim-ros_workspaces/humble_ws/install/carter_navigation:/home/kushion/Desktop/piles/pile_detection/IsaacSim-ros_workspaces/humble_ws/install/isaac_ros_navigation_goal:/opt/ros/humble LD_LIBRARY_PATH=/home/kushion/Documents/OpenMantaClaus/install/interfaces/lib:/home/kushion/Desktop/piles/pile_detection/IsaacSim-ros_workspaces/humble_ws/install/isaac_ros2_messages/lib:/home/kushion/Desktop/piles/pile_detection/IsaacSim-ros_workspaces/humble_ws/install/custom_message/lib:/opt/ros/humble/opt/rviz_ogre_vendor/lib:/opt/ros/humble/lib/x86_64-linux-gnu:/opt/ros/humble/lib:/home/kushion/Documents/acados/lib:/home/kushion/Documents/robocup_work/c_generated_code:/home/kushion/Documents/acados/lib:/home/kushion/Documents/robocup_work/c_generated_code PYTHONPATH=/home/kushion/Documents/OpenMantaClaus/install/interfaces/local/lib/python3.10/dist-packages:${PYTHONPATH} /usr/bin/cmake --install /home/kushion/Documents/OpenMantaClaus/build/ekfslam
[54.764s] Level 1:colcon.colcon_core.environment:create_environment_scripts_only(ekfslam)
[54.765s] DEBUG:colcon.colcon_core.event_handler.log_command:Invoked command in '/home/kushion/Documents/OpenMantaClaus/build/ekfslam' returned '0': AMENT_PREFIX_PATH=/home/kushion/Documents/OpenMantaClaus/install/interfaces:${AMENT_PREFIX_PATH} CMAKE_PREFIX_PATH=/home/kushion/Documents/OpenMantaClaus/install/interfaces:/home/kushion/Desktop/piles/pile_detection/IsaacSim-ros_workspaces/humble_ws/install/iw_hub_navigation:/home/kushion/Desktop/piles/pile_detection/IsaacSim-ros_workspaces/humble_ws/install/isaacsim:/home/kushion/Desktop/piles/pile_detection/IsaacSim-ros_workspaces/humble_ws/install/isaac_tutorials:/home/kushion/Desktop/piles/pile_detection/IsaacSim-ros_workspaces/humble_ws/install/isaac_ros2_messages:/home/kushion/Desktop/piles/pile_detection/IsaacSim-ros_workspaces/humble_ws/install/isaac_moveit:/home/kushion/Desktop/piles/pile_detection/IsaacSim-ros_workspaces/humble_ws/install/h1_fullbody_controller:/home/kushion/Desktop/piles/pile_detection/IsaacSim-ros_workspaces/humble_ws/install/custom_message:/home/kushion/Desktop/piles/pile_detection/IsaacSim-ros_workspaces/humble_ws/install/cmdvel_to_ackermann:/home/kushion/Desktop/piles/pile_detection/IsaacSim-ros_workspaces/humble_ws/install/carter_navigation:/home/kushion/Desktop/piles/pile_detection/IsaacSim-ros_workspaces/humble_ws/install/isaac_ros_navigation_goal:/opt/ros/humble LD_LIBRARY_PATH=/home/kushion/Documents/OpenMantaClaus/install/interfaces/lib:/home/kushion/Desktop/piles/pile_detection/IsaacSim-ros_workspaces/humble_ws/install/isaac_ros2_messages/lib:/home/kushion/Desktop/piles/pile_detection/IsaacSim-ros_workspaces/humble_ws/install/custom_message/lib:/opt/ros/humble/opt/rviz_ogre_vendor/lib:/opt/ros/humble/lib/x86_64-linux-gnu:/opt/ros/humble/lib:/home/kushion/Documents/acados/lib:/home/kushion/Documents/robocup_work/c_generated_code:/home/kushion/Documents/acados/lib:/home/kushion/Documents/robocup_work/c_generated_code PYTHONPATH=/home/kushion/Documents/OpenMantaClaus/install/interfaces/local/lib/python3.10/dist-packages:${PYTHONPATH} /usr/bin/cmake --install /home/kushion/Documents/OpenMantaClaus/build/ekfslam
[54.765s] Level 1:colcon.colcon_core.environment:checking '/home/kushion/Documents/OpenMantaClaus/install/ekfslam' for CMake module files
[54.766s] Level 1:colcon.colcon_core.environment:checking '/home/kushion/Documents/OpenMantaClaus/install/ekfslam' for CMake config files
[54.766s] Level 1:colcon.colcon_core.shell:create_environment_hook('ekfslam', 'cmake_prefix_path')
[54.767s] INFO:colcon.colcon_core.shell:Creating environment hook '/home/kushion/Documents/OpenMantaClaus/install/ekfslam/share/ekfslam/hook/cmake_prefix_path.ps1'
[54.767s] INFO:colcon.colcon_core.shell:Creating environment descriptor '/home/kushion/Documents/OpenMantaClaus/install/ekfslam/share/ekfslam/hook/cmake_prefix_path.dsv'
[54.768s] INFO:colcon.colcon_core.shell:Creating environment hook '/home/kushion/Documents/OpenMantaClaus/install/ekfslam/share/ekfslam/hook/cmake_prefix_path.sh'
[54.769s] Level 1:colcon.colcon_core.environment:checking '/home/kushion/Documents/OpenMantaClaus/install/ekfslam/lib'
[54.769s] Level 1:colcon.colcon_core.environment:checking '/home/kushion/Documents/OpenMantaClaus/install/ekfslam/bin'
[54.769s] Level 1:colcon.colcon_core.environment:checking '/home/kushion/Documents/OpenMantaClaus/install/ekfslam/lib/pkgconfig/ekfslam.pc'
[54.769s] Level 1:colcon.colcon_core.environment:checking '/home/kushion/Documents/OpenMantaClaus/install/ekfslam/lib/python3.10/site-packages'
[54.770s] Level 1:colcon.colcon_core.environment:checking '/home/kushion/Documents/OpenMantaClaus/install/ekfslam/bin'
[54.770s] INFO:colcon.colcon_core.shell:Creating package script '/home/kushion/Documents/OpenMantaClaus/install/ekfslam/share/ekfslam/package.ps1'
[54.771s] INFO:colcon.colcon_core.shell:Creating package descriptor '/home/kushion/Documents/OpenMantaClaus/install/ekfslam/share/ekfslam/package.dsv'
[54.771s] INFO:colcon.colcon_core.shell:Creating package script '/home/kushion/Documents/OpenMantaClaus/install/ekfslam/share/ekfslam/package.sh'
[54.772s] INFO:colcon.colcon_core.shell:Creating package script '/home/kushion/Documents/OpenMantaClaus/install/ekfslam/share/ekfslam/package.bash'
[54.772s] INFO:colcon.colcon_core.shell:Creating package script '/home/kushion/Documents/OpenMantaClaus/install/ekfslam/share/ekfslam/package.zsh'
[54.772s] Level 1:colcon.colcon_core.environment:create_file_with_runtime_dependencies(/home/kushion/Documents/OpenMantaClaus/install/ekfslam/share/colcon-core/packages/ekfslam)
[54.773s] Level 1:colcon.colcon_core.environment:create_environment_scripts_only(ekfslam)
[54.773s] Level 1:colcon.colcon_core.environment:checking '/home/kushion/Documents/OpenMantaClaus/install/ekfslam' for CMake module files
[54.774s] Level 1:colcon.colcon_core.environment:checking '/home/kushion/Documents/OpenMantaClaus/install/ekfslam' for CMake config files
[54.774s] Level 1:colcon.colcon_core.shell:create_environment_hook('ekfslam', 'cmake_prefix_path')
[54.775s] INFO:colcon.colcon_core.shell:Creating environment hook '/home/kushion/Documents/OpenMantaClaus/install/ekfslam/share/ekfslam/hook/cmake_prefix_path.ps1'
[54.775s] INFO:colcon.colcon_core.shell:Creating environment descriptor '/home/kushion/Documents/OpenMantaClaus/install/ekfslam/share/ekfslam/hook/cmake_prefix_path.dsv'
[54.775s] INFO:colcon.colcon_core.shell:Creating environment hook '/home/kushion/Documents/OpenMantaClaus/install/ekfslam/share/ekfslam/hook/cmake_prefix_path.sh'
[54.776s] Level 1:colcon.colcon_core.environment:checking '/home/kushion/Documents/OpenMantaClaus/install/ekfslam/lib'
[54.776s] Level 1:colcon.colcon_core.environment:checking '/home/kushion/Documents/OpenMantaClaus/install/ekfslam/bin'
[54.776s] Level 1:colcon.colcon_core.environment:checking '/home/kushion/Documents/OpenMantaClaus/install/ekfslam/lib/pkgconfig/ekfslam.pc'
[54.776s] Level 1:colcon.colcon_core.environment:checking '/home/kushion/Documents/OpenMantaClaus/install/ekfslam/lib/python3.10/site-packages'
[54.777s] Level 1:colcon.colcon_core.environment:checking '/home/kushion/Documents/OpenMantaClaus/install/ekfslam/bin'
[54.777s] INFO:colcon.colcon_core.shell:Creating package script '/home/kushion/Documents/OpenMantaClaus/install/ekfslam/share/ekfslam/package.ps1'
[54.778s] INFO:colcon.colcon_core.shell:Creating package descriptor '/home/kushion/Documents/OpenMantaClaus/install/ekfslam/share/ekfslam/package.dsv'
[54.778s] INFO:colcon.colcon_core.shell:Creating package script '/home/kushion/Documents/OpenMantaClaus/install/ekfslam/share/ekfslam/package.sh'
[54.779s] INFO:colcon.colcon_core.shell:Creating package script '/home/kushion/Documents/OpenMantaClaus/install/ekfslam/share/ekfslam/package.bash'
[54.779s] INFO:colcon.colcon_core.shell:Creating package script '/home/kushion/Documents/OpenMantaClaus/install/ekfslam/share/ekfslam/package.zsh'
[54.780s] Level 1:colcon.colcon_core.environment:create_file_with_runtime_dependencies(/home/kushion/Documents/OpenMantaClaus/install/ekfslam/share/colcon-core/packages/ekfslam)
[54.780s] DEBUG:colcon.colcon_parallel_executor.executor.parallel:closing loop
[54.780s] DEBUG:colcon.colcon_parallel_executor.executor.parallel:loop closed
[54.781s] DEBUG:colcon.colcon_parallel_executor.executor.parallel:run_until_complete finished with '0'
[54.781s] DEBUG:colcon.colcon_core.event_reactor:joining thread
[54.788s] INFO:colcon.colcon_core.plugin_system:Skipping extension 'colcon_notification.desktop_notification.terminal_notifier': Not used on non-Darwin systems
[54.788s] INFO:colcon.colcon_core.plugin_system:Skipping extension 'colcon_notification.desktop_notification.win32': Not used on non-Windows systems
[54.788s] INFO:colcon.colcon_notification.desktop_notification:Sending desktop notification using 'notify2'
[54.804s] DEBUG:colcon.colcon_core.event_reactor:joined thread
[54.805s] INFO:colcon.colcon_core.shell:Creating prefix script '/home/kushion/Documents/OpenMantaClaus/install/local_setup.ps1'
[54.806s] INFO:colcon.colcon_core.shell:Creating prefix util module '/home/kushion/Documents/OpenMantaClaus/install/_local_setup_util_ps1.py'
[54.808s] INFO:colcon.colcon_core.shell:Creating prefix chain script '/home/kushion/Documents/OpenMantaClaus/install/setup.ps1'
[54.810s] INFO:colcon.colcon_core.shell:Creating prefix script '/home/kushion/Documents/OpenMantaClaus/install/local_setup.sh'
[54.810s] INFO:colcon.colcon_core.shell:Creating prefix util module '/home/kushion/Documents/OpenMantaClaus/install/_local_setup_util_sh.py'
[54.811s] INFO:colcon.colcon_core.shell:Creating prefix chain script '/home/kushion/Documents/OpenMantaClaus/install/setup.sh'
[54.813s] INFO:colcon.colcon_core.shell:Creating prefix script '/home/kushion/Documents/OpenMantaClaus/install/local_setup.bash'
[54.814s] INFO:colcon.colcon_core.shell:Creating prefix chain script '/home/kushion/Documents/OpenMantaClaus/install/setup.bash'
[54.815s] INFO:colcon.colcon_core.shell:Creating prefix script '/home/kushion/Documents/OpenMantaClaus/install/local_setup.zsh'
[54.816s] INFO:colcon.colcon_core.shell:Creating prefix chain script '/home/kushion/Documents/OpenMantaClaus/install/setup.zsh'
