[0.015s] Invoking command in '/home/kushion/Documents/OpenMantaClaus/build/interfaces': CMAKE_PREFIX_PATH=${CMAKE_PREFIX_PATH}:/home/kushion/Desktop/piles/pile_detection/IsaacSim-ros_workspaces/humble_ws/install/isaac_ros_navigation_goal:/opt/ros/humble /usr/bin/cmake --build /home/kushion/Documents/OpenMantaClaus/build/interfaces -- -j22 -l22
[0.097s] [  1%] Built target interfaces__cpp
[0.097s] [ 12%] Built target interfaces__rosidl_generator_c
[0.114s] [ 12%] Built target ament_cmake_python_copy_interfaces
[0.132s] [ 25%] Built target interfaces__rosidl_typesupport_introspection_cpp
[0.132s] [ 35%] Built target interfaces__rosidl_typesupport_cpp
[0.139s] [ 46%] Built target interfaces__rosidl_typesupport_fastrtps_cpp
[0.150s] [ 66%] Built target interfaces__rosidl_typesupport_introspection_c
[0.150s] [ 69%] Built target interfaces__rosidl_typesupport_c
[0.151s] [ 80%] Built target interfaces__rosidl_typesupport_fastrtps_c
[0.187s] [ 80%] Built target interfaces
[0.221s] [ 81%] Built target interfaces__py
[0.260s] [ 91%] Built target interfaces__rosidl_generator_py
[0.297s] [ 94%] Built target interfaces__rosidl_typesupport_introspection_c__pyext
[0.297s] [ 97%] Built target interfaces__rosidl_typesupport_c__pyext
[0.297s] [100%] Built target interfaces__rosidl_typesupport_fastrtps_c__pyext
[0.400s] running egg_info
[0.425s] writing interfaces.egg-info/PKG-INFO
[0.425s] writing dependency_links to interfaces.egg-info/dependency_links.txt
[0.425s] writing top-level names to interfaces.egg-info/top_level.txt
[0.487s] reading manifest file 'interfaces.egg-info/SOURCES.txt'
[0.488s] writing manifest file 'interfaces.egg-info/SOURCES.txt'
[0.527s] [100%] Built target ament_cmake_python_build_interfaces_egg
[0.545s] Invoked command in '/home/kushion/Documents/OpenMantaClaus/build/interfaces' returned '0': CMAKE_PREFIX_PATH=${CMAKE_PREFIX_PATH}:/home/kushion/Desktop/piles/pile_detection/IsaacSim-ros_workspaces/humble_ws/install/isaac_ros_navigation_goal:/opt/ros/humble /usr/bin/cmake --build /home/kushion/Documents/OpenMantaClaus/build/interfaces -- -j22 -l22
[0.559s] Invoking command in '/home/kushion/Documents/OpenMantaClaus/build/interfaces': CMAKE_PREFIX_PATH=${CMAKE_PREFIX_PATH}:/home/kushion/Desktop/piles/pile_detection/IsaacSim-ros_workspaces/humble_ws/install/isaac_ros_navigation_goal:/opt/ros/humble /usr/bin/cmake --install /home/kushion/Documents/OpenMantaClaus/build/interfaces
[0.571s] -- Install configuration: ""
[0.571s] -- Up-to-date: /home/kushion/Documents/OpenMantaClaus/install/interfaces/share/ament_index/resource_index/rosidl_interfaces/interfaces
[0.571s] -- Up-to-date: /home/kushion/Documents/OpenMantaClaus/install/interfaces/include/interfaces/interfaces
[0.571s] -- Up-to-date: /home/kushion/Documents/OpenMantaClaus/install/interfaces/include/interfaces/interfaces/srv
[0.571s] -- Up-to-date: /home/kushion/Documents/OpenMantaClaus/install/interfaces/include/interfaces/interfaces/srv/detail
[0.571s] -- Up-to-date: /home/kushion/Documents/OpenMantaClaus/install/interfaces/include/interfaces/interfaces/srv/detail/setup__struct.h
[0.572s] -- Up-to-date: /home/kushion/Documents/OpenMantaClaus/install/interfaces/include/interfaces/interfaces/srv/detail/setup__type_support.h
[0.572s] -- Up-to-date: /home/kushion/Documents/OpenMantaClaus/install/interfaces/include/interfaces/interfaces/srv/detail/task_complete__struct.h
[0.572s] -- Up-to-date: /home/kushion/Documents/OpenMantaClaus/install/interfaces/include/interfaces/interfaces/srv/detail/task_command__functions.c
[0.572s] -- Up-to-date: /home/kushion/Documents/OpenMantaClaus/install/interfaces/include/interfaces/interfaces/srv/detail/setup__functions.h
[0.572s] -- Up-to-date: /home/kushion/Documents/OpenMantaClaus/install/interfaces/include/interfaces/interfaces/srv/detail/task_command__struct.h
[0.572s] -- Up-to-date: /home/kushion/Documents/OpenMantaClaus/install/interfaces/include/interfaces/interfaces/srv/detail/task_complete__type_support.h
[0.572s] -- Up-to-date: /home/kushion/Documents/OpenMantaClaus/install/interfaces/include/interfaces/interfaces/srv/detail/task_command__functions.h
[0.572s] -- Up-to-date: /home/kushion/Documents/OpenMantaClaus/install/interfaces/include/interfaces/interfaces/srv/detail/setup__functions.c
[0.572s] -- Up-to-date: /home/kushion/Documents/OpenMantaClaus/install/interfaces/include/interfaces/interfaces/srv/detail/task_complete__functions.h
[0.572s] -- Up-to-date: /home/kushion/Documents/OpenMantaClaus/install/interfaces/include/interfaces/interfaces/srv/detail/task_complete__functions.c
[0.572s] -- Up-to-date: /home/kushion/Documents/OpenMantaClaus/install/interfaces/include/interfaces/interfaces/srv/detail/task_command__type_support.h
[0.572s] -- Up-to-date: /home/kushion/Documents/OpenMantaClaus/install/interfaces/include/interfaces/interfaces/srv/task_complete.h
[0.573s] -- Up-to-date: /home/kushion/Documents/OpenMantaClaus/install/interfaces/include/interfaces/interfaces/srv/setup.h
[0.573s] -- Up-to-date: /home/kushion/Documents/OpenMantaClaus/install/interfaces/include/interfaces/interfaces/srv/task_command.h
[0.573s] -- Up-to-date: /home/kushion/Documents/OpenMantaClaus/install/interfaces/include/interfaces/interfaces/msg
[0.573s] -- Up-to-date: /home/kushion/Documents/OpenMantaClaus/install/interfaces/include/interfaces/interfaces/msg/rosidl_generator_c__visibility_control.h
[0.573s] -- Up-to-date: /home/kushion/Documents/OpenMantaClaus/install/interfaces/include/interfaces/interfaces/msg/detail
[0.573s] -- Up-to-date: /home/kushion/Documents/OpenMantaClaus/install/interfaces/include/interfaces/interfaces/msg/detail/task_status__type_support.h
[0.573s] -- Up-to-date: /home/kushion/Documents/OpenMantaClaus/install/interfaces/include/interfaces/interfaces/msg/detail/task_status__struct.h
[0.573s] -- Up-to-date: /home/kushion/Documents/OpenMantaClaus/install/interfaces/include/interfaces/interfaces/msg/detail/feature_observations__functions.h
[0.573s] -- Up-to-date: /home/kushion/Documents/OpenMantaClaus/install/interfaces/include/interfaces/interfaces/msg/detail/feature_observation__functions.h
[0.573s] -- Up-to-date: /home/kushion/Documents/OpenMantaClaus/install/interfaces/include/interfaces/interfaces/msg/detail/task_status__functions.c
[0.573s] -- Up-to-date: /home/kushion/Documents/OpenMantaClaus/install/interfaces/include/interfaces/interfaces/msg/detail/feature_observations__functions.c
[0.573s] -- Up-to-date: /home/kushion/Documents/OpenMantaClaus/install/interfaces/include/interfaces/interfaces/msg/detail/feature_observation__struct.h
[0.573s] -- Up-to-date: /home/kushion/Documents/OpenMantaClaus/install/interfaces/include/interfaces/interfaces/msg/detail/feature_observations__struct.h
[0.573s] -- Up-to-date: /home/kushion/Documents/OpenMantaClaus/install/interfaces/include/interfaces/interfaces/msg/detail/feature_observations__type_support.h
[0.573s] -- Up-to-date: /home/kushion/Documents/OpenMantaClaus/install/interfaces/include/interfaces/interfaces/msg/detail/feature_observation__type_support.h
[0.574s] -- Up-to-date: /home/kushion/Documents/OpenMantaClaus/install/interfaces/include/interfaces/interfaces/msg/detail/task_status__functions.h
[0.574s] -- Up-to-date: /home/kushion/Documents/OpenMantaClaus/install/interfaces/include/interfaces/interfaces/msg/detail/feature_observation__functions.c
[0.574s] -- Up-to-date: /home/kushion/Documents/OpenMantaClaus/install/interfaces/include/interfaces/interfaces/msg/feature_observation.h
[0.574s] -- Up-to-date: /home/kushion/Documents/OpenMantaClaus/install/interfaces/include/interfaces/interfaces/msg/task_status.h
[0.574s] -- Up-to-date: /home/kushion/Documents/OpenMantaClaus/install/interfaces/include/interfaces/interfaces/msg/feature_observations.h
[0.574s] -- Up-to-date: /home/kushion/Documents/OpenMantaClaus/install/interfaces/share/interfaces/environment/library_path.sh
[0.574s] -- Up-to-date: /home/kushion/Documents/OpenMantaClaus/install/interfaces/share/interfaces/environment/library_path.dsv
[0.574s] -- Up-to-date: /home/kushion/Documents/OpenMantaClaus/install/interfaces/lib/libinterfaces__rosidl_generator_c.so
[0.574s] -- Up-to-date: /home/kushion/Documents/OpenMantaClaus/install/interfaces/include/interfaces/interfaces
[0.574s] -- Up-to-date: /home/kushion/Documents/OpenMantaClaus/install/interfaces/include/interfaces/interfaces/srv
[0.574s] -- Up-to-date: /home/kushion/Documents/OpenMantaClaus/install/interfaces/include/interfaces/interfaces/srv/detail
[0.574s] -- Up-to-date: /home/kushion/Documents/OpenMantaClaus/install/interfaces/include/interfaces/interfaces/srv/detail/setup__rosidl_typesupport_fastrtps_c.h
[0.574s] -- Up-to-date: /home/kushion/Documents/OpenMantaClaus/install/interfaces/include/interfaces/interfaces/srv/detail/task_command__rosidl_typesupport_fastrtps_c.h
[0.574s] -- Up-to-date: /home/kushion/Documents/OpenMantaClaus/install/interfaces/include/interfaces/interfaces/srv/detail/task_complete__rosidl_typesupport_fastrtps_c.h
[0.574s] -- Up-to-date: /home/kushion/Documents/OpenMantaClaus/install/interfaces/include/interfaces/interfaces/msg
[0.575s] -- Up-to-date: /home/kushion/Documents/OpenMantaClaus/install/interfaces/include/interfaces/interfaces/msg/detail
[0.575s] -- Up-to-date: /home/kushion/Documents/OpenMantaClaus/install/interfaces/include/interfaces/interfaces/msg/detail/task_status__rosidl_typesupport_fastrtps_c.h
[0.575s] -- Up-to-date: /home/kushion/Documents/OpenMantaClaus/install/interfaces/include/interfaces/interfaces/msg/detail/feature_observations__rosidl_typesupport_fastrtps_c.h
[0.575s] -- Up-to-date: /home/kushion/Documents/OpenMantaClaus/install/interfaces/include/interfaces/interfaces/msg/detail/feature_observation__rosidl_typesupport_fastrtps_c.h
[0.575s] -- Up-to-date: /home/kushion/Documents/OpenMantaClaus/install/interfaces/include/interfaces/interfaces/msg/rosidl_typesupport_fastrtps_c__visibility_control.h
[0.575s] -- Up-to-date: /home/kushion/Documents/OpenMantaClaus/install/interfaces/lib/libinterfaces__rosidl_typesupport_fastrtps_c.so
[0.575s] -- Up-to-date: /home/kushion/Documents/OpenMantaClaus/install/interfaces/include/interfaces/interfaces
[0.575s] -- Up-to-date: /home/kushion/Documents/OpenMantaClaus/install/interfaces/include/interfaces/interfaces/srv
[0.575s] -- Up-to-date: /home/kushion/Documents/OpenMantaClaus/install/interfaces/include/interfaces/interfaces/srv/detail
[0.575s] -- Up-to-date: /home/kushion/Documents/OpenMantaClaus/install/interfaces/include/interfaces/interfaces/srv/detail/task_command__rosidl_typesupport_introspection_c.h
[0.575s] -- Up-to-date: /home/kushion/Documents/OpenMantaClaus/install/interfaces/include/interfaces/interfaces/srv/detail/setup__rosidl_typesupport_introspection_c.h
[0.575s] -- Up-to-date: /home/kushion/Documents/OpenMantaClaus/install/interfaces/include/interfaces/interfaces/srv/detail/task_complete__rosidl_typesupport_introspection_c.h
[0.575s] -- Up-to-date: /home/kushion/Documents/OpenMantaClaus/install/interfaces/include/interfaces/interfaces/srv/detail/task_complete__type_support.c
[0.575s] -- Up-to-date: /home/kushion/Documents/OpenMantaClaus/install/interfaces/include/interfaces/interfaces/srv/detail/setup__type_support.c
[0.576s] -- Up-to-date: /home/kushion/Documents/OpenMantaClaus/install/interfaces/include/interfaces/interfaces/srv/detail/task_command__type_support.c
[0.576s] -- Up-to-date: /home/kushion/Documents/OpenMantaClaus/install/interfaces/include/interfaces/interfaces/msg
[0.576s] -- Up-to-date: /home/kushion/Documents/OpenMantaClaus/install/interfaces/include/interfaces/interfaces/msg/rosidl_typesupport_introspection_c__visibility_control.h
[0.576s] -- Up-to-date: /home/kushion/Documents/OpenMantaClaus/install/interfaces/include/interfaces/interfaces/msg/detail
[0.576s] -- Up-to-date: /home/kushion/Documents/OpenMantaClaus/install/interfaces/include/interfaces/interfaces/msg/detail/task_status__rosidl_typesupport_introspection_c.h
[0.576s] -- Up-to-date: /home/kushion/Documents/OpenMantaClaus/install/interfaces/include/interfaces/interfaces/msg/detail/feature_observations__type_support.c
[0.576s] -- Up-to-date: /home/kushion/Documents/OpenMantaClaus/install/interfaces/include/interfaces/interfaces/msg/detail/feature_observations__rosidl_typesupport_introspection_c.h
[0.576s] -- Up-to-date: /home/kushion/Documents/OpenMantaClaus/install/interfaces/include/interfaces/interfaces/msg/detail/task_status__type_support.c
[0.576s] -- Up-to-date: /home/kushion/Documents/OpenMantaClaus/install/interfaces/include/interfaces/interfaces/msg/detail/feature_observation__rosidl_typesupport_introspection_c.h
[0.576s] -- Up-to-date: /home/kushion/Documents/OpenMantaClaus/install/interfaces/include/interfaces/interfaces/msg/detail/feature_observation__type_support.c
[0.576s] -- Up-to-date: /home/kushion/Documents/OpenMantaClaus/install/interfaces/lib/libinterfaces__rosidl_typesupport_introspection_c.so
[0.576s] -- Up-to-date: /home/kushion/Documents/OpenMantaClaus/install/interfaces/lib/libinterfaces__rosidl_typesupport_c.so
[0.576s] -- Up-to-date: /home/kushion/Documents/OpenMantaClaus/install/interfaces/include/interfaces/interfaces
[0.576s] -- Up-to-date: /home/kushion/Documents/OpenMantaClaus/install/interfaces/include/interfaces/interfaces/srv
[0.577s] -- Up-to-date: /home/kushion/Documents/OpenMantaClaus/install/interfaces/include/interfaces/interfaces/srv/task_command.hpp
[0.577s] -- Up-to-date: /home/kushion/Documents/OpenMantaClaus/install/interfaces/include/interfaces/interfaces/srv/detail
[0.577s] -- Up-to-date: /home/kushion/Documents/OpenMantaClaus/install/interfaces/include/interfaces/interfaces/srv/detail/task_command__struct.hpp
[0.577s] -- Up-to-date: /home/kushion/Documents/OpenMantaClaus/install/interfaces/include/interfaces/interfaces/srv/detail/setup__builder.hpp
[0.577s] -- Up-to-date: /home/kushion/Documents/OpenMantaClaus/install/interfaces/include/interfaces/interfaces/srv/detail/task_command__builder.hpp
[0.577s] -- Up-to-date: /home/kushion/Documents/OpenMantaClaus/install/interfaces/include/interfaces/interfaces/srv/detail/task_command__type_support.hpp
[0.577s] -- Up-to-date: /home/kushion/Documents/OpenMantaClaus/install/interfaces/include/interfaces/interfaces/srv/detail/setup__traits.hpp
[0.577s] -- Up-to-date: /home/kushion/Documents/OpenMantaClaus/install/interfaces/include/interfaces/interfaces/srv/detail/setup__struct.hpp
[0.577s] -- Up-to-date: /home/kushion/Documents/OpenMantaClaus/install/interfaces/include/interfaces/interfaces/srv/detail/setup__type_support.hpp
[0.577s] -- Up-to-date: /home/kushion/Documents/OpenMantaClaus/install/interfaces/include/interfaces/interfaces/srv/detail/task_complete__struct.hpp
[0.577s] -- Up-to-date: /home/kushion/Documents/OpenMantaClaus/install/interfaces/include/interfaces/interfaces/srv/detail/task_command__traits.hpp
[0.577s] -- Up-to-date: /home/kushion/Documents/OpenMantaClaus/install/interfaces/include/interfaces/interfaces/srv/detail/task_complete__builder.hpp
[0.577s] -- Up-to-date: /home/kushion/Documents/OpenMantaClaus/install/interfaces/include/interfaces/interfaces/srv/detail/task_complete__traits.hpp
[0.577s] -- Up-to-date: /home/kushion/Documents/OpenMantaClaus/install/interfaces/include/interfaces/interfaces/srv/detail/task_complete__type_support.hpp
[0.578s] -- Up-to-date: /home/kushion/Documents/OpenMantaClaus/install/interfaces/include/interfaces/interfaces/srv/task_complete.hpp
[0.578s] -- Up-to-date: /home/kushion/Documents/OpenMantaClaus/install/interfaces/include/interfaces/interfaces/srv/setup.hpp
[0.578s] -- Up-to-date: /home/kushion/Documents/OpenMantaClaus/install/interfaces/include/interfaces/interfaces/msg
[0.578s] -- Up-to-date: /home/kushion/Documents/OpenMantaClaus/install/interfaces/include/interfaces/interfaces/msg/task_status.hpp
[0.578s] -- Up-to-date: /home/kushion/Documents/OpenMantaClaus/install/interfaces/include/interfaces/interfaces/msg/detail
[0.578s] -- Up-to-date: /home/kushion/Documents/OpenMantaClaus/install/interfaces/include/interfaces/interfaces/msg/detail/feature_observation__struct.hpp
[0.578s] -- Up-to-date: /home/kushion/Documents/OpenMantaClaus/install/interfaces/include/interfaces/interfaces/msg/detail/task_status__traits.hpp
[0.578s] -- Up-to-date: /home/kushion/Documents/OpenMantaClaus/install/interfaces/include/interfaces/interfaces/msg/detail/feature_observations__builder.hpp
[0.578s] -- Up-to-date: /home/kushion/Documents/OpenMantaClaus/install/interfaces/include/interfaces/interfaces/msg/detail/feature_observations__traits.hpp
[0.578s] -- Up-to-date: /home/kushion/Documents/OpenMantaClaus/install/interfaces/include/interfaces/interfaces/msg/detail/task_status__builder.hpp
[0.578s] -- Up-to-date: /home/kushion/Documents/OpenMantaClaus/install/interfaces/include/interfaces/interfaces/msg/detail/feature_observation__type_support.hpp
[0.578s] -- Up-to-date: /home/kushion/Documents/OpenMantaClaus/install/interfaces/include/interfaces/interfaces/msg/detail/feature_observation__builder.hpp
[0.578s] -- Up-to-date: /home/kushion/Documents/OpenMantaClaus/install/interfaces/include/interfaces/interfaces/msg/detail/feature_observations__struct.hpp
[0.578s] -- Up-to-date: /home/kushion/Documents/OpenMantaClaus/install/interfaces/include/interfaces/interfaces/msg/detail/feature_observations__type_support.hpp
[0.578s] -- Up-to-date: /home/kushion/Documents/OpenMantaClaus/install/interfaces/include/interfaces/interfaces/msg/detail/task_status__type_support.hpp
[0.579s] -- Up-to-date: /home/kushion/Documents/OpenMantaClaus/install/interfaces/include/interfaces/interfaces/msg/detail/task_status__struct.hpp
[0.579s] -- Up-to-date: /home/kushion/Documents/OpenMantaClaus/install/interfaces/include/interfaces/interfaces/msg/detail/feature_observation__traits.hpp
[0.579s] -- Up-to-date: /home/kushion/Documents/OpenMantaClaus/install/interfaces/include/interfaces/interfaces/msg/feature_observations.hpp
[0.579s] -- Up-to-date: /home/kushion/Documents/OpenMantaClaus/install/interfaces/include/interfaces/interfaces/msg/feature_observation.hpp
[0.579s] -- Up-to-date: /home/kushion/Documents/OpenMantaClaus/install/interfaces/include/interfaces/interfaces/msg/rosidl_generator_cpp__visibility_control.hpp
[0.579s] -- Up-to-date: /home/kushion/Documents/OpenMantaClaus/install/interfaces/include/interfaces/interfaces
[0.579s] -- Up-to-date: /home/kushion/Documents/OpenMantaClaus/install/interfaces/include/interfaces/interfaces/srv
[0.579s] -- Up-to-date: /home/kushion/Documents/OpenMantaClaus/install/interfaces/include/interfaces/interfaces/srv/detail
[0.580s] -- Up-to-date: /home/kushion/Documents/OpenMantaClaus/install/interfaces/include/interfaces/interfaces/srv/detail/task_command__rosidl_typesupport_fastrtps_cpp.hpp
[0.580s] -- Up-to-date: /home/kushion/Documents/OpenMantaClaus/install/interfaces/include/interfaces/interfaces/srv/detail/dds_fastrtps
[0.580s] -- Up-to-date: /home/kushion/Documents/OpenMantaClaus/install/interfaces/include/interfaces/interfaces/srv/detail/setup__rosidl_typesupport_fastrtps_cpp.hpp
[0.580s] -- Up-to-date: /home/kushion/Documents/OpenMantaClaus/install/interfaces/include/interfaces/interfaces/srv/detail/task_complete__rosidl_typesupport_fastrtps_cpp.hpp
[0.580s] -- Up-to-date: /home/kushion/Documents/OpenMantaClaus/install/interfaces/include/interfaces/interfaces/msg
[0.580s] -- Up-to-date: /home/kushion/Documents/OpenMantaClaus/install/interfaces/include/interfaces/interfaces/msg/detail
[0.580s] -- Up-to-date: /home/kushion/Documents/OpenMantaClaus/install/interfaces/include/interfaces/interfaces/msg/detail/task_status__rosidl_typesupport_fastrtps_cpp.hpp
[0.580s] -- Up-to-date: /home/kushion/Documents/OpenMantaClaus/install/interfaces/include/interfaces/interfaces/msg/detail/feature_observation__rosidl_typesupport_fastrtps_cpp.hpp
[0.580s] -- Up-to-date: /home/kushion/Documents/OpenMantaClaus/install/interfaces/include/interfaces/interfaces/msg/detail/feature_observations__rosidl_typesupport_fastrtps_cpp.hpp
[0.580s] -- Up-to-date: /home/kushion/Documents/OpenMantaClaus/install/interfaces/include/interfaces/interfaces/msg/detail/dds_fastrtps
[0.580s] -- Up-to-date: /home/kushion/Documents/OpenMantaClaus/install/interfaces/include/interfaces/interfaces/msg/rosidl_typesupport_fastrtps_cpp__visibility_control.h
[0.580s] -- Up-to-date: /home/kushion/Documents/OpenMantaClaus/install/interfaces/lib/libinterfaces__rosidl_typesupport_fastrtps_cpp.so
[0.581s] -- Up-to-date: /home/kushion/Documents/OpenMantaClaus/install/interfaces/include/interfaces/interfaces
[0.581s] -- Up-to-date: /home/kushion/Documents/OpenMantaClaus/install/interfaces/include/interfaces/interfaces/srv
[0.581s] -- Up-to-date: /home/kushion/Documents/OpenMantaClaus/install/interfaces/include/interfaces/interfaces/srv/detail
[0.581s] -- Up-to-date: /home/kushion/Documents/OpenMantaClaus/install/interfaces/include/interfaces/interfaces/srv/detail/task_complete__type_support.cpp
[0.581s] -- Up-to-date: /home/kushion/Documents/OpenMantaClaus/install/interfaces/include/interfaces/interfaces/srv/detail/task_command__type_support.cpp
[0.581s] -- Up-to-date: /home/kushion/Documents/OpenMantaClaus/install/interfaces/include/interfaces/interfaces/srv/detail/task_command__rosidl_typesupport_introspection_cpp.hpp
[0.581s] -- Up-to-date: /home/kushion/Documents/OpenMantaClaus/install/interfaces/include/interfaces/interfaces/srv/detail/task_complete__rosidl_typesupport_introspection_cpp.hpp
[0.581s] -- Up-to-date: /home/kushion/Documents/OpenMantaClaus/install/interfaces/include/interfaces/interfaces/srv/detail/setup__type_support.cpp
[0.581s] -- Up-to-date: /home/kushion/Documents/OpenMantaClaus/install/interfaces/include/interfaces/interfaces/srv/detail/setup__rosidl_typesupport_introspection_cpp.hpp
[0.581s] -- Up-to-date: /home/kushion/Documents/OpenMantaClaus/install/interfaces/include/interfaces/interfaces/msg
[0.581s] -- Up-to-date: /home/kushion/Documents/OpenMantaClaus/install/interfaces/include/interfaces/interfaces/msg/detail
[0.581s] -- Up-to-date: /home/kushion/Documents/OpenMantaClaus/install/interfaces/include/interfaces/interfaces/msg/detail/task_status__rosidl_typesupport_introspection_cpp.hpp
[0.581s] -- Up-to-date: /home/kushion/Documents/OpenMantaClaus/install/interfaces/include/interfaces/interfaces/msg/detail/feature_observation__type_support.cpp
[0.581s] -- Up-to-date: /home/kushion/Documents/OpenMantaClaus/install/interfaces/include/interfaces/interfaces/msg/detail/feature_observation__rosidl_typesupport_introspection_cpp.hpp
[0.581s] -- Up-to-date: /home/kushion/Documents/OpenMantaClaus/install/interfaces/include/interfaces/interfaces/msg/detail/feature_observations__type_support.cpp
[0.581s] -- Up-to-date: /home/kushion/Documents/OpenMantaClaus/install/interfaces/include/interfaces/interfaces/msg/detail/task_status__type_support.cpp
[0.581s] -- Up-to-date: /home/kushion/Documents/OpenMantaClaus/install/interfaces/include/interfaces/interfaces/msg/detail/feature_observations__rosidl_typesupport_introspection_cpp.hpp
[0.582s] -- Up-to-date: /home/kushion/Documents/OpenMantaClaus/install/interfaces/lib/libinterfaces__rosidl_typesupport_introspection_cpp.so
[0.582s] -- Up-to-date: /home/kushion/Documents/OpenMantaClaus/install/interfaces/lib/libinterfaces__rosidl_typesupport_cpp.so
[0.582s] -- Up-to-date: /home/kushion/Documents/OpenMantaClaus/install/interfaces/share/interfaces/environment/pythonpath.sh
[0.582s] -- Up-to-date: /home/kushion/Documents/OpenMantaClaus/install/interfaces/share/interfaces/environment/pythonpath.dsv
[0.582s] -- Up-to-date: /home/kushion/Documents/OpenMantaClaus/install/interfaces/local/lib/python3.10/dist-packages/interfaces-0.0.0-py3.10.egg-info
[0.582s] -- Installing: /home/kushion/Documents/OpenMantaClaus/install/interfaces/local/lib/python3.10/dist-packages/interfaces-0.0.0-py3.10.egg-info/PKG-INFO
[0.582s] -- Installing: /home/kushion/Documents/OpenMantaClaus/install/interfaces/local/lib/python3.10/dist-packages/interfaces-0.0.0-py3.10.egg-info/top_level.txt
[0.582s] -- Installing: /home/kushion/Documents/OpenMantaClaus/install/interfaces/local/lib/python3.10/dist-packages/interfaces-0.0.0-py3.10.egg-info/SOURCES.txt
[0.582s] -- Installing: /home/kushion/Documents/OpenMantaClaus/install/interfaces/local/lib/python3.10/dist-packages/interfaces-0.0.0-py3.10.egg-info/dependency_links.txt
[0.582s] -- Up-to-date: /home/kushion/Documents/OpenMantaClaus/install/interfaces/local/lib/python3.10/dist-packages/interfaces
[0.582s] -- Up-to-date: /home/kushion/Documents/OpenMantaClaus/install/interfaces/local/lib/python3.10/dist-packages/interfaces/_interfaces_s.ep.rosidl_typesupport_introspection_c.c
[0.582s] -- Up-to-date: /home/kushion/Documents/OpenMantaClaus/install/interfaces/local/lib/python3.10/dist-packages/interfaces/srv
[0.582s] -- Up-to-date: /home/kushion/Documents/OpenMantaClaus/install/interfaces/local/lib/python3.10/dist-packages/interfaces/srv/_task_command_s.c
[0.582s] -- Up-to-date: /home/kushion/Documents/OpenMantaClaus/install/interfaces/local/lib/python3.10/dist-packages/interfaces/srv/__init__.py
[0.582s] -- Up-to-date: /home/kushion/Documents/OpenMantaClaus/install/interfaces/local/lib/python3.10/dist-packages/interfaces/srv/_task_command.py
[0.582s] -- Up-to-date: /home/kushion/Documents/OpenMantaClaus/install/interfaces/local/lib/python3.10/dist-packages/interfaces/srv/_setup.py
[0.582s] -- Up-to-date: /home/kushion/Documents/OpenMantaClaus/install/interfaces/local/lib/python3.10/dist-packages/interfaces/srv/_task_complete_s.c
[0.583s] -- Up-to-date: /home/kushion/Documents/OpenMantaClaus/install/interfaces/local/lib/python3.10/dist-packages/interfaces/srv/_task_complete.py
[0.583s] -- Up-to-date: /home/kushion/Documents/OpenMantaClaus/install/interfaces/local/lib/python3.10/dist-packages/interfaces/srv/_setup_s.c
[0.583s] -- Up-to-date: /home/kushion/Documents/OpenMantaClaus/install/interfaces/local/lib/python3.10/dist-packages/interfaces/__init__.py
[0.583s] -- Up-to-date: /home/kushion/Documents/OpenMantaClaus/install/interfaces/local/lib/python3.10/dist-packages/interfaces/interfaces_s__rosidl_typesupport_introspection_c.cpython-310-x86_64-linux-gnu.so
[0.583s] -- Up-to-date: /home/kushion/Documents/OpenMantaClaus/install/interfaces/local/lib/python3.10/dist-packages/interfaces/interfaces_s__rosidl_typesupport_c.cpython-310-x86_64-linux-gnu.so
[0.583s] -- Up-to-date: /home/kushion/Documents/OpenMantaClaus/install/interfaces/local/lib/python3.10/dist-packages/interfaces/interfaces_s__rosidl_typesupport_fastrtps_c.cpython-310-x86_64-linux-gnu.so
[0.583s] -- Up-to-date: /home/kushion/Documents/OpenMantaClaus/install/interfaces/local/lib/python3.10/dist-packages/interfaces/libinterfaces__rosidl_generator_py.so
[0.583s] -- Up-to-date: /home/kushion/Documents/OpenMantaClaus/install/interfaces/local/lib/python3.10/dist-packages/interfaces/_interfaces_s.ep.rosidl_typesupport_fastrtps_c.c
[0.583s] -- Up-to-date: /home/kushion/Documents/OpenMantaClaus/install/interfaces/local/lib/python3.10/dist-packages/interfaces/msg
[0.583s] -- Up-to-date: /home/kushion/Documents/OpenMantaClaus/install/interfaces/local/lib/python3.10/dist-packages/interfaces/msg/_task_status.py
[0.583s] -- Up-to-date: /home/kushion/Documents/OpenMantaClaus/install/interfaces/local/lib/python3.10/dist-packages/interfaces/msg/__init__.py
[0.583s] -- Up-to-date: /home/kushion/Documents/OpenMantaClaus/install/interfaces/local/lib/python3.10/dist-packages/interfaces/msg/_feature_observations_s.c
[0.583s] -- Up-to-date: /home/kushion/Documents/OpenMantaClaus/install/interfaces/local/lib/python3.10/dist-packages/interfaces/msg/_feature_observation.py
[0.583s] -- Up-to-date: /home/kushion/Documents/OpenMantaClaus/install/interfaces/local/lib/python3.10/dist-packages/interfaces/msg/_feature_observation_s.c
[0.583s] -- Up-to-date: /home/kushion/Documents/OpenMantaClaus/install/interfaces/local/lib/python3.10/dist-packages/interfaces/msg/_feature_observations.py
[0.583s] -- Up-to-date: /home/kushion/Documents/OpenMantaClaus/install/interfaces/local/lib/python3.10/dist-packages/interfaces/msg/_task_status_s.c
[0.583s] -- Up-to-date: /home/kushion/Documents/OpenMantaClaus/install/interfaces/local/lib/python3.10/dist-packages/interfaces/_interfaces_s.ep.rosidl_typesupport_c.c
[0.629s] Listing '/home/kushion/Documents/OpenMantaClaus/install/interfaces/local/lib/python3.10/dist-packages/interfaces'...
[0.629s] Listing '/home/kushion/Documents/OpenMantaClaus/install/interfaces/local/lib/python3.10/dist-packages/interfaces/msg'...
[0.629s] Listing '/home/kushion/Documents/OpenMantaClaus/install/interfaces/local/lib/python3.10/dist-packages/interfaces/srv'...
[0.638s] -- Up-to-date: /home/kushion/Documents/OpenMantaClaus/install/interfaces/local/lib/python3.10/dist-packages/interfaces/interfaces_s__rosidl_typesupport_fastrtps_c.cpython-310-x86_64-linux-gnu.so
[0.638s] -- Up-to-date: /home/kushion/Documents/OpenMantaClaus/install/interfaces/local/lib/python3.10/dist-packages/interfaces/interfaces_s__rosidl_typesupport_introspection_c.cpython-310-x86_64-linux-gnu.so
[0.638s] -- Up-to-date: /home/kushion/Documents/OpenMantaClaus/install/interfaces/local/lib/python3.10/dist-packages/interfaces/interfaces_s__rosidl_typesupport_c.cpython-310-x86_64-linux-gnu.so
[0.639s] -- Up-to-date: /home/kushion/Documents/OpenMantaClaus/install/interfaces/lib/libinterfaces__rosidl_generator_py.so
[0.639s] -- Up-to-date: /home/kushion/Documents/OpenMantaClaus/install/interfaces/share/interfaces/msg/FeatureObservation.idl
[0.639s] -- Up-to-date: /home/kushion/Documents/OpenMantaClaus/install/interfaces/share/interfaces/msg/FeatureObservations.idl
[0.639s] -- Up-to-date: /home/kushion/Documents/OpenMantaClaus/install/interfaces/share/interfaces/msg/TaskStatus.idl
[0.639s] -- Up-to-date: /home/kushion/Documents/OpenMantaClaus/install/interfaces/share/interfaces/srv/Setup.idl
[0.639s] -- Up-to-date: /home/kushion/Documents/OpenMantaClaus/install/interfaces/share/interfaces/srv/TaskCommand.idl
[0.639s] -- Up-to-date: /home/kushion/Documents/OpenMantaClaus/install/interfaces/share/interfaces/srv/TaskComplete.idl
[0.639s] -- Up-to-date: /home/kushion/Documents/OpenMantaClaus/install/interfaces/share/interfaces/msg/FeatureObservation.msg
[0.639s] -- Up-to-date: /home/kushion/Documents/OpenMantaClaus/install/interfaces/share/interfaces/msg/FeatureObservations.msg
[0.640s] -- Up-to-date: /home/kushion/Documents/OpenMantaClaus/install/interfaces/share/interfaces/msg/TaskStatus.msg
[0.640s] -- Up-to-date: /home/kushion/Documents/OpenMantaClaus/install/interfaces/share/interfaces/srv/Setup.srv
[0.640s] -- Up-to-date: /home/kushion/Documents/OpenMantaClaus/install/interfaces/share/interfaces/srv/Setup_Request.msg
[0.640s] -- Up-to-date: /home/kushion/Documents/OpenMantaClaus/install/interfaces/share/interfaces/srv/Setup_Response.msg
[0.640s] -- Up-to-date: /home/kushion/Documents/OpenMantaClaus/install/interfaces/share/interfaces/srv/TaskCommand.srv
[0.640s] -- Up-to-date: /home/kushion/Documents/OpenMantaClaus/install/interfaces/share/interfaces/srv/TaskCommand_Request.msg
[0.640s] -- Up-to-date: /home/kushion/Documents/OpenMantaClaus/install/interfaces/share/interfaces/srv/TaskCommand_Response.msg
[0.640s] -- Up-to-date: /home/kushion/Documents/OpenMantaClaus/install/interfaces/share/interfaces/srv/TaskComplete.srv
[0.640s] -- Up-to-date: /home/kushion/Documents/OpenMantaClaus/install/interfaces/share/interfaces/srv/TaskComplete_Request.msg
[0.640s] -- Up-to-date: /home/kushion/Documents/OpenMantaClaus/install/interfaces/share/interfaces/srv/TaskComplete_Response.msg
[0.640s] -- Up-to-date: /home/kushion/Documents/OpenMantaClaus/install/interfaces/share/ament_index/resource_index/package_run_dependencies/interfaces
[0.640s] -- Up-to-date: /home/kushion/Documents/OpenMantaClaus/install/interfaces/share/ament_index/resource_index/parent_prefix_path/interfaces
[0.641s] -- Up-to-date: /home/kushion/Documents/OpenMantaClaus/install/interfaces/share/interfaces/environment/ament_prefix_path.sh
[0.641s] -- Up-to-date: /home/kushion/Documents/OpenMantaClaus/install/interfaces/share/interfaces/environment/ament_prefix_path.dsv
[0.641s] -- Up-to-date: /home/kushion/Documents/OpenMantaClaus/install/interfaces/share/interfaces/environment/path.sh
[0.641s] -- Up-to-date: /home/kushion/Documents/OpenMantaClaus/install/interfaces/share/interfaces/environment/path.dsv
[0.641s] -- Up-to-date: /home/kushion/Documents/OpenMantaClaus/install/interfaces/share/interfaces/local_setup.bash
[0.641s] -- Up-to-date: /home/kushion/Documents/OpenMantaClaus/install/interfaces/share/interfaces/local_setup.sh
[0.641s] -- Up-to-date: /home/kushion/Documents/OpenMantaClaus/install/interfaces/share/interfaces/local_setup.zsh
[0.641s] -- Up-to-date: /home/kushion/Documents/OpenMantaClaus/install/interfaces/share/interfaces/local_setup.dsv
[0.641s] -- Installing: /home/kushion/Documents/OpenMantaClaus/install/interfaces/share/interfaces/package.dsv
[0.642s] -- Up-to-date: /home/kushion/Documents/OpenMantaClaus/install/interfaces/share/ament_index/resource_index/packages/interfaces
[0.642s] -- Up-to-date: /home/kushion/Documents/OpenMantaClaus/install/interfaces/share/interfaces/cmake/export_interfaces__rosidl_generator_cExport.cmake
[0.642s] -- Up-to-date: /home/kushion/Documents/OpenMantaClaus/install/interfaces/share/interfaces/cmake/export_interfaces__rosidl_generator_cExport-noconfig.cmake
[0.642s] -- Up-to-date: /home/kushion/Documents/OpenMantaClaus/install/interfaces/share/interfaces/cmake/export_interfaces__rosidl_typesupport_fastrtps_cExport.cmake
[0.642s] -- Up-to-date: /home/kushion/Documents/OpenMantaClaus/install/interfaces/share/interfaces/cmake/export_interfaces__rosidl_typesupport_fastrtps_cExport-noconfig.cmake
[0.642s] -- Up-to-date: /home/kushion/Documents/OpenMantaClaus/install/interfaces/share/interfaces/cmake/interfaces__rosidl_typesupport_introspection_cExport.cmake
[0.642s] -- Up-to-date: /home/kushion/Documents/OpenMantaClaus/install/interfaces/share/interfaces/cmake/interfaces__rosidl_typesupport_introspection_cExport-noconfig.cmake
[0.642s] -- Up-to-date: /home/kushion/Documents/OpenMantaClaus/install/interfaces/share/interfaces/cmake/interfaces__rosidl_typesupport_cExport.cmake
[0.642s] -- Up-to-date: /home/kushion/Documents/OpenMantaClaus/install/interfaces/share/interfaces/cmake/interfaces__rosidl_typesupport_cExport-noconfig.cmake
[0.642s] -- Up-to-date: /home/kushion/Documents/OpenMantaClaus/install/interfaces/share/interfaces/cmake/export_interfaces__rosidl_generator_cppExport.cmake
[0.642s] -- Up-to-date: /home/kushion/Documents/OpenMantaClaus/install/interfaces/share/interfaces/cmake/export_interfaces__rosidl_typesupport_fastrtps_cppExport.cmake
[0.642s] -- Up-to-date: /home/kushion/Documents/OpenMantaClaus/install/interfaces/share/interfaces/cmake/export_interfaces__rosidl_typesupport_fastrtps_cppExport-noconfig.cmake
[0.642s] -- Up-to-date: /home/kushion/Documents/OpenMantaClaus/install/interfaces/share/interfaces/cmake/interfaces__rosidl_typesupport_introspection_cppExport.cmake
[0.643s] -- Up-to-date: /home/kushion/Documents/OpenMantaClaus/install/interfaces/share/interfaces/cmake/interfaces__rosidl_typesupport_introspection_cppExport-noconfig.cmake
[0.643s] -- Up-to-date: /home/kushion/Documents/OpenMantaClaus/install/interfaces/share/interfaces/cmake/interfaces__rosidl_typesupport_cppExport.cmake
[0.643s] -- Up-to-date: /home/kushion/Documents/OpenMantaClaus/install/interfaces/share/interfaces/cmake/interfaces__rosidl_typesupport_cppExport-noconfig.cmake
[0.643s] -- Up-to-date: /home/kushion/Documents/OpenMantaClaus/install/interfaces/share/interfaces/cmake/export_interfaces__rosidl_generator_pyExport.cmake
[0.643s] -- Up-to-date: /home/kushion/Documents/OpenMantaClaus/install/interfaces/share/interfaces/cmake/export_interfaces__rosidl_generator_pyExport-noconfig.cmake
[0.643s] -- Up-to-date: /home/kushion/Documents/OpenMantaClaus/install/interfaces/share/interfaces/cmake/rosidl_cmake-extras.cmake
[0.643s] -- Up-to-date: /home/kushion/Documents/OpenMantaClaus/install/interfaces/share/interfaces/cmake/ament_cmake_export_dependencies-extras.cmake
[0.643s] -- Up-to-date: /home/kushion/Documents/OpenMantaClaus/install/interfaces/share/interfaces/cmake/ament_cmake_export_include_directories-extras.cmake
[0.643s] -- Up-to-date: /home/kushion/Documents/OpenMantaClaus/install/interfaces/share/interfaces/cmake/ament_cmake_export_libraries-extras.cmake
[0.643s] -- Up-to-date: /home/kushion/Documents/OpenMantaClaus/install/interfaces/share/interfaces/cmake/ament_cmake_export_targets-extras.cmake
[0.643s] -- Up-to-date: /home/kushion/Documents/OpenMantaClaus/install/interfaces/share/interfaces/cmake/rosidl_cmake_export_typesupport_targets-extras.cmake
[0.643s] -- Up-to-date: /home/kushion/Documents/OpenMantaClaus/install/interfaces/share/interfaces/cmake/rosidl_cmake_export_typesupport_libraries-extras.cmake
[0.643s] -- Up-to-date: /home/kushion/Documents/OpenMantaClaus/install/interfaces/share/interfaces/cmake/interfacesConfig.cmake
[0.644s] -- Up-to-date: /home/kushion/Documents/OpenMantaClaus/install/interfaces/share/interfaces/cmake/interfacesConfig-version.cmake
[0.644s] -- Up-to-date: /home/kushion/Documents/OpenMantaClaus/install/interfaces/share/interfaces/package.xml
[0.649s] Invoked command in '/home/kushion/Documents/OpenMantaClaus/build/interfaces' returned '0': CMAKE_PREFIX_PATH=${CMAKE_PREFIX_PATH}:/home/kushion/Desktop/piles/pile_detection/IsaacSim-ros_workspaces/humble_ws/install/isaac_ros_navigation_goal:/opt/ros/humble /usr/bin/cmake --install /home/kushion/Documents/OpenMantaClaus/build/interfaces
